******************************************************************************
                  MSP430 Linker PC v4.4.3                      
******************************************************************************
>> Linked Wed Dec 09 12:00:11 2015

OUTPUT FILE NAME:   <ECE3430-Final-Project.out>
ENTRY POINT SYMBOL: "_c_int00_noargs_noexit"  address: 0000d4a8


MEMORY CONFIGURATION

         name            origin    length      used     unused   attr    fill
----------------------  --------  ---------  --------  --------  ----  --------
  SFR                   00000000   00000010  00000000  00000010  RWIX
  PERIPHERALS_8BIT      00000010   000000f0  00000000  000000f0  RWIX
  PERIPHERALS_16BIT     00000100   00000100  00000000  00000100  RWIX
  RAM                   00000200   00000200  0000010c  000000f4  RWIX
  INFOD                 00001000   00000040  00000000  00000040  RWIX
  INFOC                 00001040   00000040  00000000  00000040  RWIX
  INFOB                 00001080   00000040  00000000  00000040  RWIX
  INFOA                 000010c0   00000040  00000000  00000040  RWIX
  FLASH                 0000c000   00003fe0  000016f2  000028ee  RWIX
  INT00                 0000ffe0   00000002  00000002  00000000  RWIX
  INT01                 0000ffe2   00000002  00000000  00000002  RWIX
  INT02                 0000ffe4   00000002  00000002  00000000  RWIX
  INT03                 0000ffe6   00000002  00000002  00000000  RWIX
  INT04                 0000ffe8   00000002  00000000  00000002  RWIX
  INT05                 0000ffea   00000002  00000002  00000000  RWIX
  INT06                 0000ffec   00000002  00000002  00000000  RWIX
  INT07                 0000ffee   00000002  00000002  00000000  RWIX
  INT08                 0000fff0   00000002  00000002  00000000  RWIX
  INT09                 0000fff2   00000002  00000002  00000000  RWIX
  INT10                 0000fff4   00000002  00000002  00000000  RWIX
  INT11                 0000fff6   00000002  00000002  00000000  RWIX
  INT12                 0000fff8   00000002  00000002  00000000  RWIX
  INT13                 0000fffa   00000002  00000002  00000000  RWIX
  INT14                 0000fffc   00000002  00000002  00000000  RWIX
  RESET                 0000fffe   00000002  00000002  00000000  RWIX


SECTION ALLOCATION MAP

 output                                  attributes/
section   page    origin      length       input sections
--------  ----  ----------  ----------   ----------------
.bss       0    00000200    000000b0     UNINITIALIZED
                  00000200    00000030     (.common:GameObj)
                  00000230    00000014     (.common:calc)
                  00000244    00000010     (.common:XBuffer)
                  00000254    00000010     (.common:YBuffer)
                  00000264    00000010     (.common:ZBuffer)
                  00000274    0000000e     (.common:gPushButton)
                  00000282    00000002     (.common:LEDDir)
                  00000284    00000002     (.common:TimeStamp)
                  00000286    00000002     (.common:X0)
                  00000288    00000002     (.common:XAvg)
                  0000028a    00000002     (.common:XMax)
                  0000028c    00000002     (.common:XMin)
                  0000028e    00000002     (.common:XSum)
                  00000290    00000002     (.common:Y0)
                  00000292    00000002     (.common:YAvg)
                  00000294    00000002     (.common:YMax)
                  00000296    00000002     (.common:YMin)
                  00000298    00000002     (.common:YSum)
                  0000029a    00000002     (.common:Z0)
                  0000029c    00000002     (.common:ZAvg)
                  0000029e    00000002     (.common:ZMax)
                  000002a0    00000002     (.common:ZMin)
                  000002a2    00000002     (.common:ZSum)
                  000002a4    00000002     (.common:g1mSTimer)
                  000002a6    00000002     (.common:gButtonPresses)
                  000002a8    00000002     (.common:index)
                  000002aa    00000002     (.common:myCalibrationState)
                  000002ac    00000002     (.common:phi)
                  000002ae    00000002     (.common:theta)

.data      0    000002b0    0000000c     UNINITIALIZED
                  000002b0    00000006     adc_accel.obj (.data:adc)
                  000002b6    00000006     adc_accel.obj (.data)

.TI.persistent 
*          0    000002b0    00000000     UNINITIALIZED

.stack     0    000003b0    00000050     UNINITIALIZED
                  000003b0    00000002     rts430_eabi.lib : boot.obj (.stack)
                  000003b2    0000004e     --HOLE--

.text      0    0000c000    000015da     
                  0000c000    000002f4     rts430_eabi.lib : frcmpyd.obj (.text:__TI_frcmpyd)
                  0000c2f4    0000026e                     : mpyd.obj (.text:__mspabi_mpyd)
                  0000c562    00000162     cordic.obj (.text:calculateArcHypXY)
                  0000c6c4    00000154     cordic.obj (.text:calculateArcHypZ)
                  0000c818    0000013e     memory_game.obj (.text:receiveUserInput)
                  0000c956    00000120     memory_game.obj (.text:loseGame)
                  0000ca76    000000c0     memory_game.obj (.text:update)
                  0000cb36    000000a2     debounce.obj (.text:Debouncer)
                  0000cbd8    000000a2     rts430_eabi.lib : fltlid.obj (.text:__mspabi_fltlid)
                  0000cc7a    0000008a     led_accel.obj (.text:BlinkLEDs)
                  0000cd04    00000072     rts430_eabi.lib : fixdli.obj (.text:__mspabi_fixdli)
                  0000cd76    0000006e     adc_accel.obj (.text:Filter)
                  0000cde4    00000064     rts430_eabi.lib : copy_decompress_rle.obj (.text:__TI_decompress_rle_core)
                  0000ce48    0000005c                     : lsr32.obj (.text:l_lsr_const)
                  0000cea4    0000005a     led_accel.obj (.text:DetermineDirection)
                  0000cefe    00000058     init.obj (.text:InitGame)
                  0000cf56    00000058     rts430_eabi.lib : autoinit.obj (.text:_auto_init)
                  0000cfae    0000004e     led_accel.obj (.text:IndicateLED)
                  0000cffc    0000004c     rts430_eabi.lib : lsr16.obj (.text)
                  0000d048    00000048     led_accel.obj (.text:StoreValue)
                  0000d090    00000042     led_accel.obj (.text:StartCalibration)
                  0000d0d2    00000040     led_accel.obj (.text:LightLEDsByDirection)
                  0000d112    0000003e     rts430_eabi.lib : asr32.obj (.text:l_asr_const)
                  0000d150    0000003e                     : lsl32.obj (.text:l_lsl_const)
                  0000d18e    0000003a     memory_game.obj (.text:displayPattern)
                  0000d1c8    00000038     led_accel.obj (.text:GetNextCalibrationState)
                  0000d200    00000034     led_accel.obj (.text:Send8Bits)
                  0000d234    00000030     adc_accel.obj (.text:ReadADC)
                  0000d264    0000002c     led_accel.obj (.text:CalculateZeros)
                  0000d290    0000002c     adc_accel.obj (.text:ComputeAverage)
                  0000d2bc    0000002c     rts430_eabi.lib : asr16.obj (.text)
                  0000d2e8    0000002c                     : lsl16.obj (.text)
                  0000d314    0000002a     main.obj (.text:main)
                  0000d33e    00000028     init.obj (.text:InitTimerSystem)
                  0000d366    00000026     adc_accel.obj (.text:ConfigureADC)
                  0000d38c    00000026     init.obj (.text:InitializeVariables)
                  0000d3b2    00000026     rts430_eabi.lib : mult32.obj (.text)
                  0000d3d8    00000022     debounce.obj (.text:CheckDebounceTime)
                  0000d3fa    00000022     main.obj (.text:TimerA0_routine)
                  0000d41c    00000020     init.obj (.text:InitPorts)
                  0000d43c    0000001c     debounce.obj (.text:GetSwitch)
                  0000d458    0000001c     init.obj (.text:InitializeHardware)
                  0000d474    0000001a     led_accel.obj (.text:WaitHighButton)
                  0000d48e    0000001a     led_accel.obj (.text:WaitLowButton)
                  0000d4a8    0000001a     rts430_eabi.lib : boot_special.obj (.text:_c_int00_noargs_noexit)
                  0000d4c2    0000001a     memory_game.obj (.text:checkInput)
                  0000d4dc    00000016     init.obj (.text:InitLEDDisplay)
                  0000d4f2    00000016     rts430_eabi.lib : div16u.obj (.text)
                  0000d508    00000014                     : copy_zero_init.obj (.text:decompress:ZI:__TI_zero_init)
                  0000d51c    00000014                     : mult16.obj (.text)
                  0000d530    00000012                     : copy_decompress_none.obj (.text:decompress:none:__TI_decompress_none)
                  0000d542    00000012                     : lsr32.obj (.text:l_lsr)
                  0000d554    00000012                     : memcpy.obj (.text:memcpy)
                  0000d566    00000012     memory_game.obj (.text:startGame)
                  0000d578    00000010     rts430_eabi.lib : asr32.obj (.text:l_asr)
                  0000d588    00000010                     : epilog.obj (.text)
                  0000d598    0000000e     led_accel.obj (.text:LightLED)
                  0000d5a6    0000000e     main.obj (.text:TimerA1_routine)
                  0000d5b4    0000000a     memory_game.obj (.text:winGame)
                  0000d5be    00000008     init.obj (.text:InitLEDState)
                  0000d5c6    00000006     rts430_eabi.lib : isr_trap.obj (.text:_isr:__TI_ISR_TRAP)
                  0000d5cc    00000006                     : copy_decompress_rle.obj (.text:decompress:rle24:__TI_decompress_rle24)
                  0000d5d2    00000004                     : pre_init.obj (.text:_system_pre_init)
                  0000d5d6    00000004                     : exit.obj (.text:abort)

.const     0    0000d5da    000000fc     
                  0000d5da    000000c8     init.obj (.const:gamePatterns)
                  0000d6a2    00000020     cordic.obj (.const:table)
                  0000d6c2    00000014     init.obj (.const:userInitialPattern)

.cinit     0    0000d6d6    0000001c     
                  0000d6d6    00000009     (.cinit..data.load) [load image, compression = rle]
                  0000d6df    00000001     --HOLE-- [fill = 0]
                  0000d6e0    00000006     (__TI_handler_table)
                  0000d6e6    00000004     (.cinit..bss.load) [load image, compression = zero_init]
                  0000d6ea    00000008     (__TI_cinit_table)

.init_array 
*          0    0000c000    00000000     UNINITIALIZED

TRAPINT    0    0000ffe0    00000002     
                  0000ffe0    00000002     rts430_eabi.lib : int00.obj (.int00)

PORT1      0    0000ffe4    00000002     
                  0000ffe4    00000002     rts430_eabi.lib : int02.obj (.int02)

PORT2      0    0000ffe6    00000002     
                  0000ffe6    00000002     rts430_eabi.lib : int03.obj (.int03)

ADC10      0    0000ffea    00000002     
                  0000ffea    00000002     rts430_eabi.lib : int05.obj (.int05)

USCIAB0TX 
*          0    0000ffec    00000002     
                  0000ffec    00000002     rts430_eabi.lib : int06.obj (.int06)

USCIAB0RX 
*          0    0000ffee    00000002     
                  0000ffee    00000002     rts430_eabi.lib : int07.obj (.int07)

TIMER0_A1 
*          0    0000fff0    00000002     
                  0000fff0    00000002     main.obj (.int08)

TIMER0_A0 
*          0    0000fff2    00000002     
                  0000fff2    00000002     main.obj (.int09)

WDT        0    0000fff4    00000002     
                  0000fff4    00000002     rts430_eabi.lib : int10.obj (.int10)

COMPARATORA 
*          0    0000fff6    00000002     
                  0000fff6    00000002     rts430_eabi.lib : int11.obj (.int11)

TIMER1_A1 
*          0    0000fff8    00000002     
                  0000fff8    00000002     rts430_eabi.lib : int12.obj (.int12)

TIMER1_A0 
*          0    0000fffa    00000002     
                  0000fffa    00000002     rts430_eabi.lib : int13.obj (.int13)

NMI        0    0000fffc    00000002     
                  0000fffc    00000002     rts430_eabi.lib : int14.obj (.int14)

.reset     0    0000fffe    00000002     
                  0000fffe    00000002     rts430_eabi.lib : boot.obj (.reset)


LINKER GENERATED COPY TABLES

__TI_cinit_table @ 0000d6ea records: 2, size/record: 4, table size: 8
	.data: load addr=0000d6d6, load size=00000009 bytes, run addr=000002b0, run size=0000000c bytes, compression=rle
	.bss: load addr=0000d6e6, load size=00000004 bytes, run addr=00000200, run size=000000b0 bytes, compression=zero_init


LINKER GENERATED HANDLER TABLE

__TI_handler_table @ 0000d6e0 records: 3, size/record: 2, table size: 6
	index: 0, handler: __TI_zero_init
	index: 1, handler: __TI_decompress_rle24
	index: 2, handler: __TI_decompress_none


GLOBAL SYMBOLS: SORTED ALPHABETICALLY BY Name 

address   name                    
-------   ----                    
0000004a  ADC10AE0                
000001b0  ADC10CTL0               
000001b2  ADC10CTL1               
00000048  ADC10DTC0               
00000049  ADC10DTC1               
000001b4  ADC10MEM                
000001bc  ADC10SA                 
00000057  BCSCTL1                 
00000058  BCSCTL2                 
00000053  BCSCTL3                 
0000cc7a  BlinkLEDs               
0000d5d6  C$$EXIT                 
00000059  CACTL1                  
0000005a  CACTL2                  
000010fb  CALBC1_12MHZ            
000010f9  CALBC1_16MHZ            
000010ff  CALBC1_1MHZ             
000010fd  CALBC1_8MHZ             
000010fa  CALDCO_12MHZ            
000010f8  CALDCO_16MHZ            
000010fe  CALDCO_1MHZ             
000010fc  CALDCO_8MHZ             
0000005b  CAPD                    
0000d264  CalculateZeros          
0000d3d8  CheckDebounceTime       
0000d290  ComputeAverage          
0000d366  ConfigureADC            
00000056  DCOCTL                  
0000cb36  Debouncer               
0000cea4  DetermineDirection      
00000128  FCTL1                   
0000012a  FCTL2                   
0000012c  FCTL3                   
0000cd76  Filter                  
00000200  GameObj                 
0000d1c8  GetNextCalibrationState 
0000d43c  GetSwitch               
00000000  IE1                     
00000001  IE2                     
00000002  IFG1                    
00000003  IFG2                    
0000cfae  IndicateLED             
0000cefe  InitGame                
0000d4dc  InitLEDDisplay          
0000d5be  InitLEDState            
0000d41c  InitPorts               
0000d33e  InitTimerSystem         
0000d458  InitializeHardware      
0000d38c  InitializeVariables     
00000282  LEDDir                  
0000d598  LightLED                
0000d0d2  LightLEDsByDirection    
00000022  P1DIR                   
00000025  P1IE                    
00000024  P1IES                   
00000023  P1IFG                   
00000020  P1IN                    
00000021  P1OUT                   
00000027  P1REN                   
00000026  P1SEL                   
00000041  P1SEL2                  
0000002a  P2DIR                   
0000002d  P2IE                    
0000002c  P2IES                   
0000002b  P2IFG                   
00000028  P2IN                    
00000029  P2OUT                   
0000002f  P2REN                   
0000002e  P2SEL                   
00000042  P2SEL2                  
0000001a  P3DIR                   
00000018  P3IN                    
00000019  P3OUT                   
00000010  P3REN                   
0000001b  P3SEL                   
00000043  P3SEL2                  
0000d234  ReadADC                 
0000d200  Send8Bits               
0000d090  StartCalibration        
0000d048  StoreValue              
00000172  TA0CCR0                 
00000174  TA0CCR1                 
00000176  TA0CCR2                 
00000162  TA0CCTL0                
00000164  TA0CCTL1                
00000166  TA0CCTL2                
00000160  TA0CTL                  
0000012e  TA0IV                   
00000170  TA0R                    
00000192  TA1CCR0                 
00000194  TA1CCR1                 
00000196  TA1CCR2                 
00000182  TA1CCTL0                
00000184  TA1CCTL1                
00000186  TA1CCTL2                
00000180  TA1CTL                  
0000011e  TA1IV                   
00000190  TA1R                    
000010db  TLV_ADC10_1_LEN         
000010da  TLV_ADC10_1_TAG         
000010c0  TLV_CHECKSUM            
000010f7  TLV_DCO_30_LEN          
000010f6  TLV_DCO_30_TAG          
00000284  TimeStamp               
0000d3fa  TimerA0_routine         
0000d5a6  TimerA1_routine         
0000005d  UCA0ABCTL               
00000062  UCA0BR0                 
00000063  UCA0BR1                 
00000060  UCA0CTL0                
00000061  UCA0CTL1                
0000005f  UCA0IRRCTL              
0000005e  UCA0IRTCTL              
00000064  UCA0MCTL                
00000066  UCA0RXBUF               
00000065  UCA0STAT                
00000067  UCA0TXBUF               
0000006a  UCB0BR0                 
0000006b  UCB0BR1                 
00000068  UCB0CTL0                
00000069  UCB0CTL1                
0000006c  UCB0I2CIE               
00000118  UCB0I2COA               
0000011a  UCB0I2CSA               
0000006e  UCB0RXBUF               
0000006d  UCB0STAT                
0000006f  UCB0TXBUF               
00000120  WDTCTL                  
0000d474  WaitHighButton          
0000d48e  WaitLowButton           
00000286  X0                      
00000288  XAvg                    
00000244  XBuffer                 
0000028a  XMax                    
0000028c  XMin                    
0000028e  XSum                    
000002b6  X_Axis                  
00000290  Y0                      
00000292  YAvg                    
00000254  YBuffer                 
00000294  YMax                    
00000296  YMin                    
00000298  YSum                    
000002b8  Y_Axis                  
0000029a  Z0                      
0000029c  ZAvg                    
00000264  ZBuffer                 
0000029e  ZMax                    
000002a0  ZMin                    
000002a2  ZSum                    
000002ba  Z_Axis                  
00000400  __STACK_END             
00000050  __STACK_SIZE            
0000d6ea  __TI_CINIT_Base         
0000d6f2  __TI_CINIT_Limit        
0000d6e0  __TI_Handler_Table_Base 
0000d6e6  __TI_Handler_Table_Limit
UNDEFED   __TI_INITARRAY_Base     
UNDEFED   __TI_INITARRAY_Limit    
0000d5c6  __TI_ISR_TRAP           
0000d530  __TI_decompress_none    
0000d5cc  __TI_decompress_rle24   
0000c000  __TI_frcmpyd            
0000ffe0  __TI_int00              
0000ffe4  __TI_int02              
0000ffe6  __TI_int03              
0000ffea  __TI_int05              
0000ffec  __TI_int06              
0000ffee  __TI_int07              
0000fff0  __TI_int08              
0000fff2  __TI_int09              
0000fff4  __TI_int10              
0000fff6  __TI_int11              
0000fff8  __TI_int12              
0000fffa  __TI_int13              
0000fffc  __TI_int14              
0000d508  __TI_zero_init          
ffffffff  __binit__               
ffffffff  __c_args__              
0000d4f2  __mspabi_divu           
0000cd04  __mspabi_fixdli         
0000cbd8  __mspabi_fltlid         
0000d594  __mspabi_func_epilog_1  
0000d592  __mspabi_func_epilog_2  
0000d590  __mspabi_func_epilog_3  
0000d58e  __mspabi_func_epilog_4  
0000d58c  __mspabi_func_epilog_5  
0000d58a  __mspabi_func_epilog_6  
0000d588  __mspabi_func_epilog_7  
0000c2f4  __mspabi_mpyd           
0000d51c  __mspabi_mpyi           
0000d51c  __mspabi_mpyi_sw        
0000d3b2  __mspabi_mpyl           
0000d3b2  __mspabi_mpyl_sw        
0000d4f2  __mspabi_remu           
0000d2e8  __mspabi_slli           
0000d310  __mspabi_slli_1         
0000d2fe  __mspabi_slli_10        
0000d2fc  __mspabi_slli_11        
0000d2fa  __mspabi_slli_12        
0000d2f8  __mspabi_slli_13        
0000d2f6  __mspabi_slli_14        
0000d2f4  __mspabi_slli_15        
0000d30e  __mspabi_slli_2         
0000d30c  __mspabi_slli_3         
0000d30a  __mspabi_slli_4         
0000d308  __mspabi_slli_5         
0000d306  __mspabi_slli_6         
0000d304  __mspabi_slli_7         
0000d302  __mspabi_slli_8         
0000d300  __mspabi_slli_9         
0000d188  __mspabi_slll_1         
0000d164  __mspabi_slll_10        
0000d160  __mspabi_slll_11        
0000d15c  __mspabi_slll_12        
0000d158  __mspabi_slll_13        
0000d154  __mspabi_slll_14        
0000d150  __mspabi_slll_15        
0000d184  __mspabi_slll_2         
0000d180  __mspabi_slll_3         
0000d17c  __mspabi_slll_4         
0000d178  __mspabi_slll_5         
0000d174  __mspabi_slll_6         
0000d170  __mspabi_slll_7         
0000d16c  __mspabi_slll_8         
0000d168  __mspabi_slll_9         
0000d2bc  __mspabi_srai           
0000d2e4  __mspabi_srai_1         
0000d2d2  __mspabi_srai_10        
0000d2d0  __mspabi_srai_11        
0000d2ce  __mspabi_srai_12        
0000d2cc  __mspabi_srai_13        
0000d2ca  __mspabi_srai_14        
0000d2c8  __mspabi_srai_15        
0000d2e2  __mspabi_srai_2         
0000d2e0  __mspabi_srai_3         
0000d2de  __mspabi_srai_4         
0000d2dc  __mspabi_srai_5         
0000d2da  __mspabi_srai_6         
0000d2d8  __mspabi_srai_7         
0000d2d6  __mspabi_srai_8         
0000d2d4  __mspabi_srai_9         
0000d578  __mspabi_sral           
0000d14a  __mspabi_sral_1         
0000d126  __mspabi_sral_10        
0000d122  __mspabi_sral_11        
0000d11e  __mspabi_sral_12        
0000d11a  __mspabi_sral_13        
0000d116  __mspabi_sral_14        
0000d112  __mspabi_sral_15        
0000d146  __mspabi_sral_2         
0000d142  __mspabi_sral_3         
0000d13e  __mspabi_sral_4         
0000d13a  __mspabi_sral_5         
0000d136  __mspabi_sral_6         
0000d132  __mspabi_sral_7         
0000d12e  __mspabi_sral_8         
0000d12a  __mspabi_sral_9         
0000cffc  __mspabi_srli           
0000d042  __mspabi_srli_1         
0000d01e  __mspabi_srli_10        
0000d01a  __mspabi_srli_11        
0000d016  __mspabi_srli_12        
0000d012  __mspabi_srli_13        
0000d00e  __mspabi_srli_14        
0000d00a  __mspabi_srli_15        
0000d03e  __mspabi_srli_2         
0000d03a  __mspabi_srli_3         
0000d036  __mspabi_srli_4         
0000d032  __mspabi_srli_5         
0000d02e  __mspabi_srli_6         
0000d02a  __mspabi_srli_7         
0000d026  __mspabi_srli_8         
0000d022  __mspabi_srli_9         
0000d542  __mspabi_srll           
0000ce9c  __mspabi_srll_1         
0000ce66  __mspabi_srll_10        
0000ce60  __mspabi_srll_11        
0000ce5a  __mspabi_srll_12        
0000ce54  __mspabi_srll_13        
0000ce4e  __mspabi_srll_14        
0000ce48  __mspabi_srll_15        
0000ce96  __mspabi_srll_2         
0000ce90  __mspabi_srll_3         
0000ce8a  __mspabi_srll_4         
0000ce84  __mspabi_srll_5         
0000ce7e  __mspabi_srll_6         
0000ce78  __mspabi_srll_7         
0000ce72  __mspabi_srll_8         
0000ce6c  __mspabi_srll_9         
0000cf56  _auto_init              
0000d4a8  _c_int00_noargs_noexit  
0000fffe  _reset_vector           
000003b0  _stack                  
0000d5d2  _system_pre_init        
0000d5d6  abort                   
000002b0  adc                     
ffffffff  binit                   
00000230  calc                    
0000c562  calculateArcHypXY       
0000c6c4  calculateArcHypZ        
0000d4c2  checkInput              
0000d18e  displayPattern          
000002a4  g1mSTimer               
000002a6  gButtonPresses          
00000274  gPushButton             
0000d5da  gamePatterns            
000002a8  index                   
0000c956  loseGame                
0000d314  main                    
0000d554  memcpy                  
000002aa  myCalibrationState      
000002ac  phi                     
0000c818  receiveUserInput        
0000d566  startGame               
0000d6a2  table                   
000002ae  theta                   
0000ca76  update                  
0000d6c2  userInitialPattern      
0000d5b4  winGame                 


GLOBAL SYMBOLS: SORTED BY Symbol Address 

address   name                    
-------   ----                    
00000000  IE1                     
00000001  IE2                     
00000002  IFG1                    
00000003  IFG2                    
00000010  P3REN                   
00000018  P3IN                    
00000019  P3OUT                   
0000001a  P3DIR                   
0000001b  P3SEL                   
00000020  P1IN                    
00000021  P1OUT                   
00000022  P1DIR                   
00000023  P1IFG                   
00000024  P1IES                   
00000025  P1IE                    
00000026  P1SEL                   
00000027  P1REN                   
00000028  P2IN                    
00000029  P2OUT                   
0000002a  P2DIR                   
0000002b  P2IFG                   
0000002c  P2IES                   
0000002d  P2IE                    
0000002e  P2SEL                   
0000002f  P2REN                   
00000041  P1SEL2                  
00000042  P2SEL2                  
00000043  P3SEL2                  
00000048  ADC10DTC0               
00000049  ADC10DTC1               
0000004a  ADC10AE0                
00000050  __STACK_SIZE            
00000053  BCSCTL3                 
00000056  DCOCTL                  
00000057  BCSCTL1                 
00000058  BCSCTL2                 
00000059  CACTL1                  
0000005a  CACTL2                  
0000005b  CAPD                    
0000005d  UCA0ABCTL               
0000005e  UCA0IRTCTL              
0000005f  UCA0IRRCTL              
00000060  UCA0CTL0                
00000061  UCA0CTL1                
00000062  UCA0BR0                 
00000063  UCA0BR1                 
00000064  UCA0MCTL                
00000065  UCA0STAT                
00000066  UCA0RXBUF               
00000067  UCA0TXBUF               
00000068  UCB0CTL0                
00000069  UCB0CTL1                
0000006a  UCB0BR0                 
0000006b  UCB0BR1                 
0000006c  UCB0I2CIE               
0000006d  UCB0STAT                
0000006e  UCB0RXBUF               
0000006f  UCB0TXBUF               
00000118  UCB0I2COA               
0000011a  UCB0I2CSA               
0000011e  TA1IV                   
00000120  WDTCTL                  
00000128  FCTL1                   
0000012a  FCTL2                   
0000012c  FCTL3                   
0000012e  TA0IV                   
00000160  TA0CTL                  
00000162  TA0CCTL0                
00000164  TA0CCTL1                
00000166  TA0CCTL2                
00000170  TA0R                    
00000172  TA0CCR0                 
00000174  TA0CCR1                 
00000176  TA0CCR2                 
00000180  TA1CTL                  
00000182  TA1CCTL0                
00000184  TA1CCTL1                
00000186  TA1CCTL2                
00000190  TA1R                    
00000192  TA1CCR0                 
00000194  TA1CCR1                 
00000196  TA1CCR2                 
000001b0  ADC10CTL0               
000001b2  ADC10CTL1               
000001b4  ADC10MEM                
000001bc  ADC10SA                 
00000200  GameObj                 
00000230  calc                    
00000244  XBuffer                 
00000254  YBuffer                 
00000264  ZBuffer                 
00000274  gPushButton             
00000282  LEDDir                  
00000284  TimeStamp               
00000286  X0                      
00000288  XAvg                    
0000028a  XMax                    
0000028c  XMin                    
0000028e  XSum                    
00000290  Y0                      
00000292  YAvg                    
00000294  YMax                    
00000296  YMin                    
00000298  YSum                    
0000029a  Z0                      
0000029c  ZAvg                    
0000029e  ZMax                    
000002a0  ZMin                    
000002a2  ZSum                    
000002a4  g1mSTimer               
000002a6  gButtonPresses          
000002a8  index                   
000002aa  myCalibrationState      
000002ac  phi                     
000002ae  theta                   
000002b0  adc                     
000002b6  X_Axis                  
000002b8  Y_Axis                  
000002ba  Z_Axis                  
000003b0  _stack                  
00000400  __STACK_END             
000010c0  TLV_CHECKSUM            
000010da  TLV_ADC10_1_TAG         
000010db  TLV_ADC10_1_LEN         
000010f6  TLV_DCO_30_TAG          
000010f7  TLV_DCO_30_LEN          
000010f8  CALDCO_16MHZ            
000010f9  CALBC1_16MHZ            
000010fa  CALDCO_12MHZ            
000010fb  CALBC1_12MHZ            
000010fc  CALDCO_8MHZ             
000010fd  CALBC1_8MHZ             
000010fe  CALDCO_1MHZ             
000010ff  CALBC1_1MHZ             
0000c000  __TI_frcmpyd            
0000c2f4  __mspabi_mpyd           
0000c562  calculateArcHypXY       
0000c6c4  calculateArcHypZ        
0000c818  receiveUserInput        
0000c956  loseGame                
0000ca76  update                  
0000cb36  Debouncer               
0000cbd8  __mspabi_fltlid         
0000cc7a  BlinkLEDs               
0000cd04  __mspabi_fixdli         
0000cd76  Filter                  
0000ce48  __mspabi_srll_15        
0000ce4e  __mspabi_srll_14        
0000ce54  __mspabi_srll_13        
0000ce5a  __mspabi_srll_12        
0000ce60  __mspabi_srll_11        
0000ce66  __mspabi_srll_10        
0000ce6c  __mspabi_srll_9         
0000ce72  __mspabi_srll_8         
0000ce78  __mspabi_srll_7         
0000ce7e  __mspabi_srll_6         
0000ce84  __mspabi_srll_5         
0000ce8a  __mspabi_srll_4         
0000ce90  __mspabi_srll_3         
0000ce96  __mspabi_srll_2         
0000ce9c  __mspabi_srll_1         
0000cea4  DetermineDirection      
0000cefe  InitGame                
0000cf56  _auto_init              
0000cfae  IndicateLED             
0000cffc  __mspabi_srli           
0000d00a  __mspabi_srli_15        
0000d00e  __mspabi_srli_14        
0000d012  __mspabi_srli_13        
0000d016  __mspabi_srli_12        
0000d01a  __mspabi_srli_11        
0000d01e  __mspabi_srli_10        
0000d022  __mspabi_srli_9         
0000d026  __mspabi_srli_8         
0000d02a  __mspabi_srli_7         
0000d02e  __mspabi_srli_6         
0000d032  __mspabi_srli_5         
0000d036  __mspabi_srli_4         
0000d03a  __mspabi_srli_3         
0000d03e  __mspabi_srli_2         
0000d042  __mspabi_srli_1         
0000d048  StoreValue              
0000d090  StartCalibration        
0000d0d2  LightLEDsByDirection    
0000d112  __mspabi_sral_15        
0000d116  __mspabi_sral_14        
0000d11a  __mspabi_sral_13        
0000d11e  __mspabi_sral_12        
0000d122  __mspabi_sral_11        
0000d126  __mspabi_sral_10        
0000d12a  __mspabi_sral_9         
0000d12e  __mspabi_sral_8         
0000d132  __mspabi_sral_7         
0000d136  __mspabi_sral_6         
0000d13a  __mspabi_sral_5         
0000d13e  __mspabi_sral_4         
0000d142  __mspabi_sral_3         
0000d146  __mspabi_sral_2         
0000d14a  __mspabi_sral_1         
0000d150  __mspabi_slll_15        
0000d154  __mspabi_slll_14        
0000d158  __mspabi_slll_13        
0000d15c  __mspabi_slll_12        
0000d160  __mspabi_slll_11        
0000d164  __mspabi_slll_10        
0000d168  __mspabi_slll_9         
0000d16c  __mspabi_slll_8         
0000d170  __mspabi_slll_7         
0000d174  __mspabi_slll_6         
0000d178  __mspabi_slll_5         
0000d17c  __mspabi_slll_4         
0000d180  __mspabi_slll_3         
0000d184  __mspabi_slll_2         
0000d188  __mspabi_slll_1         
0000d18e  displayPattern          
0000d1c8  GetNextCalibrationState 
0000d200  Send8Bits               
0000d234  ReadADC                 
0000d264  CalculateZeros          
0000d290  ComputeAverage          
0000d2bc  __mspabi_srai           
0000d2c8  __mspabi_srai_15        
0000d2ca  __mspabi_srai_14        
0000d2cc  __mspabi_srai_13        
0000d2ce  __mspabi_srai_12        
0000d2d0  __mspabi_srai_11        
0000d2d2  __mspabi_srai_10        
0000d2d4  __mspabi_srai_9         
0000d2d6  __mspabi_srai_8         
0000d2d8  __mspabi_srai_7         
0000d2da  __mspabi_srai_6         
0000d2dc  __mspabi_srai_5         
0000d2de  __mspabi_srai_4         
0000d2e0  __mspabi_srai_3         
0000d2e2  __mspabi_srai_2         
0000d2e4  __mspabi_srai_1         
0000d2e8  __mspabi_slli           
0000d2f4  __mspabi_slli_15        
0000d2f6  __mspabi_slli_14        
0000d2f8  __mspabi_slli_13        
0000d2fa  __mspabi_slli_12        
0000d2fc  __mspabi_slli_11        
0000d2fe  __mspabi_slli_10        
0000d300  __mspabi_slli_9         
0000d302  __mspabi_slli_8         
0000d304  __mspabi_slli_7         
0000d306  __mspabi_slli_6         
0000d308  __mspabi_slli_5         
0000d30a  __mspabi_slli_4         
0000d30c  __mspabi_slli_3         
0000d30e  __mspabi_slli_2         
0000d310  __mspabi_slli_1         
0000d314  main                    
0000d33e  InitTimerSystem         
0000d366  ConfigureADC            
0000d38c  InitializeVariables     
0000d3b2  __mspabi_mpyl           
0000d3b2  __mspabi_mpyl_sw        
0000d3d8  CheckDebounceTime       
0000d3fa  TimerA0_routine         
0000d41c  InitPorts               
0000d43c  GetSwitch               
0000d458  InitializeHardware      
0000d474  WaitHighButton          
0000d48e  WaitLowButton           
0000d4a8  _c_int00_noargs_noexit  
0000d4c2  checkInput              
0000d4dc  InitLEDDisplay          
0000d4f2  __mspabi_divu           
0000d4f2  __mspabi_remu           
0000d508  __TI_zero_init          
0000d51c  __mspabi_mpyi           
0000d51c  __mspabi_mpyi_sw        
0000d530  __TI_decompress_none    
0000d542  __mspabi_srll           
0000d554  memcpy                  
0000d566  startGame               
0000d578  __mspabi_sral           
0000d588  __mspabi_func_epilog_7  
0000d58a  __mspabi_func_epilog_6  
0000d58c  __mspabi_func_epilog_5  
0000d58e  __mspabi_func_epilog_4  
0000d590  __mspabi_func_epilog_3  
0000d592  __mspabi_func_epilog_2  
0000d594  __mspabi_func_epilog_1  
0000d598  LightLED                
0000d5a6  TimerA1_routine         
0000d5b4  winGame                 
0000d5be  InitLEDState            
0000d5c6  __TI_ISR_TRAP           
0000d5cc  __TI_decompress_rle24   
0000d5d2  _system_pre_init        
0000d5d6  C$$EXIT                 
0000d5d6  abort                   
0000d5da  gamePatterns            
0000d6a2  table                   
0000d6c2  userInitialPattern      
0000d6e0  __TI_Handler_Table_Base 
0000d6e6  __TI_Handler_Table_Limit
0000d6ea  __TI_CINIT_Base         
0000d6f2  __TI_CINIT_Limit        
0000ffe0  __TI_int00              
0000ffe4  __TI_int02              
0000ffe6  __TI_int03              
0000ffea  __TI_int05              
0000ffec  __TI_int06              
0000ffee  __TI_int07              
0000fff0  __TI_int08              
0000fff2  __TI_int09              
0000fff4  __TI_int10              
0000fff6  __TI_int11              
0000fff8  __TI_int12              
0000fffa  __TI_int13              
0000fffc  __TI_int14              
0000fffe  _reset_vector           
ffffffff  __binit__               
ffffffff  __c_args__              
ffffffff  binit                   
UNDEFED   __TI_INITARRAY_Base     
UNDEFED   __TI_INITARRAY_Limit    

[320 symbols]
