******************************************************************************
                  MSP430 Linker PC v4.4.3                      
******************************************************************************
>> Linked Tue Dec 08 10:03:31 2015

OUTPUT FILE NAME:   <ECE3430-Final-Project.out>
ENTRY POINT SYMBOL: "_c_int00_noargs_noexit"  address: 0000d3ec


MEMORY CONFIGURATION

         name            origin    length      used     unused   attr    fill
----------------------  --------  ---------  --------  --------  ----  --------
  SFR                   00000000   00000010  00000000  00000010  RWIX
  PERIPHERALS_8BIT      00000010   000000f0  00000000  000000f0  RWIX
  PERIPHERALS_16BIT     00000100   00000100  00000000  00000100  RWIX
  RAM                   00000200   00000200  0000010a  000000f6  RWIX
  INFOD                 00001000   00000040  00000000  00000040  RWIX
  INFOC                 00001040   00000040  00000000  00000040  RWIX
  INFOB                 00001080   00000040  00000000  00000040  RWIX
  INFOA                 000010c0   00000040  00000000  00000040  RWIX
  FLASH                 0000c000   00003fe0  00001558  00002a88  RWIX
  INT00                 0000ffe0   00000002  00000002  00000000  RWIX
  INT01                 0000ffe2   00000002  00000000  00000002  RWIX
  INT02                 0000ffe4   00000002  00000002  00000000  RWIX
  INT03                 0000ffe6   00000002  00000002  00000000  RWIX
  INT04                 0000ffe8   00000002  00000000  00000002  RWIX
  INT05                 0000ffea   00000002  00000002  00000000  RWIX
  INT06                 0000ffec   00000002  00000002  00000000  RWIX
  INT07                 0000ffee   00000002  00000002  00000000  RWIX
  INT08                 0000fff0   00000002  00000002  00000000  RWIX
  INT09                 0000fff2   00000002  00000002  00000000  RWIX
  INT10                 0000fff4   00000002  00000002  00000000  RWIX
  INT11                 0000fff6   00000002  00000002  00000000  RWIX
  INT12                 0000fff8   00000002  00000002  00000000  RWIX
  INT13                 0000fffa   00000002  00000002  00000000  RWIX
  INT14                 0000fffc   00000002  00000002  00000000  RWIX
  RESET                 0000fffe   00000002  00000002  00000000  RWIX


SECTION ALLOCATION MAP

 output                                  attributes/
section   page    origin      length       input sections
--------  ----  ----------  ----------   ----------------
.bss       0    00000200    000000ae     UNINITIALIZED
                  00000200    0000002e     (.common:GameObj)
                  0000022e    00000014     (.common:calc)
                  00000242    00000010     (.common:XBuffer)
                  00000252    00000010     (.common:YBuffer)
                  00000262    00000010     (.common:ZBuffer)
                  00000272    0000000e     (.common:gPushButton)
                  00000280    00000002     (.common:LEDDir)
                  00000282    00000002     (.common:TimeStamp)
                  00000284    00000002     (.common:X0)
                  00000286    00000002     (.common:XAvg)
                  00000288    00000002     (.common:XMax)
                  0000028a    00000002     (.common:XMin)
                  0000028c    00000002     (.common:XSum)
                  0000028e    00000002     (.common:Y0)
                  00000290    00000002     (.common:YAvg)
                  00000292    00000002     (.common:YMax)
                  00000294    00000002     (.common:YMin)
                  00000296    00000002     (.common:YSum)
                  00000298    00000002     (.common:Z0)
                  0000029a    00000002     (.common:ZAvg)
                  0000029c    00000002     (.common:ZMax)
                  0000029e    00000002     (.common:ZMin)
                  000002a0    00000002     (.common:ZSum)
                  000002a2    00000002     (.common:g1mSTimer)
                  000002a4    00000002     (.common:gButtonPresses)
                  000002a6    00000002     (.common:index)
                  000002a8    00000002     (.common:myCalibrationState)
                  000002aa    00000002     (.common:phi)
                  000002ac    00000002     (.common:theta)

.data      0    000002ae    0000000c     UNINITIALIZED
                  000002ae    00000006     adc_accel.obj (.data:adc)
                  000002b4    00000006     adc_accel.obj (.data)

.TI.persistent 
*          0    000002ae    00000000     UNINITIALIZED

.stack     0    000003b0    00000050     UNINITIALIZED
                  000003b0    00000002     rts430_eabi.lib : boot.obj (.stack)
                  000003b2    0000004e     --HOLE--

.text      0    0000c000    000014f4     
                  0000c000    000002f4     rts430_eabi.lib : frcmpyd.obj (.text:__TI_frcmpyd)
                  0000c2f4    0000026e                     : mpyd.obj (.text:__mspabi_mpyd)
                  0000c562    00000162     cordic.obj (.text:calculateArcHypXY)
                  0000c6c4    00000154     cordic.obj (.text:calculateArcHypZ)
                  0000c818    00000120     memory_game.obj (.text:loseGame)
                  0000c938    000000b0     memory_game.obj (.text:receiveUserInput)
                  0000c9e8    000000b0     memory_game.obj (.text:update)
                  0000ca98    000000a2     debounce.obj (.text:Debouncer)
                  0000cb3a    000000a2     rts430_eabi.lib : fltlid.obj (.text:__mspabi_fltlid)
                  0000cbdc    0000008a     led_accel.obj (.text:BlinkLEDs)
                  0000cc66    00000072     rts430_eabi.lib : fixdli.obj (.text:__mspabi_fixdli)
                  0000ccd8    0000006e     adc_accel.obj (.text:Filter)
                  0000cd46    00000064     rts430_eabi.lib : copy_decompress_rle.obj (.text:__TI_decompress_rle_core)
                  0000cdaa    0000005c                     : lsr32.obj (.text:l_lsr_const)
                  0000ce06    0000005a     led_accel.obj (.text:DetermineDirection)
                  0000ce60    00000058     rts430_eabi.lib : autoinit.obj (.text:_auto_init)
                  0000ceb8    0000004e     led_accel.obj (.text:IndicateLED)
                  0000cf06    0000004c     rts430_eabi.lib : lsr16.obj (.text)
                  0000cf52    00000048     led_accel.obj (.text:StoreValue)
                  0000cf9a    00000042     led_accel.obj (.text:StartCalibration)
                  0000cfdc    00000040     led_accel.obj (.text:LightLEDsByDirection)
                  0000d01c    0000003e     rts430_eabi.lib : asr32.obj (.text:l_asr_const)
                  0000d05a    0000003e                     : lsl32.obj (.text:l_lsl_const)
                  0000d098    0000003a     init.obj (.text:InitGame)
                  0000d0d2    0000003a     memory_game.obj (.text:displayPattern)
                  0000d10c    00000038     led_accel.obj (.text:GetNextCalibrationState)
                  0000d144    00000034     led_accel.obj (.text:Send8Bits)
                  0000d178    00000030     adc_accel.obj (.text:ReadADC)
                  0000d1a8    0000002c     led_accel.obj (.text:CalculateZeros)
                  0000d1d4    0000002c     adc_accel.obj (.text:ComputeAverage)
                  0000d200    0000002c     rts430_eabi.lib : asr16.obj (.text)
                  0000d22c    0000002c                     : lsl16.obj (.text)
                  0000d258    00000028     init.obj (.text:InitTimerSystem)
                  0000d280    00000026     adc_accel.obj (.text:ConfigureADC)
                  0000d2a6    00000026     init.obj (.text:InitializeVariables)
                  0000d2cc    00000026     main.obj (.text:main)
                  0000d2f2    00000026     rts430_eabi.lib : mult32.obj (.text)
                  0000d318    00000022     debounce.obj (.text:CheckDebounceTime)
                  0000d33a    00000022     main.obj (.text:TimerA0_routine)
                  0000d35c    00000020     init.obj (.text:InitPorts)
                  0000d37c    00000020     init.obj (.text:InitializeHardware)
                  0000d39c    0000001c     debounce.obj (.text:GetSwitch)
                  0000d3b8    0000001a     led_accel.obj (.text:WaitHighButton)
                  0000d3d2    0000001a     led_accel.obj (.text:WaitLowButton)
                  0000d3ec    0000001a     rts430_eabi.lib : boot_special.obj (.text:_c_int00_noargs_noexit)
                  0000d406    0000001a     memory_game.obj (.text:checkInput)
                  0000d420    00000016     init.obj (.text:InitLEDDisplay)
                  0000d436    00000014     rts430_eabi.lib : copy_zero_init.obj (.text:decompress:ZI:__TI_zero_init)
                  0000d44a    00000012                     : copy_decompress_none.obj (.text:decompress:none:__TI_decompress_none)
                  0000d45c    00000012                     : lsr32.obj (.text:l_lsr)
                  0000d46e    00000012                     : memcpy.obj (.text:memcpy)
                  0000d480    00000012     memory_game.obj (.text:startGame)
                  0000d492    00000010     rts430_eabi.lib : asr32.obj (.text:l_asr)
                  0000d4a2    00000010                     : epilog.obj (.text)
                  0000d4b2    0000000e     led_accel.obj (.text:LightLED)
                  0000d4c0    0000000e     main.obj (.text:TimerA1_routine)
                  0000d4ce    0000000a     memory_game.obj (.text:winGame)
                  0000d4d8    00000008     init.obj (.text:InitLEDState)
                  0000d4e0    00000006     rts430_eabi.lib : isr_trap.obj (.text:_isr:__TI_ISR_TRAP)
                  0000d4e6    00000006                     : copy_decompress_rle.obj (.text:decompress:rle24:__TI_decompress_rle24)
                  0000d4ec    00000004                     : pre_init.obj (.text:_system_pre_init)
                  0000d4f0    00000004                     : exit.obj (.text:abort)

.const     0    0000d4f4    00000048     
                  0000d4f4    00000020     cordic.obj (.const:table)
                  0000d514    00000014     init.obj (.const:testPattern)
                  0000d528    00000014     init.obj (.const:userInitialPattern)

.cinit     0    0000d53c    0000001c     
                  0000d53c    00000009     (.cinit..data.load) [load image, compression = rle]
                  0000d545    00000001     --HOLE-- [fill = 0]
                  0000d546    00000006     (__TI_handler_table)
                  0000d54c    00000004     (.cinit..bss.load) [load image, compression = zero_init]
                  0000d550    00000008     (__TI_cinit_table)

.init_array 
*          0    0000c000    00000000     UNINITIALIZED

TRAPINT    0    0000ffe0    00000002     
                  0000ffe0    00000002     rts430_eabi.lib : int00.obj (.int00)

PORT1      0    0000ffe4    00000002     
                  0000ffe4    00000002     rts430_eabi.lib : int02.obj (.int02)

PORT2      0    0000ffe6    00000002     
                  0000ffe6    00000002     rts430_eabi.lib : int03.obj (.int03)

ADC10      0    0000ffea    00000002     
                  0000ffea    00000002     rts430_eabi.lib : int05.obj (.int05)

USCIAB0TX 
*          0    0000ffec    00000002     
                  0000ffec    00000002     rts430_eabi.lib : int06.obj (.int06)

USCIAB0RX 
*          0    0000ffee    00000002     
                  0000ffee    00000002     rts430_eabi.lib : int07.obj (.int07)

TIMER0_A1 
*          0    0000fff0    00000002     
                  0000fff0    00000002     main.obj (.int08)

TIMER0_A0 
*          0    0000fff2    00000002     
                  0000fff2    00000002     main.obj (.int09)

WDT        0    0000fff4    00000002     
                  0000fff4    00000002     rts430_eabi.lib : int10.obj (.int10)

COMPARATORA 
*          0    0000fff6    00000002     
                  0000fff6    00000002     rts430_eabi.lib : int11.obj (.int11)

TIMER1_A1 
*          0    0000fff8    00000002     
                  0000fff8    00000002     rts430_eabi.lib : int12.obj (.int12)

TIMER1_A0 
*          0    0000fffa    00000002     
                  0000fffa    00000002     rts430_eabi.lib : int13.obj (.int13)

NMI        0    0000fffc    00000002     
                  0000fffc    00000002     rts430_eabi.lib : int14.obj (.int14)

.reset     0    0000fffe    00000002     
                  0000fffe    00000002     rts430_eabi.lib : boot.obj (.reset)


LINKER GENERATED COPY TABLES

__TI_cinit_table @ 0000d550 records: 2, size/record: 4, table size: 8
	.data: load addr=0000d53c, load size=00000009 bytes, run addr=000002ae, run size=0000000c bytes, compression=rle
	.bss: load addr=0000d54c, load size=00000004 bytes, run addr=00000200, run size=000000ae bytes, compression=zero_init


LINKER GENERATED HANDLER TABLE

__TI_handler_table @ 0000d546 records: 3, size/record: 2, table size: 6
	index: 0, handler: __TI_zero_init
	index: 1, handler: __TI_decompress_rle24
	index: 2, handler: __TI_decompress_none


GLOBAL SYMBOLS: SORTED ALPHABETICALLY BY Name 

address   name                    
-------   ----                    
0000004a  ADC10AE0                
000001b0  ADC10CTL0               
000001b2  ADC10CTL1               
00000048  ADC10DTC0               
00000049  ADC10DTC1               
000001b4  ADC10MEM                
000001bc  ADC10SA                 
00000057  BCSCTL1                 
00000058  BCSCTL2                 
00000053  BCSCTL3                 
0000cbdc  BlinkLEDs               
0000d4f0  C$$EXIT                 
00000059  CACTL1                  
0000005a  CACTL2                  
000010fb  CALBC1_12MHZ            
000010f9  CALBC1_16MHZ            
000010ff  CALBC1_1MHZ             
000010fd  CALBC1_8MHZ             
000010fa  CALDCO_12MHZ            
000010f8  CALDCO_16MHZ            
000010fe  CALDCO_1MHZ             
000010fc  CALDCO_8MHZ             
0000005b  CAPD                    
0000d1a8  CalculateZeros          
0000d318  CheckDebounceTime       
0000d1d4  ComputeAverage          
0000d280  ConfigureADC            
00000056  DCOCTL                  
0000ca98  Debouncer               
0000ce06  DetermineDirection      
00000128  FCTL1                   
0000012a  FCTL2                   
0000012c  FCTL3                   
0000ccd8  Filter                  
00000200  GameObj                 
0000d10c  GetNextCalibrationState 
0000d39c  GetSwitch               
00000000  IE1                     
00000001  IE2                     
00000002  IFG1                    
00000003  IFG2                    
0000ceb8  IndicateLED             
0000d098  InitGame                
0000d420  InitLEDDisplay          
0000d4d8  InitLEDState            
0000d35c  InitPorts               
0000d258  InitTimerSystem         
0000d37c  InitializeHardware      
0000d2a6  InitializeVariables     
00000280  LEDDir                  
0000d4b2  LightLED                
0000cfdc  LightLEDsByDirection    
00000022  P1DIR                   
00000025  P1IE                    
00000024  P1IES                   
00000023  P1IFG                   
00000020  P1IN                    
00000021  P1OUT                   
00000027  P1REN                   
00000026  P1SEL                   
00000041  P1SEL2                  
0000002a  P2DIR                   
0000002d  P2IE                    
0000002c  P2IES                   
0000002b  P2IFG                   
00000028  P2IN                    
00000029  P2OUT                   
0000002f  P2REN                   
0000002e  P2SEL                   
00000042  P2SEL2                  
0000001a  P3DIR                   
00000018  P3IN                    
00000019  P3OUT                   
00000010  P3REN                   
0000001b  P3SEL                   
00000043  P3SEL2                  
0000d178  ReadADC                 
0000d144  Send8Bits               
0000cf9a  StartCalibration        
0000cf52  StoreValue              
00000172  TA0CCR0                 
00000174  TA0CCR1                 
00000176  TA0CCR2                 
00000162  TA0CCTL0                
00000164  TA0CCTL1                
00000166  TA0CCTL2                
00000160  TA0CTL                  
0000012e  TA0IV                   
00000170  TA0R                    
00000192  TA1CCR0                 
00000194  TA1CCR1                 
00000196  TA1CCR2                 
00000182  TA1CCTL0                
00000184  TA1CCTL1                
00000186  TA1CCTL2                
00000180  TA1CTL                  
0000011e  TA1IV                   
00000190  TA1R                    
000010db  TLV_ADC10_1_LEN         
000010da  TLV_ADC10_1_TAG         
000010c0  TLV_CHECKSUM            
000010f7  TLV_DCO_30_LEN          
000010f6  TLV_DCO_30_TAG          
00000282  TimeStamp               
0000d33a  TimerA0_routine         
0000d4c0  TimerA1_routine         
0000005d  UCA0ABCTL               
00000062  UCA0BR0                 
00000063  UCA0BR1                 
00000060  UCA0CTL0                
00000061  UCA0CTL1                
0000005f  UCA0IRRCTL              
0000005e  UCA0IRTCTL              
00000064  UCA0MCTL                
00000066  UCA0RXBUF               
00000065  UCA0STAT                
00000067  UCA0TXBUF               
0000006a  UCB0BR0                 
0000006b  UCB0BR1                 
00000068  UCB0CTL0                
00000069  UCB0CTL1                
0000006c  UCB0I2CIE               
00000118  UCB0I2COA               
0000011a  UCB0I2CSA               
0000006e  UCB0RXBUF               
0000006d  UCB0STAT                
0000006f  UCB0TXBUF               
00000120  WDTCTL                  
0000d3b8  WaitHighButton          
0000d3d2  WaitLowButton           
00000284  X0                      
00000286  XAvg                    
00000242  XBuffer                 
00000288  XMax                    
0000028a  XMin                    
0000028c  XSum                    
000002b4  X_Axis                  
0000028e  Y0                      
00000290  YAvg                    
00000252  YBuffer                 
00000292  YMax                    
00000294  YMin                    
00000296  YSum                    
000002b6  Y_Axis                  
00000298  Z0                      
0000029a  ZAvg                    
00000262  ZBuffer                 
0000029c  ZMax                    
0000029e  ZMin                    
000002a0  ZSum                    
000002b8  Z_Axis                  
00000400  __STACK_END             
00000050  __STACK_SIZE            
0000d550  __TI_CINIT_Base         
0000d558  __TI_CINIT_Limit        
0000d546  __TI_Handler_Table_Base 
0000d54c  __TI_Handler_Table_Limit
UNDEFED   __TI_INITARRAY_Base     
UNDEFED   __TI_INITARRAY_Limit    
0000d4e0  __TI_ISR_TRAP           
0000d44a  __TI_decompress_none    
0000d4e6  __TI_decompress_rle24   
0000c000  __TI_frcmpyd            
0000ffe0  __TI_int00              
0000ffe4  __TI_int02              
0000ffe6  __TI_int03              
0000ffea  __TI_int05              
0000ffec  __TI_int06              
0000ffee  __TI_int07              
0000fff0  __TI_int08              
0000fff2  __TI_int09              
0000fff4  __TI_int10              
0000fff6  __TI_int11              
0000fff8  __TI_int12              
0000fffa  __TI_int13              
0000fffc  __TI_int14              
0000d436  __TI_zero_init          
ffffffff  __binit__               
ffffffff  __c_args__              
0000cc66  __mspabi_fixdli         
0000cb3a  __mspabi_fltlid         
0000d4ae  __mspabi_func_epilog_1  
0000d4ac  __mspabi_func_epilog_2  
0000d4aa  __mspabi_func_epilog_3  
0000d4a8  __mspabi_func_epilog_4  
0000d4a6  __mspabi_func_epilog_5  
0000d4a4  __mspabi_func_epilog_6  
0000d4a2  __mspabi_func_epilog_7  
0000c2f4  __mspabi_mpyd           
0000d2f2  __mspabi_mpyl           
0000d2f2  __mspabi_mpyl_sw        
0000d22c  __mspabi_slli           
0000d254  __mspabi_slli_1         
0000d242  __mspabi_slli_10        
0000d240  __mspabi_slli_11        
0000d23e  __mspabi_slli_12        
0000d23c  __mspabi_slli_13        
0000d23a  __mspabi_slli_14        
0000d238  __mspabi_slli_15        
0000d252  __mspabi_slli_2         
0000d250  __mspabi_slli_3         
0000d24e  __mspabi_slli_4         
0000d24c  __mspabi_slli_5         
0000d24a  __mspabi_slli_6         
0000d248  __mspabi_slli_7         
0000d246  __mspabi_slli_8         
0000d244  __mspabi_slli_9         
0000d092  __mspabi_slll_1         
0000d06e  __mspabi_slll_10        
0000d06a  __mspabi_slll_11        
0000d066  __mspabi_slll_12        
0000d062  __mspabi_slll_13        
0000d05e  __mspabi_slll_14        
0000d05a  __mspabi_slll_15        
0000d08e  __mspabi_slll_2         
0000d08a  __mspabi_slll_3         
0000d086  __mspabi_slll_4         
0000d082  __mspabi_slll_5         
0000d07e  __mspabi_slll_6         
0000d07a  __mspabi_slll_7         
0000d076  __mspabi_slll_8         
0000d072  __mspabi_slll_9         
0000d200  __mspabi_srai           
0000d228  __mspabi_srai_1         
0000d216  __mspabi_srai_10        
0000d214  __mspabi_srai_11        
0000d212  __mspabi_srai_12        
0000d210  __mspabi_srai_13        
0000d20e  __mspabi_srai_14        
0000d20c  __mspabi_srai_15        
0000d226  __mspabi_srai_2         
0000d224  __mspabi_srai_3         
0000d222  __mspabi_srai_4         
0000d220  __mspabi_srai_5         
0000d21e  __mspabi_srai_6         
0000d21c  __mspabi_srai_7         
0000d21a  __mspabi_srai_8         
0000d218  __mspabi_srai_9         
0000d492  __mspabi_sral           
0000d054  __mspabi_sral_1         
0000d030  __mspabi_sral_10        
0000d02c  __mspabi_sral_11        
0000d028  __mspabi_sral_12        
0000d024  __mspabi_sral_13        
0000d020  __mspabi_sral_14        
0000d01c  __mspabi_sral_15        
0000d050  __mspabi_sral_2         
0000d04c  __mspabi_sral_3         
0000d048  __mspabi_sral_4         
0000d044  __mspabi_sral_5         
0000d040  __mspabi_sral_6         
0000d03c  __mspabi_sral_7         
0000d038  __mspabi_sral_8         
0000d034  __mspabi_sral_9         
0000cf06  __mspabi_srli           
0000cf4c  __mspabi_srli_1         
0000cf28  __mspabi_srli_10        
0000cf24  __mspabi_srli_11        
0000cf20  __mspabi_srli_12        
0000cf1c  __mspabi_srli_13        
0000cf18  __mspabi_srli_14        
0000cf14  __mspabi_srli_15        
0000cf48  __mspabi_srli_2         
0000cf44  __mspabi_srli_3         
0000cf40  __mspabi_srli_4         
0000cf3c  __mspabi_srli_5         
0000cf38  __mspabi_srli_6         
0000cf34  __mspabi_srli_7         
0000cf30  __mspabi_srli_8         
0000cf2c  __mspabi_srli_9         
0000d45c  __mspabi_srll           
0000cdfe  __mspabi_srll_1         
0000cdc8  __mspabi_srll_10        
0000cdc2  __mspabi_srll_11        
0000cdbc  __mspabi_srll_12        
0000cdb6  __mspabi_srll_13        
0000cdb0  __mspabi_srll_14        
0000cdaa  __mspabi_srll_15        
0000cdf8  __mspabi_srll_2         
0000cdf2  __mspabi_srll_3         
0000cdec  __mspabi_srll_4         
0000cde6  __mspabi_srll_5         
0000cde0  __mspabi_srll_6         
0000cdda  __mspabi_srll_7         
0000cdd4  __mspabi_srll_8         
0000cdce  __mspabi_srll_9         
0000ce60  _auto_init              
0000d3ec  _c_int00_noargs_noexit  
0000fffe  _reset_vector           
000003b0  _stack                  
0000d4ec  _system_pre_init        
0000d4f0  abort                   
000002ae  adc                     
ffffffff  binit                   
0000022e  calc                    
0000c562  calculateArcHypXY       
0000c6c4  calculateArcHypZ        
0000d406  checkInput              
0000d0d2  displayPattern          
000002a2  g1mSTimer               
000002a4  gButtonPresses          
00000272  gPushButton             
000002a6  index                   
0000c818  loseGame                
0000d2cc  main                    
0000d46e  memcpy                  
000002a8  myCalibrationState      
000002aa  phi                     
0000c938  receiveUserInput        
0000d480  startGame               
0000d4f4  table                   
0000d514  testPattern             
000002ac  theta                   
0000c9e8  update                  
0000d528  userInitialPattern      
0000d4ce  winGame                 


GLOBAL SYMBOLS: SORTED BY Symbol Address 

address   name                    
-------   ----                    
00000000  IE1                     
00000001  IE2                     
00000002  IFG1                    
00000003  IFG2                    
00000010  P3REN                   
00000018  P3IN                    
00000019  P3OUT                   
0000001a  P3DIR                   
0000001b  P3SEL                   
00000020  P1IN                    
00000021  P1OUT                   
00000022  P1DIR                   
00000023  P1IFG                   
00000024  P1IES                   
00000025  P1IE                    
00000026  P1SEL                   
00000027  P1REN                   
00000028  P2IN                    
00000029  P2OUT                   
0000002a  P2DIR                   
0000002b  P2IFG                   
0000002c  P2IES                   
0000002d  P2IE                    
0000002e  P2SEL                   
0000002f  P2REN                   
00000041  P1SEL2                  
00000042  P2SEL2                  
00000043  P3SEL2                  
00000048  ADC10DTC0               
00000049  ADC10DTC1               
0000004a  ADC10AE0                
00000050  __STACK_SIZE            
00000053  BCSCTL3                 
00000056  DCOCTL                  
00000057  BCSCTL1                 
00000058  BCSCTL2                 
00000059  CACTL1                  
0000005a  CACTL2                  
0000005b  CAPD                    
0000005d  UCA0ABCTL               
0000005e  UCA0IRTCTL              
0000005f  UCA0IRRCTL              
00000060  UCA0CTL0                
00000061  UCA0CTL1                
00000062  UCA0BR0                 
00000063  UCA0BR1                 
00000064  UCA0MCTL                
00000065  UCA0STAT                
00000066  UCA0RXBUF               
00000067  UCA0TXBUF               
00000068  UCB0CTL0                
00000069  UCB0CTL1                
0000006a  UCB0BR0                 
0000006b  UCB0BR1                 
0000006c  UCB0I2CIE               
0000006d  UCB0STAT                
0000006e  UCB0RXBUF               
0000006f  UCB0TXBUF               
00000118  UCB0I2COA               
0000011a  UCB0I2CSA               
0000011e  TA1IV                   
00000120  WDTCTL                  
00000128  FCTL1                   
0000012a  FCTL2                   
0000012c  FCTL3                   
0000012e  TA0IV                   
00000160  TA0CTL                  
00000162  TA0CCTL0                
00000164  TA0CCTL1                
00000166  TA0CCTL2                
00000170  TA0R                    
00000172  TA0CCR0                 
00000174  TA0CCR1                 
00000176  TA0CCR2                 
00000180  TA1CTL                  
00000182  TA1CCTL0                
00000184  TA1CCTL1                
00000186  TA1CCTL2                
00000190  TA1R                    
00000192  TA1CCR0                 
00000194  TA1CCR1                 
00000196  TA1CCR2                 
000001b0  ADC10CTL0               
000001b2  ADC10CTL1               
000001b4  ADC10MEM                
000001bc  ADC10SA                 
00000200  GameObj                 
0000022e  calc                    
00000242  XBuffer                 
00000252  YBuffer                 
00000262  ZBuffer                 
00000272  gPushButton             
00000280  LEDDir                  
00000282  TimeStamp               
00000284  X0                      
00000286  XAvg                    
00000288  XMax                    
0000028a  XMin                    
0000028c  XSum                    
0000028e  Y0                      
00000290  YAvg                    
00000292  YMax                    
00000294  YMin                    
00000296  YSum                    
00000298  Z0                      
0000029a  ZAvg                    
0000029c  ZMax                    
0000029e  ZMin                    
000002a0  ZSum                    
000002a2  g1mSTimer               
000002a4  gButtonPresses          
000002a6  index                   
000002a8  myCalibrationState      
000002aa  phi                     
000002ac  theta                   
000002ae  adc                     
000002b4  X_Axis                  
000002b6  Y_Axis                  
000002b8  Z_Axis                  
000003b0  _stack                  
00000400  __STACK_END             
000010c0  TLV_CHECKSUM            
000010da  TLV_ADC10_1_TAG         
000010db  TLV_ADC10_1_LEN         
000010f6  TLV_DCO_30_TAG          
000010f7  TLV_DCO_30_LEN          
000010f8  CALDCO_16MHZ            
000010f9  CALBC1_16MHZ            
000010fa  CALDCO_12MHZ            
000010fb  CALBC1_12MHZ            
000010fc  CALDCO_8MHZ             
000010fd  CALBC1_8MHZ             
000010fe  CALDCO_1MHZ             
000010ff  CALBC1_1MHZ             
0000c000  __TI_frcmpyd            
0000c2f4  __mspabi_mpyd           
0000c562  calculateArcHypXY       
0000c6c4  calculateArcHypZ        
0000c818  loseGame                
0000c938  receiveUserInput        
0000c9e8  update                  
0000ca98  Debouncer               
0000cb3a  __mspabi_fltlid         
0000cbdc  BlinkLEDs               
0000cc66  __mspabi_fixdli         
0000ccd8  Filter                  
0000cdaa  __mspabi_srll_15        
0000cdb0  __mspabi_srll_14        
0000cdb6  __mspabi_srll_13        
0000cdbc  __mspabi_srll_12        
0000cdc2  __mspabi_srll_11        
0000cdc8  __mspabi_srll_10        
0000cdce  __mspabi_srll_9         
0000cdd4  __mspabi_srll_8         
0000cdda  __mspabi_srll_7         
0000cde0  __mspabi_srll_6         
0000cde6  __mspabi_srll_5         
0000cdec  __mspabi_srll_4         
0000cdf2  __mspabi_srll_3         
0000cdf8  __mspabi_srll_2         
0000cdfe  __mspabi_srll_1         
0000ce06  DetermineDirection      
0000ce60  _auto_init              
0000ceb8  IndicateLED             
0000cf06  __mspabi_srli           
0000cf14  __mspabi_srli_15        
0000cf18  __mspabi_srli_14        
0000cf1c  __mspabi_srli_13        
0000cf20  __mspabi_srli_12        
0000cf24  __mspabi_srli_11        
0000cf28  __mspabi_srli_10        
0000cf2c  __mspabi_srli_9         
0000cf30  __mspabi_srli_8         
0000cf34  __mspabi_srli_7         
0000cf38  __mspabi_srli_6         
0000cf3c  __mspabi_srli_5         
0000cf40  __mspabi_srli_4         
0000cf44  __mspabi_srli_3         
0000cf48  __mspabi_srli_2         
0000cf4c  __mspabi_srli_1         
0000cf52  StoreValue              
0000cf9a  StartCalibration        
0000cfdc  LightLEDsByDirection    
0000d01c  __mspabi_sral_15        
0000d020  __mspabi_sral_14        
0000d024  __mspabi_sral_13        
0000d028  __mspabi_sral_12        
0000d02c  __mspabi_sral_11        
0000d030  __mspabi_sral_10        
0000d034  __mspabi_sral_9         
0000d038  __mspabi_sral_8         
0000d03c  __mspabi_sral_7         
0000d040  __mspabi_sral_6         
0000d044  __mspabi_sral_5         
0000d048  __mspabi_sral_4         
0000d04c  __mspabi_sral_3         
0000d050  __mspabi_sral_2         
0000d054  __mspabi_sral_1         
0000d05a  __mspabi_slll_15        
0000d05e  __mspabi_slll_14        
0000d062  __mspabi_slll_13        
0000d066  __mspabi_slll_12        
0000d06a  __mspabi_slll_11        
0000d06e  __mspabi_slll_10        
0000d072  __mspabi_slll_9         
0000d076  __mspabi_slll_8         
0000d07a  __mspabi_slll_7         
0000d07e  __mspabi_slll_6         
0000d082  __mspabi_slll_5         
0000d086  __mspabi_slll_4         
0000d08a  __mspabi_slll_3         
0000d08e  __mspabi_slll_2         
0000d092  __mspabi_slll_1         
0000d098  InitGame                
0000d0d2  displayPattern          
0000d10c  GetNextCalibrationState 
0000d144  Send8Bits               
0000d178  ReadADC                 
0000d1a8  CalculateZeros          
0000d1d4  ComputeAverage          
0000d200  __mspabi_srai           
0000d20c  __mspabi_srai_15        
0000d20e  __mspabi_srai_14        
0000d210  __mspabi_srai_13        
0000d212  __mspabi_srai_12        
0000d214  __mspabi_srai_11        
0000d216  __mspabi_srai_10        
0000d218  __mspabi_srai_9         
0000d21a  __mspabi_srai_8         
0000d21c  __mspabi_srai_7         
0000d21e  __mspabi_srai_6         
0000d220  __mspabi_srai_5         
0000d222  __mspabi_srai_4         
0000d224  __mspabi_srai_3         
0000d226  __mspabi_srai_2         
0000d228  __mspabi_srai_1         
0000d22c  __mspabi_slli           
0000d238  __mspabi_slli_15        
0000d23a  __mspabi_slli_14        
0000d23c  __mspabi_slli_13        
0000d23e  __mspabi_slli_12        
0000d240  __mspabi_slli_11        
0000d242  __mspabi_slli_10        
0000d244  __mspabi_slli_9         
0000d246  __mspabi_slli_8         
0000d248  __mspabi_slli_7         
0000d24a  __mspabi_slli_6         
0000d24c  __mspabi_slli_5         
0000d24e  __mspabi_slli_4         
0000d250  __mspabi_slli_3         
0000d252  __mspabi_slli_2         
0000d254  __mspabi_slli_1         
0000d258  InitTimerSystem         
0000d280  ConfigureADC            
0000d2a6  InitializeVariables     
0000d2cc  main                    
0000d2f2  __mspabi_mpyl           
0000d2f2  __mspabi_mpyl_sw        
0000d318  CheckDebounceTime       
0000d33a  TimerA0_routine         
0000d35c  InitPorts               
0000d37c  InitializeHardware      
0000d39c  GetSwitch               
0000d3b8  WaitHighButton          
0000d3d2  WaitLowButton           
0000d3ec  _c_int00_noargs_noexit  
0000d406  checkInput              
0000d420  InitLEDDisplay          
0000d436  __TI_zero_init          
0000d44a  __TI_decompress_none    
0000d45c  __mspabi_srll           
0000d46e  memcpy                  
0000d480  startGame               
0000d492  __mspabi_sral           
0000d4a2  __mspabi_func_epilog_7  
0000d4a4  __mspabi_func_epilog_6  
0000d4a6  __mspabi_func_epilog_5  
0000d4a8  __mspabi_func_epilog_4  
0000d4aa  __mspabi_func_epilog_3  
0000d4ac  __mspabi_func_epilog_2  
0000d4ae  __mspabi_func_epilog_1  
0000d4b2  LightLED                
0000d4c0  TimerA1_routine         
0000d4ce  winGame                 
0000d4d8  InitLEDState            
0000d4e0  __TI_ISR_TRAP           
0000d4e6  __TI_decompress_rle24   
0000d4ec  _system_pre_init        
0000d4f0  C$$EXIT                 
0000d4f0  abort                   
0000d4f4  table                   
0000d514  testPattern             
0000d528  userInitialPattern      
0000d546  __TI_Handler_Table_Base 
0000d54c  __TI_Handler_Table_Limit
0000d550  __TI_CINIT_Base         
0000d558  __TI_CINIT_Limit        
0000ffe0  __TI_int00              
0000ffe4  __TI_int02              
0000ffe6  __TI_int03              
0000ffea  __TI_int05              
0000ffec  __TI_int06              
0000ffee  __TI_int07              
0000fff0  __TI_int08              
0000fff2  __TI_int09              
0000fff4  __TI_int10              
0000fff6  __TI_int11              
0000fff8  __TI_int12              
0000fffa  __TI_int13              
0000fffc  __TI_int14              
0000fffe  _reset_vector           
ffffffff  __binit__               
ffffffff  __c_args__              
ffffffff  binit                   
UNDEFED   __TI_INITARRAY_Base     
UNDEFED   __TI_INITARRAY_Limit    

[316 symbols]
