******************************************************************************
                  MSP430 Linker PC v4.4.3                      
******************************************************************************
>> Linked Tue Dec 08 08:38:05 2015

OUTPUT FILE NAME:   <ECE3430-Final-Project.out>
ENTRY POINT SYMBOL: "_c_int00_noargs_noexit"  address: 0000d2ca


MEMORY CONFIGURATION

         name            origin    length      used     unused   attr    fill
----------------------  --------  ---------  --------  --------  ----  --------
  SFR                   00000000   00000010  00000000  00000010  RWIX
  PERIPHERALS_8BIT      00000010   000000f0  00000000  000000f0  RWIX
  PERIPHERALS_16BIT     00000100   00000100  00000000  00000100  RWIX
  RAM                   00000200   00000200  0000011c  000000e4  RWIX
  INFOD                 00001000   00000040  00000000  00000040  RWIX
  INFOC                 00001040   00000040  00000000  00000040  RWIX
  INFOB                 00001080   00000040  00000000  00000040  RWIX
  INFOA                 000010c0   00000040  00000000  00000040  RWIX
  FLASH                 0000c000   00003fe0  000013ea  00002bf6  RWIX
  INT00                 0000ffe0   00000002  00000002  00000000  RWIX
  INT01                 0000ffe2   00000002  00000000  00000002  RWIX
  INT02                 0000ffe4   00000002  00000002  00000000  RWIX
  INT03                 0000ffe6   00000002  00000002  00000000  RWIX
  INT04                 0000ffe8   00000002  00000000  00000002  RWIX
  INT05                 0000ffea   00000002  00000002  00000000  RWIX
  INT06                 0000ffec   00000002  00000002  00000000  RWIX
  INT07                 0000ffee   00000002  00000002  00000000  RWIX
  INT08                 0000fff0   00000002  00000002  00000000  RWIX
  INT09                 0000fff2   00000002  00000002  00000000  RWIX
  INT10                 0000fff4   00000002  00000002  00000000  RWIX
  INT11                 0000fff6   00000002  00000002  00000000  RWIX
  INT12                 0000fff8   00000002  00000002  00000000  RWIX
  INT13                 0000fffa   00000002  00000002  00000000  RWIX
  INT14                 0000fffc   00000002  00000002  00000000  RWIX
  RESET                 0000fffe   00000002  00000002  00000000  RWIX


SECTION ALLOCATION MAP

 output                                  attributes/
section   page    origin      length       input sections
--------  ----  ----------  ----------   ----------------
.bss       0    00000200    000000ac     UNINITIALIZED
                  00000200    0000002c     (.common:GameObj)
                  0000022c    00000014     (.common:calc)
                  00000240    00000010     (.common:XBuffer)
                  00000250    00000010     (.common:YBuffer)
                  00000260    00000010     (.common:ZBuffer)
                  00000270    0000000e     (.common:gPushButton)
                  0000027e    00000002     (.common:LEDControl)
                  00000280    00000002     (.common:TimeStamp)
                  00000282    00000002     (.common:X0)
                  00000284    00000002     (.common:XAvg)
                  00000286    00000002     (.common:XMax)
                  00000288    00000002     (.common:XMin)
                  0000028a    00000002     (.common:XSum)
                  0000028c    00000002     (.common:Y0)
                  0000028e    00000002     (.common:YAvg)
                  00000290    00000002     (.common:YMax)
                  00000292    00000002     (.common:YMin)
                  00000294    00000002     (.common:YSum)
                  00000296    00000002     (.common:Z0)
                  00000298    00000002     (.common:ZAvg)
                  0000029a    00000002     (.common:ZMax)
                  0000029c    00000002     (.common:ZMin)
                  0000029e    00000002     (.common:ZSum)
                  000002a0    00000002     (.common:g1mSTimer)
                  000002a2    00000002     (.common:gButtonPresses)
                  000002a4    00000002     (.common:index)
                  000002a6    00000002     (.common:myCalibrationState)
                  000002a8    00000002     (.common:phi)
                  000002aa    00000002     (.common:theta)

.data      0    000002ac    00000020     UNINITIALIZED
                  000002ac    00000014     memory_game.obj (.data:testPattern)
                  000002c0    00000006     adc_accel.obj (.data:adc)
                  000002c6    00000006     adc_accel.obj (.data)

.TI.persistent 
*          0    000002ac    00000000     UNINITIALIZED

.stack     0    000003b0    00000050     UNINITIALIZED
                  000003b0    00000002     rts430_eabi.lib : boot.obj (.stack)
                  000003b2    0000004e     --HOLE--

.text      0    0000c000    0000139c     
                  0000c000    000002f4     rts430_eabi.lib : frcmpyd.obj (.text:__TI_frcmpyd)
                  0000c2f4    0000026e                     : mpyd.obj (.text:__mspabi_mpyd)
                  0000c562    00000162     cordic.obj (.text:calculateArcHypXY)
                  0000c6c4    00000154     cordic.obj (.text:calculateArcHypZ)
                  0000c818    00000120     memory_game.obj (.text:loseGame)
                  0000c938    000000e0     main.obj (.text:main)
                  0000ca18    000000a2     debounce.obj (.text:Debouncer)
                  0000caba    000000a2     rts430_eabi.lib : fltlid.obj (.text:__mspabi_fltlid)
                  0000cb5c    0000008a     led_accel.obj (.text:BlinkLEDs)
                  0000cbe6    00000072     rts430_eabi.lib : fixdli.obj (.text:__mspabi_fixdli)
                  0000cc58    0000006e     adc_accel.obj (.text:Filter)
                  0000ccc6    00000064     rts430_eabi.lib : copy_decompress_rle.obj (.text:__TI_decompress_rle_core)
                  0000cd2a    0000005c                     : lsr32.obj (.text:l_lsr_const)
                  0000cd86    0000005a     led_accel.obj (.text:DetermineDirection)
                  0000cde0    00000058     rts430_eabi.lib : autoinit.obj (.text:_auto_init)
                  0000ce38    0000004e     led_accel.obj (.text:IndicateLED)
                  0000ce86    0000004c     rts430_eabi.lib : lsr16.obj (.text)
                  0000ced2    00000048     led_accel.obj (.text:StartCalibration)
                  0000cf1a    00000048     led_accel.obj (.text:StoreValue)
                  0000cf62    0000003e     rts430_eabi.lib : asr32.obj (.text:l_asr_const)
                  0000cfa0    0000003e                     : lsl32.obj (.text:l_lsl_const)
                  0000cfde    00000038     led_accel.obj (.text:GetNextCalibrationState)
                  0000d016    00000034     led_accel.obj (.text:Send8Bits)
                  0000d04a    00000030     adc_accel.obj (.text:ReadADC)
                  0000d07a    00000030     memory_game.obj (.text:startGame)
                  0000d0aa    0000002c     led_accel.obj (.text:CalculateZeros)
                  0000d0d6    0000002c     adc_accel.obj (.text:ComputeAverage)
                  0000d102    0000002c     rts430_eabi.lib : asr16.obj (.text)
                  0000d12e    0000002c                     : lsl16.obj (.text)
                  0000d15a    00000028     init.obj (.text:InitTimerSystem)
                  0000d182    00000026     adc_accel.obj (.text:ConfigureADC)
                  0000d1a8    00000026     init.obj (.text:InitializeVariables)
                  0000d1ce    00000026     rts430_eabi.lib : mult32.obj (.text)
                  0000d1f4    00000024     init.obj (.text:InitializeHardware)
                  0000d218    00000022     debounce.obj (.text:CheckDebounceTime)
                  0000d23a    00000022     main.obj (.text:TimerA0_routine)
                  0000d25c    0000001e     init.obj (.text:InitPorts)
                  0000d27a    0000001c     debounce.obj (.text:GetSwitch)
                  0000d296    0000001a     led_accel.obj (.text:WaitHighButton)
                  0000d2b0    0000001a     led_accel.obj (.text:WaitLowButton)
                  0000d2ca    0000001a     rts430_eabi.lib : boot_special.obj (.text:_c_int00_noargs_noexit)
                  0000d2e4    00000016     init.obj (.text:InitLEDDisplay)
                  0000d2fa    00000014     rts430_eabi.lib : copy_zero_init.obj (.text:decompress:ZI:__TI_zero_init)
                  0000d30e    00000012                     : copy_decompress_none.obj (.text:decompress:none:__TI_decompress_none)
                  0000d320    00000012                     : lsr32.obj (.text:l_lsr)
                  0000d332    00000012                     : memcpy.obj (.text:memcpy)
                  0000d344    00000010                     : asr32.obj (.text:l_asr)
                  0000d354    00000010                     : epilog.obj (.text)
                  0000d364    0000000e     led_accel.obj (.text:LightLED)
                  0000d372    0000000e     main.obj (.text:TimerA1_routine)
                  0000d380    00000008     init.obj (.text:InitLEDState)
                  0000d388    00000006     rts430_eabi.lib : isr_trap.obj (.text:_isr:__TI_ISR_TRAP)
                  0000d38e    00000006                     : copy_decompress_rle.obj (.text:decompress:rle24:__TI_decompress_rle24)
                  0000d394    00000004                     : pre_init.obj (.text:_system_pre_init)
                  0000d398    00000004                     : exit.obj (.text:abort)

.const     0    0000d39c    00000020     
                  0000d39c    00000020     cordic.obj (.const:table)

.cinit     0    0000d3bc    0000002e     
                  0000d3bc    0000001c     (.cinit..data.load) [load image, compression = rle]
                  0000d3d8    00000006     (__TI_handler_table)
                  0000d3de    00000004     (.cinit..bss.load) [load image, compression = zero_init]
                  0000d3e2    00000008     (__TI_cinit_table)

.init_array 
*          0    0000c000    00000000     UNINITIALIZED

TRAPINT    0    0000ffe0    00000002     
                  0000ffe0    00000002     rts430_eabi.lib : int00.obj (.int00)

PORT1      0    0000ffe4    00000002     
                  0000ffe4    00000002     rts430_eabi.lib : int02.obj (.int02)

PORT2      0    0000ffe6    00000002     
                  0000ffe6    00000002     rts430_eabi.lib : int03.obj (.int03)

ADC10      0    0000ffea    00000002     
                  0000ffea    00000002     rts430_eabi.lib : int05.obj (.int05)

USCIAB0TX 
*          0    0000ffec    00000002     
                  0000ffec    00000002     rts430_eabi.lib : int06.obj (.int06)

USCIAB0RX 
*          0    0000ffee    00000002     
                  0000ffee    00000002     rts430_eabi.lib : int07.obj (.int07)

TIMER0_A1 
*          0    0000fff0    00000002     
                  0000fff0    00000002     main.obj (.int08)

TIMER0_A0 
*          0    0000fff2    00000002     
                  0000fff2    00000002     main.obj (.int09)

WDT        0    0000fff4    00000002     
                  0000fff4    00000002     rts430_eabi.lib : int10.obj (.int10)

COMPARATORA 
*          0    0000fff6    00000002     
                  0000fff6    00000002     rts430_eabi.lib : int11.obj (.int11)

TIMER1_A1 
*          0    0000fff8    00000002     
                  0000fff8    00000002     rts430_eabi.lib : int12.obj (.int12)

TIMER1_A0 
*          0    0000fffa    00000002     
                  0000fffa    00000002     rts430_eabi.lib : int13.obj (.int13)

NMI        0    0000fffc    00000002     
                  0000fffc    00000002     rts430_eabi.lib : int14.obj (.int14)

.reset     0    0000fffe    00000002     
                  0000fffe    00000002     rts430_eabi.lib : boot.obj (.reset)


LINKER GENERATED COPY TABLES

__TI_cinit_table @ 0000d3e2 records: 2, size/record: 4, table size: 8
	.data: load addr=0000d3bc, load size=0000001c bytes, run addr=000002ac, run size=00000020 bytes, compression=rle
	.bss: load addr=0000d3de, load size=00000004 bytes, run addr=00000200, run size=000000ac bytes, compression=zero_init


LINKER GENERATED HANDLER TABLE

__TI_handler_table @ 0000d3d8 records: 3, size/record: 2, table size: 6
	index: 0, handler: __TI_zero_init
	index: 1, handler: __TI_decompress_rle24
	index: 2, handler: __TI_decompress_none


GLOBAL SYMBOLS: SORTED ALPHABETICALLY BY Name 

address   name                    
-------   ----                    
0000004a  ADC10AE0                
000001b0  ADC10CTL0               
000001b2  ADC10CTL1               
00000048  ADC10DTC0               
00000049  ADC10DTC1               
000001b4  ADC10MEM                
000001bc  ADC10SA                 
00000057  BCSCTL1                 
00000058  BCSCTL2                 
00000053  BCSCTL3                 
0000cb5c  BlinkLEDs               
0000d398  C$$EXIT                 
00000059  CACTL1                  
0000005a  CACTL2                  
000010fb  CALBC1_12MHZ            
000010f9  CALBC1_16MHZ            
000010ff  CALBC1_1MHZ             
000010fd  CALBC1_8MHZ             
000010fa  CALDCO_12MHZ            
000010f8  CALDCO_16MHZ            
000010fe  CALDCO_1MHZ             
000010fc  CALDCO_8MHZ             
0000005b  CAPD                    
0000d0aa  CalculateZeros          
0000d218  CheckDebounceTime       
0000d0d6  ComputeAverage          
0000d182  ConfigureADC            
00000056  DCOCTL                  
0000ca18  Debouncer               
0000cd86  DetermineDirection      
00000128  FCTL1                   
0000012a  FCTL2                   
0000012c  FCTL3                   
0000cc58  Filter                  
00000200  GameObj                 
0000cfde  GetNextCalibrationState 
0000d27a  GetSwitch               
00000000  IE1                     
00000001  IE2                     
00000002  IFG1                    
00000003  IFG2                    
0000ce38  IndicateLED             
0000d2e4  InitLEDDisplay          
0000d380  InitLEDState            
0000d25c  InitPorts               
0000d15a  InitTimerSystem         
0000d1f4  InitializeHardware      
0000d1a8  InitializeVariables     
0000027e  LEDControl              
0000d364  LightLED                
00000022  P1DIR                   
00000025  P1IE                    
00000024  P1IES                   
00000023  P1IFG                   
00000020  P1IN                    
00000021  P1OUT                   
00000027  P1REN                   
00000026  P1SEL                   
00000041  P1SEL2                  
0000002a  P2DIR                   
0000002d  P2IE                    
0000002c  P2IES                   
0000002b  P2IFG                   
00000028  P2IN                    
00000029  P2OUT                   
0000002f  P2REN                   
0000002e  P2SEL                   
00000042  P2SEL2                  
0000001a  P3DIR                   
00000018  P3IN                    
00000019  P3OUT                   
00000010  P3REN                   
0000001b  P3SEL                   
00000043  P3SEL2                  
0000d04a  ReadADC                 
0000d016  Send8Bits               
0000ced2  StartCalibration        
0000cf1a  StoreValue              
00000172  TA0CCR0                 
00000174  TA0CCR1                 
00000176  TA0CCR2                 
00000162  TA0CCTL0                
00000164  TA0CCTL1                
00000166  TA0CCTL2                
00000160  TA0CTL                  
0000012e  TA0IV                   
00000170  TA0R                    
00000192  TA1CCR0                 
00000194  TA1CCR1                 
00000196  TA1CCR2                 
00000182  TA1CCTL0                
00000184  TA1CCTL1                
00000186  TA1CCTL2                
00000180  TA1CTL                  
0000011e  TA1IV                   
00000190  TA1R                    
000010db  TLV_ADC10_1_LEN         
000010da  TLV_ADC10_1_TAG         
000010c0  TLV_CHECKSUM            
000010f7  TLV_DCO_30_LEN          
000010f6  TLV_DCO_30_TAG          
00000280  TimeStamp               
0000d23a  TimerA0_routine         
0000d372  TimerA1_routine         
0000005d  UCA0ABCTL               
00000062  UCA0BR0                 
00000063  UCA0BR1                 
00000060  UCA0CTL0                
00000061  UCA0CTL1                
0000005f  UCA0IRRCTL              
0000005e  UCA0IRTCTL              
00000064  UCA0MCTL                
00000066  UCA0RXBUF               
00000065  UCA0STAT                
00000067  UCA0TXBUF               
0000006a  UCB0BR0                 
0000006b  UCB0BR1                 
00000068  UCB0CTL0                
00000069  UCB0CTL1                
0000006c  UCB0I2CIE               
00000118  UCB0I2COA               
0000011a  UCB0I2CSA               
0000006e  UCB0RXBUF               
0000006d  UCB0STAT                
0000006f  UCB0TXBUF               
00000120  WDTCTL                  
0000d296  WaitHighButton          
0000d2b0  WaitLowButton           
00000282  X0                      
00000284  XAvg                    
00000240  XBuffer                 
00000286  XMax                    
00000288  XMin                    
0000028a  XSum                    
000002c6  X_Axis                  
0000028c  Y0                      
0000028e  YAvg                    
00000250  YBuffer                 
00000290  YMax                    
00000292  YMin                    
00000294  YSum                    
000002c8  Y_Axis                  
00000296  Z0                      
00000298  ZAvg                    
00000260  ZBuffer                 
0000029a  ZMax                    
0000029c  ZMin                    
0000029e  ZSum                    
000002ca  Z_Axis                  
00000400  __STACK_END             
00000050  __STACK_SIZE            
0000d3e2  __TI_CINIT_Base         
0000d3ea  __TI_CINIT_Limit        
0000d3d8  __TI_Handler_Table_Base 
0000d3de  __TI_Handler_Table_Limit
UNDEFED   __TI_INITARRAY_Base     
UNDEFED   __TI_INITARRAY_Limit    
0000d388  __TI_ISR_TRAP           
0000d30e  __TI_decompress_none    
0000d38e  __TI_decompress_rle24   
0000c000  __TI_frcmpyd            
0000ffe0  __TI_int00              
0000ffe4  __TI_int02              
0000ffe6  __TI_int03              
0000ffea  __TI_int05              
0000ffec  __TI_int06              
0000ffee  __TI_int07              
0000fff0  __TI_int08              
0000fff2  __TI_int09              
0000fff4  __TI_int10              
0000fff6  __TI_int11              
0000fff8  __TI_int12              
0000fffa  __TI_int13              
0000fffc  __TI_int14              
0000d2fa  __TI_zero_init          
ffffffff  __binit__               
ffffffff  __c_args__              
0000cbe6  __mspabi_fixdli         
0000caba  __mspabi_fltlid         
0000d360  __mspabi_func_epilog_1  
0000d35e  __mspabi_func_epilog_2  
0000d35c  __mspabi_func_epilog_3  
0000d35a  __mspabi_func_epilog_4  
0000d358  __mspabi_func_epilog_5  
0000d356  __mspabi_func_epilog_6  
0000d354  __mspabi_func_epilog_7  
0000c2f4  __mspabi_mpyd           
0000d1ce  __mspabi_mpyl           
0000d1ce  __mspabi_mpyl_sw        
0000d12e  __mspabi_slli           
0000d156  __mspabi_slli_1         
0000d144  __mspabi_slli_10        
0000d142  __mspabi_slli_11        
0000d140  __mspabi_slli_12        
0000d13e  __mspabi_slli_13        
0000d13c  __mspabi_slli_14        
0000d13a  __mspabi_slli_15        
0000d154  __mspabi_slli_2         
0000d152  __mspabi_slli_3         
0000d150  __mspabi_slli_4         
0000d14e  __mspabi_slli_5         
0000d14c  __mspabi_slli_6         
0000d14a  __mspabi_slli_7         
0000d148  __mspabi_slli_8         
0000d146  __mspabi_slli_9         
0000cfd8  __mspabi_slll_1         
0000cfb4  __mspabi_slll_10        
0000cfb0  __mspabi_slll_11        
0000cfac  __mspabi_slll_12        
0000cfa8  __mspabi_slll_13        
0000cfa4  __mspabi_slll_14        
0000cfa0  __mspabi_slll_15        
0000cfd4  __mspabi_slll_2         
0000cfd0  __mspabi_slll_3         
0000cfcc  __mspabi_slll_4         
0000cfc8  __mspabi_slll_5         
0000cfc4  __mspabi_slll_6         
0000cfc0  __mspabi_slll_7         
0000cfbc  __mspabi_slll_8         
0000cfb8  __mspabi_slll_9         
0000d102  __mspabi_srai           
0000d12a  __mspabi_srai_1         
0000d118  __mspabi_srai_10        
0000d116  __mspabi_srai_11        
0000d114  __mspabi_srai_12        
0000d112  __mspabi_srai_13        
0000d110  __mspabi_srai_14        
0000d10e  __mspabi_srai_15        
0000d128  __mspabi_srai_2         
0000d126  __mspabi_srai_3         
0000d124  __mspabi_srai_4         
0000d122  __mspabi_srai_5         
0000d120  __mspabi_srai_6         
0000d11e  __mspabi_srai_7         
0000d11c  __mspabi_srai_8         
0000d11a  __mspabi_srai_9         
0000d344  __mspabi_sral           
0000cf9a  __mspabi_sral_1         
0000cf76  __mspabi_sral_10        
0000cf72  __mspabi_sral_11        
0000cf6e  __mspabi_sral_12        
0000cf6a  __mspabi_sral_13        
0000cf66  __mspabi_sral_14        
0000cf62  __mspabi_sral_15        
0000cf96  __mspabi_sral_2         
0000cf92  __mspabi_sral_3         
0000cf8e  __mspabi_sral_4         
0000cf8a  __mspabi_sral_5         
0000cf86  __mspabi_sral_6         
0000cf82  __mspabi_sral_7         
0000cf7e  __mspabi_sral_8         
0000cf7a  __mspabi_sral_9         
0000ce86  __mspabi_srli           
0000cecc  __mspabi_srli_1         
0000cea8  __mspabi_srli_10        
0000cea4  __mspabi_srli_11        
0000cea0  __mspabi_srli_12        
0000ce9c  __mspabi_srli_13        
0000ce98  __mspabi_srli_14        
0000ce94  __mspabi_srli_15        
0000cec8  __mspabi_srli_2         
0000cec4  __mspabi_srli_3         
0000cec0  __mspabi_srli_4         
0000cebc  __mspabi_srli_5         
0000ceb8  __mspabi_srli_6         
0000ceb4  __mspabi_srli_7         
0000ceb0  __mspabi_srli_8         
0000ceac  __mspabi_srli_9         
0000d320  __mspabi_srll           
0000cd7e  __mspabi_srll_1         
0000cd48  __mspabi_srll_10        
0000cd42  __mspabi_srll_11        
0000cd3c  __mspabi_srll_12        
0000cd36  __mspabi_srll_13        
0000cd30  __mspabi_srll_14        
0000cd2a  __mspabi_srll_15        
0000cd78  __mspabi_srll_2         
0000cd72  __mspabi_srll_3         
0000cd6c  __mspabi_srll_4         
0000cd66  __mspabi_srll_5         
0000cd60  __mspabi_srll_6         
0000cd5a  __mspabi_srll_7         
0000cd54  __mspabi_srll_8         
0000cd4e  __mspabi_srll_9         
0000cde0  _auto_init              
0000d2ca  _c_int00_noargs_noexit  
0000fffe  _reset_vector           
000003b0  _stack                  
0000d394  _system_pre_init        
0000d398  abort                   
000002c0  adc                     
ffffffff  binit                   
0000022c  calc                    
0000c562  calculateArcHypXY       
0000c6c4  calculateArcHypZ        
000002a0  g1mSTimer               
000002a2  gButtonPresses          
00000270  gPushButton             
000002a4  index                   
0000c818  loseGame                
0000c938  main                    
0000d332  memcpy                  
000002a6  myCalibrationState      
000002a8  phi                     
0000d07a  startGame               
0000d39c  table                   
000002ac  testPattern             
000002aa  theta                   


GLOBAL SYMBOLS: SORTED BY Symbol Address 

address   name                    
-------   ----                    
00000000  IE1                     
00000001  IE2                     
00000002  IFG1                    
00000003  IFG2                    
00000010  P3REN                   
00000018  P3IN                    
00000019  P3OUT                   
0000001a  P3DIR                   
0000001b  P3SEL                   
00000020  P1IN                    
00000021  P1OUT                   
00000022  P1DIR                   
00000023  P1IFG                   
00000024  P1IES                   
00000025  P1IE                    
00000026  P1SEL                   
00000027  P1REN                   
00000028  P2IN                    
00000029  P2OUT                   
0000002a  P2DIR                   
0000002b  P2IFG                   
0000002c  P2IES                   
0000002d  P2IE                    
0000002e  P2SEL                   
0000002f  P2REN                   
00000041  P1SEL2                  
00000042  P2SEL2                  
00000043  P3SEL2                  
00000048  ADC10DTC0               
00000049  ADC10DTC1               
0000004a  ADC10AE0                
00000050  __STACK_SIZE            
00000053  BCSCTL3                 
00000056  DCOCTL                  
00000057  BCSCTL1                 
00000058  BCSCTL2                 
00000059  CACTL1                  
0000005a  CACTL2                  
0000005b  CAPD                    
0000005d  UCA0ABCTL               
0000005e  UCA0IRTCTL              
0000005f  UCA0IRRCTL              
00000060  UCA0CTL0                
00000061  UCA0CTL1                
00000062  UCA0BR0                 
00000063  UCA0BR1                 
00000064  UCA0MCTL                
00000065  UCA0STAT                
00000066  UCA0RXBUF               
00000067  UCA0TXBUF               
00000068  UCB0CTL0                
00000069  UCB0CTL1                
0000006a  UCB0BR0                 
0000006b  UCB0BR1                 
0000006c  UCB0I2CIE               
0000006d  UCB0STAT                
0000006e  UCB0RXBUF               
0000006f  UCB0TXBUF               
00000118  UCB0I2COA               
0000011a  UCB0I2CSA               
0000011e  TA1IV                   
00000120  WDTCTL                  
00000128  FCTL1                   
0000012a  FCTL2                   
0000012c  FCTL3                   
0000012e  TA0IV                   
00000160  TA0CTL                  
00000162  TA0CCTL0                
00000164  TA0CCTL1                
00000166  TA0CCTL2                
00000170  TA0R                    
00000172  TA0CCR0                 
00000174  TA0CCR1                 
00000176  TA0CCR2                 
00000180  TA1CTL                  
00000182  TA1CCTL0                
00000184  TA1CCTL1                
00000186  TA1CCTL2                
00000190  TA1R                    
00000192  TA1CCR0                 
00000194  TA1CCR1                 
00000196  TA1CCR2                 
000001b0  ADC10CTL0               
000001b2  ADC10CTL1               
000001b4  ADC10MEM                
000001bc  ADC10SA                 
00000200  GameObj                 
0000022c  calc                    
00000240  XBuffer                 
00000250  YBuffer                 
00000260  ZBuffer                 
00000270  gPushButton             
0000027e  LEDControl              
00000280  TimeStamp               
00000282  X0                      
00000284  XAvg                    
00000286  XMax                    
00000288  XMin                    
0000028a  XSum                    
0000028c  Y0                      
0000028e  YAvg                    
00000290  YMax                    
00000292  YMin                    
00000294  YSum                    
00000296  Z0                      
00000298  ZAvg                    
0000029a  ZMax                    
0000029c  ZMin                    
0000029e  ZSum                    
000002a0  g1mSTimer               
000002a2  gButtonPresses          
000002a4  index                   
000002a6  myCalibrationState      
000002a8  phi                     
000002aa  theta                   
000002ac  testPattern             
000002c0  adc                     
000002c6  X_Axis                  
000002c8  Y_Axis                  
000002ca  Z_Axis                  
000003b0  _stack                  
00000400  __STACK_END             
000010c0  TLV_CHECKSUM            
000010da  TLV_ADC10_1_TAG         
000010db  TLV_ADC10_1_LEN         
000010f6  TLV_DCO_30_TAG          
000010f7  TLV_DCO_30_LEN          
000010f8  CALDCO_16MHZ            
000010f9  CALBC1_16MHZ            
000010fa  CALDCO_12MHZ            
000010fb  CALBC1_12MHZ            
000010fc  CALDCO_8MHZ             
000010fd  CALBC1_8MHZ             
000010fe  CALDCO_1MHZ             
000010ff  CALBC1_1MHZ             
0000c000  __TI_frcmpyd            
0000c2f4  __mspabi_mpyd           
0000c562  calculateArcHypXY       
0000c6c4  calculateArcHypZ        
0000c818  loseGame                
0000c938  main                    
0000ca18  Debouncer               
0000caba  __mspabi_fltlid         
0000cb5c  BlinkLEDs               
0000cbe6  __mspabi_fixdli         
0000cc58  Filter                  
0000cd2a  __mspabi_srll_15        
0000cd30  __mspabi_srll_14        
0000cd36  __mspabi_srll_13        
0000cd3c  __mspabi_srll_12        
0000cd42  __mspabi_srll_11        
0000cd48  __mspabi_srll_10        
0000cd4e  __mspabi_srll_9         
0000cd54  __mspabi_srll_8         
0000cd5a  __mspabi_srll_7         
0000cd60  __mspabi_srll_6         
0000cd66  __mspabi_srll_5         
0000cd6c  __mspabi_srll_4         
0000cd72  __mspabi_srll_3         
0000cd78  __mspabi_srll_2         
0000cd7e  __mspabi_srll_1         
0000cd86  DetermineDirection      
0000cde0  _auto_init              
0000ce38  IndicateLED             
0000ce86  __mspabi_srli           
0000ce94  __mspabi_srli_15        
0000ce98  __mspabi_srli_14        
0000ce9c  __mspabi_srli_13        
0000cea0  __mspabi_srli_12        
0000cea4  __mspabi_srli_11        
0000cea8  __mspabi_srli_10        
0000ceac  __mspabi_srli_9         
0000ceb0  __mspabi_srli_8         
0000ceb4  __mspabi_srli_7         
0000ceb8  __mspabi_srli_6         
0000cebc  __mspabi_srli_5         
0000cec0  __mspabi_srli_4         
0000cec4  __mspabi_srli_3         
0000cec8  __mspabi_srli_2         
0000cecc  __mspabi_srli_1         
0000ced2  StartCalibration        
0000cf1a  StoreValue              
0000cf62  __mspabi_sral_15        
0000cf66  __mspabi_sral_14        
0000cf6a  __mspabi_sral_13        
0000cf6e  __mspabi_sral_12        
0000cf72  __mspabi_sral_11        
0000cf76  __mspabi_sral_10        
0000cf7a  __mspabi_sral_9         
0000cf7e  __mspabi_sral_8         
0000cf82  __mspabi_sral_7         
0000cf86  __mspabi_sral_6         
0000cf8a  __mspabi_sral_5         
0000cf8e  __mspabi_sral_4         
0000cf92  __mspabi_sral_3         
0000cf96  __mspabi_sral_2         
0000cf9a  __mspabi_sral_1         
0000cfa0  __mspabi_slll_15        
0000cfa4  __mspabi_slll_14        
0000cfa8  __mspabi_slll_13        
0000cfac  __mspabi_slll_12        
0000cfb0  __mspabi_slll_11        
0000cfb4  __mspabi_slll_10        
0000cfb8  __mspabi_slll_9         
0000cfbc  __mspabi_slll_8         
0000cfc0  __mspabi_slll_7         
0000cfc4  __mspabi_slll_6         
0000cfc8  __mspabi_slll_5         
0000cfcc  __mspabi_slll_4         
0000cfd0  __mspabi_slll_3         
0000cfd4  __mspabi_slll_2         
0000cfd8  __mspabi_slll_1         
0000cfde  GetNextCalibrationState 
0000d016  Send8Bits               
0000d04a  ReadADC                 
0000d07a  startGame               
0000d0aa  CalculateZeros          
0000d0d6  ComputeAverage          
0000d102  __mspabi_srai           
0000d10e  __mspabi_srai_15        
0000d110  __mspabi_srai_14        
0000d112  __mspabi_srai_13        
0000d114  __mspabi_srai_12        
0000d116  __mspabi_srai_11        
0000d118  __mspabi_srai_10        
0000d11a  __mspabi_srai_9         
0000d11c  __mspabi_srai_8         
0000d11e  __mspabi_srai_7         
0000d120  __mspabi_srai_6         
0000d122  __mspabi_srai_5         
0000d124  __mspabi_srai_4         
0000d126  __mspabi_srai_3         
0000d128  __mspabi_srai_2         
0000d12a  __mspabi_srai_1         
0000d12e  __mspabi_slli           
0000d13a  __mspabi_slli_15        
0000d13c  __mspabi_slli_14        
0000d13e  __mspabi_slli_13        
0000d140  __mspabi_slli_12        
0000d142  __mspabi_slli_11        
0000d144  __mspabi_slli_10        
0000d146  __mspabi_slli_9         
0000d148  __mspabi_slli_8         
0000d14a  __mspabi_slli_7         
0000d14c  __mspabi_slli_6         
0000d14e  __mspabi_slli_5         
0000d150  __mspabi_slli_4         
0000d152  __mspabi_slli_3         
0000d154  __mspabi_slli_2         
0000d156  __mspabi_slli_1         
0000d15a  InitTimerSystem         
0000d182  ConfigureADC            
0000d1a8  InitializeVariables     
0000d1ce  __mspabi_mpyl           
0000d1ce  __mspabi_mpyl_sw        
0000d1f4  InitializeHardware      
0000d218  CheckDebounceTime       
0000d23a  TimerA0_routine         
0000d25c  InitPorts               
0000d27a  GetSwitch               
0000d296  WaitHighButton          
0000d2b0  WaitLowButton           
0000d2ca  _c_int00_noargs_noexit  
0000d2e4  InitLEDDisplay          
0000d2fa  __TI_zero_init          
0000d30e  __TI_decompress_none    
0000d320  __mspabi_srll           
0000d332  memcpy                  
0000d344  __mspabi_sral           
0000d354  __mspabi_func_epilog_7  
0000d356  __mspabi_func_epilog_6  
0000d358  __mspabi_func_epilog_5  
0000d35a  __mspabi_func_epilog_4  
0000d35c  __mspabi_func_epilog_3  
0000d35e  __mspabi_func_epilog_2  
0000d360  __mspabi_func_epilog_1  
0000d364  LightLED                
0000d372  TimerA1_routine         
0000d380  InitLEDState            
0000d388  __TI_ISR_TRAP           
0000d38e  __TI_decompress_rle24   
0000d394  _system_pre_init        
0000d398  C$$EXIT                 
0000d398  abort                   
0000d39c  table                   
0000d3d8  __TI_Handler_Table_Base 
0000d3de  __TI_Handler_Table_Limit
0000d3e2  __TI_CINIT_Base         
0000d3ea  __TI_CINIT_Limit        
0000ffe0  __TI_int00              
0000ffe4  __TI_int02              
0000ffe6  __TI_int03              
0000ffea  __TI_int05              
0000ffec  __TI_int06              
0000ffee  __TI_int07              
0000fff0  __TI_int08              
0000fff2  __TI_int09              
0000fff4  __TI_int10              
0000fff6  __TI_int11              
0000fff8  __TI_int12              
0000fffa  __TI_int13              
0000fffc  __TI_int14              
0000fffe  _reset_vector           
ffffffff  __binit__               
ffffffff  __c_args__              
ffffffff  binit                   
UNDEFED   __TI_INITARRAY_Base     
UNDEFED   __TI_INITARRAY_Limit    

[308 symbols]
