******************************************************************************
                  MSP430 Linker PC v4.4.3                      
******************************************************************************
>> Linked Sat Nov 28 15:30:26 2015

OUTPUT FILE NAME:   <ECE3430-Final-Project.out>
ENTRY POINT SYMBOL: "_c_int00_noargs_noexit"  address: 0000c818


MEMORY CONFIGURATION

         name            origin    length      used     unused   attr    fill
----------------------  --------  ---------  --------  --------  ----  --------
  SFR                   00000000   00000010  00000000  00000010  RWIX
  PERIPHERALS_8BIT      00000010   000000f0  00000000  000000f0  RWIX
  PERIPHERALS_16BIT     00000100   00000100  00000000  00000100  RWIX
  RAM                   00000200   00000200  0000011d  000000e3  RWIX
  INFOD                 00001000   00000040  00000000  00000040  RWIX
  INFOC                 00001040   00000040  00000000  00000040  RWIX
  INFOB                 00001080   00000040  00000000  00000040  RWIX
  INFOA                 000010c0   00000040  00000000  00000040  RWIX
  FLASH                 0000c000   00003fe0  000008f8  000036e8  RWIX
  INT00                 0000ffe0   00000002  00000002  00000000  RWIX
  INT01                 0000ffe2   00000002  00000000  00000002  RWIX
  INT02                 0000ffe4   00000002  00000002  00000000  RWIX
  INT03                 0000ffe6   00000002  00000002  00000000  RWIX
  INT04                 0000ffe8   00000002  00000000  00000002  RWIX
  INT05                 0000ffea   00000002  00000002  00000000  RWIX
  INT06                 0000ffec   00000002  00000002  00000000  RWIX
  INT07                 0000ffee   00000002  00000002  00000000  RWIX
  INT08                 0000fff0   00000002  00000002  00000000  RWIX
  INT09                 0000fff2   00000002  00000002  00000000  RWIX
  INT10                 0000fff4   00000002  00000002  00000000  RWIX
  INT11                 0000fff6   00000002  00000002  00000000  RWIX
  INT12                 0000fff8   00000002  00000002  00000000  RWIX
  INT13                 0000fffa   00000002  00000002  00000000  RWIX
  INT14                 0000fffc   00000002  00000002  00000000  RWIX
  RESET                 0000fffe   00000002  00000002  00000000  RWIX


SECTION ALLOCATION MAP

 output                                  attributes/
section   page    origin      length       input sections
--------  ----  ----------  ----------   ----------------
.bss       0    00000200    000000ad     UNINITIALIZED
                  00000200    0000002c     (.common:GameObj)
                  0000022c    00000018     (.common:LEDControl)
                  00000244    00000010     (.common:XBuffer)
                  00000254    00000010     (.common:YBuffer)
                  00000264    00000010     (.common:ZBuffer)
                  00000274    0000000e     (.common:gPushButton)
                  00000282    00000002     (.common:TimeStamp)
                  00000284    00000002     (.common:X0)
                  00000286    00000002     (.common:XAvg)
                  00000288    00000002     (.common:XMax)
                  0000028a    00000002     (.common:XMin)
                  0000028c    00000002     (.common:XSum)
                  0000028e    00000002     (.common:Y0)
                  00000290    00000002     (.common:YAvg)
                  00000292    00000002     (.common:YMax)
                  00000294    00000002     (.common:YMin)
                  00000296    00000002     (.common:YSum)
                  00000298    00000002     (.common:Z0)
                  0000029a    00000002     (.common:ZAvg)
                  0000029c    00000002     (.common:ZMax)
                  0000029e    00000002     (.common:ZMin)
                  000002a0    00000002     (.common:ZSum)
                  000002a2    00000002     (.common:g1mSTimer)
                  000002a4    00000002     (.common:gButtonPresses)
                  000002a6    00000002     (.common:i)
                  000002a8    00000002     (.common:index)
                  000002aa    00000002     (.common:myCalibrationState)
                  000002ac    00000001     (.common:CurrentLEDCodeValue)

.data      0    000002ae    00000020     UNINITIALIZED
                  000002ae    00000014     memory_game.obj (.data:testPattern)
                  000002c2    00000006     adc_accel.obj (.data:adc)
                  000002c8    00000006     adc_accel.obj (.data)

.stack     0    000003b0    00000050     UNINITIALIZED
                  000003b0    00000002     rts430_eabi.lib : boot.obj (.stack)
                  000003b2    0000004e     --HOLE--

.text      0    0000c000    000008ca     
                  0000c000    00000120     memory_game.obj (.text:loseGame)
                  0000c120    000000a2     debounce.obj (.text:Debouncer)
                  0000c1c2    00000092     led_accel.obj (.text:IndicateLED)
                  0000c254    0000008a     led_accel.obj (.text:BlinkLEDs)
                  0000c2de    0000006e     adc_accel.obj (.text:Filter)
                  0000c34c    00000068     main.obj (.text:TimerA1_routine)
                  0000c3b4    00000064     rts430_eabi.lib : copy_decompress_rle.obj (.text:__TI_decompress_rle_core)
                  0000c418    00000058                     : autoinit.obj (.text:_auto_init)
                  0000c470    0000004e     led_accel.obj (.text:StartCalibration)
                  0000c4be    00000048     led_accel.obj (.text:StoreValue)
                  0000c506    00000042     main.obj (.text:main)
                  0000c548    00000038     led_accel.obj (.text:GetNextCalibrationState)
                  0000c580    00000036     main.obj (.text:TimerA0_routine)
                  0000c5b6    00000034     led_accel.obj (.text:Send8Bits)
                  0000c5ea    00000030     adc_accel.obj (.text:ReadADC)
                  0000c61a    00000030     memory_game.obj (.text:startGame)
                  0000c64a    0000002c     led_accel.obj (.text:CalculateZeros)
                  0000c676    0000002c     adc_accel.obj (.text:ComputeAverage)
                  0000c6a2    0000002c     rts430_eabi.lib : lsl16.obj (.text)
                  0000c6ce    00000028     init.obj (.text:InitTimerSystem)
                  0000c6f6    00000026     adc_accel.obj (.text:ConfigureADC)
                  0000c71c    00000026     init.obj (.text:InitializeVariables)
                  0000c742    00000024     init.obj (.text:InitializeHardware)
                  0000c766    00000022     debounce.obj (.text:CheckDebounceTime)
                  0000c788    00000022     init.obj (.text:InitLEDState)
                  0000c7aa    0000001e     init.obj (.text:InitPorts)
                  0000c7c8    0000001c     debounce.obj (.text:GetSwitch)
                  0000c7e4    0000001a     led_accel.obj (.text:WaitHighButton)
                  0000c7fe    0000001a     led_accel.obj (.text:WaitLowButton)
                  0000c818    0000001a     rts430_eabi.lib : boot_special.obj (.text:_c_int00_noargs_noexit)
                  0000c832    00000018     led_accel.obj (.text:SetAllLEDs)
                  0000c84a    00000016     init.obj (.text:InitLEDDisplay)
                  0000c860    00000014     rts430_eabi.lib : copy_zero_init.obj (.text:decompress:ZI:__TI_zero_init)
                  0000c874    00000012                     : copy_decompress_none.obj (.text:decompress:none:__TI_decompress_none)
                  0000c886    00000012                     : memcpy.obj (.text:memcpy)
                  0000c898    00000010                     : epilog.obj (.text)
                  0000c8a8    0000000e     led_accel.obj (.text:LightLED)
                  0000c8b6    00000006     rts430_eabi.lib : isr_trap.obj (.text:_isr:__TI_ISR_TRAP)
                  0000c8bc    00000006                     : copy_decompress_rle.obj (.text:decompress:rle24:__TI_decompress_rle24)
                  0000c8c2    00000004                     : pre_init.obj (.text:_system_pre_init)
                  0000c8c6    00000004                     : exit.obj (.text:abort)

.cinit     0    0000c8ca    0000002e     
                  0000c8ca    0000001c     (.cinit..data.load) [load image, compression = rle]
                  0000c8e6    00000006     (__TI_handler_table)
                  0000c8ec    00000004     (.cinit..bss.load) [load image, compression = zero_init]
                  0000c8f0    00000008     (__TI_cinit_table)

.init_array 
*          0    0000c000    00000000     UNINITIALIZED

.TI.persistent 
*          0    000002ae    00000000     UNINITIALIZED

TRAPINT    0    0000ffe0    00000002     
                  0000ffe0    00000002     rts430_eabi.lib : int00.obj (.int00)

PORT1      0    0000ffe4    00000002     
                  0000ffe4    00000002     rts430_eabi.lib : int02.obj (.int02)

PORT2      0    0000ffe6    00000002     
                  0000ffe6    00000002     rts430_eabi.lib : int03.obj (.int03)

ADC10      0    0000ffea    00000002     
                  0000ffea    00000002     rts430_eabi.lib : int05.obj (.int05)

USCIAB0TX 
*          0    0000ffec    00000002     
                  0000ffec    00000002     rts430_eabi.lib : int06.obj (.int06)

USCIAB0RX 
*          0    0000ffee    00000002     
                  0000ffee    00000002     rts430_eabi.lib : int07.obj (.int07)

TIMER0_A1 
*          0    0000fff0    00000002     
                  0000fff0    00000002     main.obj (.int08)

TIMER0_A0 
*          0    0000fff2    00000002     
                  0000fff2    00000002     main.obj (.int09)

WDT        0    0000fff4    00000002     
                  0000fff4    00000002     rts430_eabi.lib : int10.obj (.int10)

COMPARATORA 
*          0    0000fff6    00000002     
                  0000fff6    00000002     rts430_eabi.lib : int11.obj (.int11)

TIMER1_A1 
*          0    0000fff8    00000002     
                  0000fff8    00000002     rts430_eabi.lib : int12.obj (.int12)

TIMER1_A0 
*          0    0000fffa    00000002     
                  0000fffa    00000002     rts430_eabi.lib : int13.obj (.int13)

NMI        0    0000fffc    00000002     
                  0000fffc    00000002     rts430_eabi.lib : int14.obj (.int14)

.reset     0    0000fffe    00000002     
                  0000fffe    00000002     rts430_eabi.lib : boot.obj (.reset)


LINKER GENERATED COPY TABLES

__TI_cinit_table @ 0000c8f0 records: 2, size/record: 4, table size: 8
	.data: load addr=0000c8ca, load size=0000001c bytes, run addr=000002ae, run size=00000020 bytes, compression=rle
	.bss: load addr=0000c8ec, load size=00000004 bytes, run addr=00000200, run size=000000ad bytes, compression=zero_init


LINKER GENERATED HANDLER TABLE

__TI_handler_table @ 0000c8e6 records: 3, size/record: 2, table size: 6
	index: 0, handler: __TI_zero_init
	index: 1, handler: __TI_decompress_rle24
	index: 2, handler: __TI_decompress_none


GLOBAL SYMBOLS: SORTED ALPHABETICALLY BY Name 

address   name                    
-------   ----                    
0000004a  ADC10AE0                
000001b0  ADC10CTL0               
000001b2  ADC10CTL1               
00000048  ADC10DTC0               
00000049  ADC10DTC1               
000001b4  ADC10MEM                
000001bc  ADC10SA                 
00000057  BCSCTL1                 
00000058  BCSCTL2                 
00000053  BCSCTL3                 
0000c254  BlinkLEDs               
0000c8c6  C$$EXIT                 
00000059  CACTL1                  
0000005a  CACTL2                  
000010fb  CALBC1_12MHZ            
000010f9  CALBC1_16MHZ            
000010ff  CALBC1_1MHZ             
000010fd  CALBC1_8MHZ             
000010fa  CALDCO_12MHZ            
000010f8  CALDCO_16MHZ            
000010fe  CALDCO_1MHZ             
000010fc  CALDCO_8MHZ             
0000005b  CAPD                    
0000c64a  CalculateZeros          
0000c766  CheckDebounceTime       
0000c676  ComputeAverage          
0000c6f6  ConfigureADC            
000002ac  CurrentLEDCodeValue     
00000056  DCOCTL                  
0000c120  Debouncer               
00000128  FCTL1                   
0000012a  FCTL2                   
0000012c  FCTL3                   
0000c2de  Filter                  
00000200  GameObj                 
0000c548  GetNextCalibrationState 
0000c7c8  GetSwitch               
00000000  IE1                     
00000001  IE2                     
00000002  IFG1                    
00000003  IFG2                    
0000c1c2  IndicateLED             
0000c84a  InitLEDDisplay          
0000c788  InitLEDState            
0000c7aa  InitPorts               
0000c6ce  InitTimerSystem         
0000c742  InitializeHardware      
0000c71c  InitializeVariables     
0000022c  LEDControl              
0000c8a8  LightLED                
00000022  P1DIR                   
00000025  P1IE                    
00000024  P1IES                   
00000023  P1IFG                   
00000020  P1IN                    
00000021  P1OUT                   
00000027  P1REN                   
00000026  P1SEL                   
00000041  P1SEL2                  
0000002a  P2DIR                   
0000002d  P2IE                    
0000002c  P2IES                   
0000002b  P2IFG                   
00000028  P2IN                    
00000029  P2OUT                   
0000002f  P2REN                   
0000002e  P2SEL                   
00000042  P2SEL2                  
0000001a  P3DIR                   
00000018  P3IN                    
00000019  P3OUT                   
00000010  P3REN                   
0000001b  P3SEL                   
00000043  P3SEL2                  
0000c5ea  ReadADC                 
0000c5b6  Send8Bits               
0000c832  SetAllLEDs              
0000c470  StartCalibration        
0000c4be  StoreValue              
00000172  TA0CCR0                 
00000174  TA0CCR1                 
00000176  TA0CCR2                 
00000162  TA0CCTL0                
00000164  TA0CCTL1                
00000166  TA0CCTL2                
00000160  TA0CTL                  
0000012e  TA0IV                   
00000170  TA0R                    
00000192  TA1CCR0                 
00000194  TA1CCR1                 
00000196  TA1CCR2                 
00000182  TA1CCTL0                
00000184  TA1CCTL1                
00000186  TA1CCTL2                
00000180  TA1CTL                  
0000011e  TA1IV                   
00000190  TA1R                    
000010db  TLV_ADC10_1_LEN         
000010da  TLV_ADC10_1_TAG         
000010c0  TLV_CHECKSUM            
000010f7  TLV_DCO_30_LEN          
000010f6  TLV_DCO_30_TAG          
00000282  TimeStamp               
0000c580  TimerA0_routine         
0000c34c  TimerA1_routine         
0000005d  UCA0ABCTL               
00000062  UCA0BR0                 
00000063  UCA0BR1                 
00000060  UCA0CTL0                
00000061  UCA0CTL1                
0000005f  UCA0IRRCTL              
0000005e  UCA0IRTCTL              
00000064  UCA0MCTL                
00000066  UCA0RXBUF               
00000065  UCA0STAT                
00000067  UCA0TXBUF               
0000006a  UCB0BR0                 
0000006b  UCB0BR1                 
00000068  UCB0CTL0                
00000069  UCB0CTL1                
0000006c  UCB0I2CIE               
00000118  UCB0I2COA               
0000011a  UCB0I2CSA               
0000006e  UCB0RXBUF               
0000006d  UCB0STAT                
0000006f  UCB0TXBUF               
00000120  WDTCTL                  
0000c7e4  WaitHighButton          
0000c7fe  WaitLowButton           
00000284  X0                      
00000286  XAvg                    
00000244  XBuffer                 
00000288  XMax                    
0000028a  XMin                    
0000028c  XSum                    
000002c8  X_Axis                  
0000028e  Y0                      
00000290  YAvg                    
00000254  YBuffer                 
00000292  YMax                    
00000294  YMin                    
00000296  YSum                    
000002ca  Y_Axis                  
00000298  Z0                      
0000029a  ZAvg                    
00000264  ZBuffer                 
0000029c  ZMax                    
0000029e  ZMin                    
000002a0  ZSum                    
000002cc  Z_Axis                  
00000400  __STACK_END             
00000050  __STACK_SIZE            
0000c8f0  __TI_CINIT_Base         
0000c8f8  __TI_CINIT_Limit        
0000c8e6  __TI_Handler_Table_Base 
0000c8ec  __TI_Handler_Table_Limit
UNDEFED   __TI_INITARRAY_Base     
UNDEFED   __TI_INITARRAY_Limit    
0000c8b6  __TI_ISR_TRAP           
0000c874  __TI_decompress_none    
0000c8bc  __TI_decompress_rle24   
0000ffe0  __TI_int00              
0000ffe4  __TI_int02              
0000ffe6  __TI_int03              
0000ffea  __TI_int05              
0000ffec  __TI_int06              
0000ffee  __TI_int07              
0000fff0  __TI_int08              
0000fff2  __TI_int09              
0000fff4  __TI_int10              
0000fff6  __TI_int11              
0000fff8  __TI_int12              
0000fffa  __TI_int13              
0000fffc  __TI_int14              
0000c860  __TI_zero_init          
ffffffff  __binit__               
ffffffff  __c_args__              
0000c8a4  __mspabi_func_epilog_1  
0000c8a2  __mspabi_func_epilog_2  
0000c8a0  __mspabi_func_epilog_3  
0000c89e  __mspabi_func_epilog_4  
0000c89c  __mspabi_func_epilog_5  
0000c89a  __mspabi_func_epilog_6  
0000c898  __mspabi_func_epilog_7  
0000c6a2  __mspabi_slli           
0000c6ca  __mspabi_slli_1         
0000c6b8  __mspabi_slli_10        
0000c6b6  __mspabi_slli_11        
0000c6b4  __mspabi_slli_12        
0000c6b2  __mspabi_slli_13        
0000c6b0  __mspabi_slli_14        
0000c6ae  __mspabi_slli_15        
0000c6c8  __mspabi_slli_2         
0000c6c6  __mspabi_slli_3         
0000c6c4  __mspabi_slli_4         
0000c6c2  __mspabi_slli_5         
0000c6c0  __mspabi_slli_6         
0000c6be  __mspabi_slli_7         
0000c6bc  __mspabi_slli_8         
0000c6ba  __mspabi_slli_9         
0000c418  _auto_init              
0000c818  _c_int00_noargs_noexit  
0000fffe  _reset_vector           
000003b0  _stack                  
0000c8c2  _system_pre_init        
0000c8c6  abort                   
000002c2  adc                     
ffffffff  binit                   
000002a2  g1mSTimer               
000002a4  gButtonPresses          
00000274  gPushButton             
000002a6  i                       
000002a8  index                   
0000c000  loseGame                
0000c506  main                    
0000c886  memcpy                  
000002aa  myCalibrationState      
0000c61a  startGame               
000002ae  testPattern             


GLOBAL SYMBOLS: SORTED BY Symbol Address 

address   name                    
-------   ----                    
00000000  IE1                     
00000001  IE2                     
00000002  IFG1                    
00000003  IFG2                    
00000010  P3REN                   
00000018  P3IN                    
00000019  P3OUT                   
0000001a  P3DIR                   
0000001b  P3SEL                   
00000020  P1IN                    
00000021  P1OUT                   
00000022  P1DIR                   
00000023  P1IFG                   
00000024  P1IES                   
00000025  P1IE                    
00000026  P1SEL                   
00000027  P1REN                   
00000028  P2IN                    
00000029  P2OUT                   
0000002a  P2DIR                   
0000002b  P2IFG                   
0000002c  P2IES                   
0000002d  P2IE                    
0000002e  P2SEL                   
0000002f  P2REN                   
00000041  P1SEL2                  
00000042  P2SEL2                  
00000043  P3SEL2                  
00000048  ADC10DTC0               
00000049  ADC10DTC1               
0000004a  ADC10AE0                
00000050  __STACK_SIZE            
00000053  BCSCTL3                 
00000056  DCOCTL                  
00000057  BCSCTL1                 
00000058  BCSCTL2                 
00000059  CACTL1                  
0000005a  CACTL2                  
0000005b  CAPD                    
0000005d  UCA0ABCTL               
0000005e  UCA0IRTCTL              
0000005f  UCA0IRRCTL              
00000060  UCA0CTL0                
00000061  UCA0CTL1                
00000062  UCA0BR0                 
00000063  UCA0BR1                 
00000064  UCA0MCTL                
00000065  UCA0STAT                
00000066  UCA0RXBUF               
00000067  UCA0TXBUF               
00000068  UCB0CTL0                
00000069  UCB0CTL1                
0000006a  UCB0BR0                 
0000006b  UCB0BR1                 
0000006c  UCB0I2CIE               
0000006d  UCB0STAT                
0000006e  UCB0RXBUF               
0000006f  UCB0TXBUF               
00000118  UCB0I2COA               
0000011a  UCB0I2CSA               
0000011e  TA1IV                   
00000120  WDTCTL                  
00000128  FCTL1                   
0000012a  FCTL2                   
0000012c  FCTL3                   
0000012e  TA0IV                   
00000160  TA0CTL                  
00000162  TA0CCTL0                
00000164  TA0CCTL1                
00000166  TA0CCTL2                
00000170  TA0R                    
00000172  TA0CCR0                 
00000174  TA0CCR1                 
00000176  TA0CCR2                 
00000180  TA1CTL                  
00000182  TA1CCTL0                
00000184  TA1CCTL1                
00000186  TA1CCTL2                
00000190  TA1R                    
00000192  TA1CCR0                 
00000194  TA1CCR1                 
00000196  TA1CCR2                 
000001b0  ADC10CTL0               
000001b2  ADC10CTL1               
000001b4  ADC10MEM                
000001bc  ADC10SA                 
00000200  GameObj                 
0000022c  LEDControl              
00000244  XBuffer                 
00000254  YBuffer                 
00000264  ZBuffer                 
00000274  gPushButton             
00000282  TimeStamp               
00000284  X0                      
00000286  XAvg                    
00000288  XMax                    
0000028a  XMin                    
0000028c  XSum                    
0000028e  Y0                      
00000290  YAvg                    
00000292  YMax                    
00000294  YMin                    
00000296  YSum                    
00000298  Z0                      
0000029a  ZAvg                    
0000029c  ZMax                    
0000029e  ZMin                    
000002a0  ZSum                    
000002a2  g1mSTimer               
000002a4  gButtonPresses          
000002a6  i                       
000002a8  index                   
000002aa  myCalibrationState      
000002ac  CurrentLEDCodeValue     
000002ae  testPattern             
000002c2  adc                     
000002c8  X_Axis                  
000002ca  Y_Axis                  
000002cc  Z_Axis                  
000003b0  _stack                  
00000400  __STACK_END             
000010c0  TLV_CHECKSUM            
000010da  TLV_ADC10_1_TAG         
000010db  TLV_ADC10_1_LEN         
000010f6  TLV_DCO_30_TAG          
000010f7  TLV_DCO_30_LEN          
000010f8  CALDCO_16MHZ            
000010f9  CALBC1_16MHZ            
000010fa  CALDCO_12MHZ            
000010fb  CALBC1_12MHZ            
000010fc  CALDCO_8MHZ             
000010fd  CALBC1_8MHZ             
000010fe  CALDCO_1MHZ             
000010ff  CALBC1_1MHZ             
0000c000  loseGame                
0000c120  Debouncer               
0000c1c2  IndicateLED             
0000c254  BlinkLEDs               
0000c2de  Filter                  
0000c34c  TimerA1_routine         
0000c418  _auto_init              
0000c470  StartCalibration        
0000c4be  StoreValue              
0000c506  main                    
0000c548  GetNextCalibrationState 
0000c580  TimerA0_routine         
0000c5b6  Send8Bits               
0000c5ea  ReadADC                 
0000c61a  startGame               
0000c64a  CalculateZeros          
0000c676  ComputeAverage          
0000c6a2  __mspabi_slli           
0000c6ae  __mspabi_slli_15        
0000c6b0  __mspabi_slli_14        
0000c6b2  __mspabi_slli_13        
0000c6b4  __mspabi_slli_12        
0000c6b6  __mspabi_slli_11        
0000c6b8  __mspabi_slli_10        
0000c6ba  __mspabi_slli_9         
0000c6bc  __mspabi_slli_8         
0000c6be  __mspabi_slli_7         
0000c6c0  __mspabi_slli_6         
0000c6c2  __mspabi_slli_5         
0000c6c4  __mspabi_slli_4         
0000c6c6  __mspabi_slli_3         
0000c6c8  __mspabi_slli_2         
0000c6ca  __mspabi_slli_1         
0000c6ce  InitTimerSystem         
0000c6f6  ConfigureADC            
0000c71c  InitializeVariables     
0000c742  InitializeHardware      
0000c766  CheckDebounceTime       
0000c788  InitLEDState            
0000c7aa  InitPorts               
0000c7c8  GetSwitch               
0000c7e4  WaitHighButton          
0000c7fe  WaitLowButton           
0000c818  _c_int00_noargs_noexit  
0000c832  SetAllLEDs              
0000c84a  InitLEDDisplay          
0000c860  __TI_zero_init          
0000c874  __TI_decompress_none    
0000c886  memcpy                  
0000c898  __mspabi_func_epilog_7  
0000c89a  __mspabi_func_epilog_6  
0000c89c  __mspabi_func_epilog_5  
0000c89e  __mspabi_func_epilog_4  
0000c8a0  __mspabi_func_epilog_3  
0000c8a2  __mspabi_func_epilog_2  
0000c8a4  __mspabi_func_epilog_1  
0000c8a8  LightLED                
0000c8b6  __TI_ISR_TRAP           
0000c8bc  __TI_decompress_rle24   
0000c8c2  _system_pre_init        
0000c8c6  C$$EXIT                 
0000c8c6  abort                   
0000c8e6  __TI_Handler_Table_Base 
0000c8ec  __TI_Handler_Table_Limit
0000c8f0  __TI_CINIT_Base         
0000c8f8  __TI_CINIT_Limit        
0000ffe0  __TI_int00              
0000ffe4  __TI_int02              
0000ffe6  __TI_int03              
0000ffea  __TI_int05              
0000ffec  __TI_int06              
0000ffee  __TI_int07              
0000fff0  __TI_int08              
0000fff2  __TI_int09              
0000fff4  __TI_int10              
0000fff6  __TI_int11              
0000fff8  __TI_int12              
0000fffa  __TI_int13              
0000fffc  __TI_int14              
0000fffe  _reset_vector           
ffffffff  __binit__               
ffffffff  __c_args__              
ffffffff  binit                   
UNDEFED   __TI_INITARRAY_Base     
UNDEFED   __TI_INITARRAY_Limit    

[219 symbols]
