******************************************************************************
                  MSP430 Linker PC v4.4.3                      
******************************************************************************
>> Linked Sat Nov 28 14:24:22 2015

OUTPUT FILE NAME:   <ECE3430-Final-Project.out>
ENTRY POINT SYMBOL: "_c_int00_noargs_noexit"  address: 0000d442


MEMORY CONFIGURATION

         name            origin    length      used     unused   attr    fill
----------------------  --------  ---------  --------  --------  ----  --------
  SFR                   00000000   00000010  00000000  00000010  RWIX
  PERIPHERALS_8BIT      00000010   000000f0  00000000  000000f0  RWIX
  PERIPHERALS_16BIT     00000100   00000100  00000000  00000100  RWIX
  RAM                   00000200   00000200  00000107  000000f9  RWIX
  INFOD                 00001000   00000040  00000000  00000040  RWIX
  INFOC                 00001040   00000040  00000000  00000040  RWIX
  INFOB                 00001080   00000040  00000000  00000040  RWIX
  INFOA                 000010c0   00000040  00000000  00000040  RWIX
  FLASH                 0000c000   00003fe0  00001560  00002a80  RWIX
  INT00                 0000ffe0   00000002  00000002  00000000  RWIX
  INT01                 0000ffe2   00000002  00000000  00000002  RWIX
  INT02                 0000ffe4   00000002  00000002  00000000  RWIX
  INT03                 0000ffe6   00000002  00000002  00000000  RWIX
  INT04                 0000ffe8   00000002  00000000  00000002  RWIX
  INT05                 0000ffea   00000002  00000002  00000000  RWIX
  INT06                 0000ffec   00000002  00000002  00000000  RWIX
  INT07                 0000ffee   00000002  00000002  00000000  RWIX
  INT08                 0000fff0   00000002  00000002  00000000  RWIX
  INT09                 0000fff2   00000002  00000002  00000000  RWIX
  INT10                 0000fff4   00000002  00000002  00000000  RWIX
  INT11                 0000fff6   00000002  00000002  00000000  RWIX
  INT12                 0000fff8   00000002  00000002  00000000  RWIX
  INT13                 0000fffa   00000002  00000002  00000000  RWIX
  INT14                 0000fffc   00000002  00000002  00000000  RWIX
  RESET                 0000fffe   00000002  00000002  00000000  RWIX


SECTION ALLOCATION MAP

 output                                  attributes/
section   page    origin      length       input sections
--------  ----  ----------  ----------   ----------------
.bss       0    00000200    0000009b     UNINITIALIZED
                  00000200    0000001a     (.common:LEDControl)
                  0000021a    00000014     (.common:calc)
                  0000022e    00000010     (.common:XBuffer)
                  0000023e    00000010     (.common:YBuffer)
                  0000024e    00000010     (.common:ZBuffer)
                  0000025e    0000000e     (.common:gPushButton)
                  0000026c    00000002     (.common:TimeStamp)
                  0000026e    00000002     (.common:X0)
                  00000270    00000002     (.common:XAvg)
                  00000272    00000002     (.common:XMax)
                  00000274    00000002     (.common:XMin)
                  00000276    00000002     (.common:XSum)
                  00000278    00000002     (.common:Y0)
                  0000027a    00000002     (.common:YAvg)
                  0000027c    00000002     (.common:YMax)
                  0000027e    00000002     (.common:YMin)
                  00000280    00000002     (.common:YSum)
                  00000282    00000002     (.common:Z0)
                  00000284    00000002     (.common:ZAvg)
                  00000286    00000002     (.common:ZMax)
                  00000288    00000002     (.common:ZMin)
                  0000028a    00000002     (.common:ZSum)
                  0000028c    00000002     (.common:g1mSTimer)
                  0000028e    00000002     (.common:gButtonPresses)
                  00000290    00000002     (.common:i)
                  00000292    00000002     (.common:index)
                  00000294    00000002     (.common:myCalibrationState)
                  00000296    00000002     (.common:phi)
                  00000298    00000002     (.common:theta)
                  0000029a    00000001     (.common:CurrentLEDCodeValue)

.data      0    0000029c    0000001c     UNINITIALIZED
                  0000029c    00000010     led_accel.obj (.data:TripleLightCodes)
                  000002ac    00000006     adc_accel.obj (.data:adc)
                  000002b2    00000006     adc_accel.obj (.data)

.TI.persistent 
*          0    0000029c    00000000     UNINITIALIZED

.stack     0    000003b0    00000050     UNINITIALIZED
                  000003b0    00000002     rts430_eabi.lib : boot.obj (.stack)
                  000003b2    0000004e     --HOLE--

.text      0    0000c000    00001516     
                  0000c000    000002f4     rts430_eabi.lib : frcmpyd.obj (.text:__TI_frcmpyd)
                  0000c2f4    0000026e                     : mpyd.obj (.text:__mspabi_mpyd)
                  0000c562    00000162     cordic.obj (.text:calculateArcHypXY)
                  0000c6c4    00000154     cordic.obj (.text:calculateArcHypZ)
                  0000c818    0000011a     main.obj (.text:main)
                  0000c932    000000e8     led_accel.obj (.text:LightLEDsByDirection)
                  0000ca1a    000000a2     debounce.obj (.text:Debouncer)
                  0000cabc    000000a2     rts430_eabi.lib : fltlid.obj (.text:__mspabi_fltlid)
                  0000cb5e    00000092     led_accel.obj (.text:IndicateLED)
                  0000cbf0    0000008a     led_accel.obj (.text:BlinkLEDs)
                  0000cc7a    00000072     rts430_eabi.lib : fixdli.obj (.text:__mspabi_fixdli)
                  0000ccec    0000006e     adc_accel.obj (.text:Filter)
                  0000cd5a    00000068     main.obj (.text:TimerA1_routine)
                  0000cdc2    00000064     rts430_eabi.lib : copy_decompress_rle.obj (.text:__TI_decompress_rle_core)
                  0000ce26    0000005e     led_accel.obj (.text:DetermineDirection)
                  0000ce84    0000005c     rts430_eabi.lib : lsr32.obj (.text:l_lsr_const)
                  0000cee0    00000058                     : autoinit.obj (.text:_auto_init)
                  0000cf38    0000004e     led_accel.obj (.text:StartCalibration)
                  0000cf86    0000004c     rts430_eabi.lib : lsr16.obj (.text)
                  0000cfd2    00000048     led_accel.obj (.text:StoreValue)
                  0000d01a    0000003e     rts430_eabi.lib : asr32.obj (.text:l_asr_const)
                  0000d058    0000003e                     : lsl32.obj (.text:l_lsl_const)
                  0000d096    00000038     led_accel.obj (.text:GetNextCalibrationState)
                  0000d0ce    00000036     led_accel.obj (.text:DetermineBrightness)
                  0000d104    00000036     led_accel.obj (.text:DetermineStateFromPhi)
                  0000d13a    00000036     main.obj (.text:TimerA0_routine)
                  0000d170    00000034     led_accel.obj (.text:Send8Bits)
                  0000d1a4    00000030     adc_accel.obj (.text:ReadADC)
                  0000d1d4    0000002c     led_accel.obj (.text:CalculateZeros)
                  0000d200    0000002c     adc_accel.obj (.text:ComputeAverage)
                  0000d22c    0000002c     led_accel.obj (.text:DetermineNextLowestLEDState)
                  0000d258    0000002c     rts430_eabi.lib : asr16.obj (.text)
                  0000d284    0000002c                     : lsl16.obj (.text)
                  0000d2b0    00000028     init.obj (.text:InitTimerSystem)
                  0000d2d8    00000026     adc_accel.obj (.text:ConfigureADC)
                  0000d2fe    00000026     init.obj (.text:InitializeVariables)
                  0000d324    00000026     rts430_eabi.lib : mult32.obj (.text)
                  0000d34a    00000024     init.obj (.text:InitializeHardware)
                  0000d36e    00000022     debounce.obj (.text:CheckDebounceTime)
                  0000d390    00000022     init.obj (.text:InitLEDState)
                  0000d3b2    00000022     led_accel.obj (.text:SetAdjacentLEDWidthsAtLowerBrightness)
                  0000d3d4    0000001e     init.obj (.text:InitPorts)
                  0000d3f2    0000001c     debounce.obj (.text:GetSwitch)
                  0000d40e    0000001a     led_accel.obj (.text:WaitHighButton)
                  0000d428    0000001a     led_accel.obj (.text:WaitLowButton)
                  0000d442    0000001a     rts430_eabi.lib : boot_special.obj (.text:_c_int00_noargs_noexit)
                  0000d45c    00000018     led_accel.obj (.text:SetAllLEDs)
                  0000d474    00000016     init.obj (.text:InitLEDDisplay)
                  0000d48a    00000014     rts430_eabi.lib : copy_zero_init.obj (.text:decompress:ZI:__TI_zero_init)
                  0000d49e    00000012                     : copy_decompress_none.obj (.text:decompress:none:__TI_decompress_none)
                  0000d4b0    00000012                     : lsr32.obj (.text:l_lsr)
                  0000d4c2    00000012                     : memcpy.obj (.text:memcpy)
                  0000d4d4    00000010                     : asr32.obj (.text:l_asr)
                  0000d4e4    00000010                     : epilog.obj (.text)
                  0000d4f4    0000000e     led_accel.obj (.text:LightLED)
                  0000d502    00000006     rts430_eabi.lib : isr_trap.obj (.text:_isr:__TI_ISR_TRAP)
                  0000d508    00000006                     : copy_decompress_rle.obj (.text:decompress:rle24:__TI_decompress_rle24)
                  0000d50e    00000004                     : pre_init.obj (.text:_system_pre_init)
                  0000d512    00000004                     : exit.obj (.text:abort)

.const     0    0000d516    00000020     
                  0000d516    00000020     cordic.obj (.const:table)

.cinit     0    0000d536    0000002a     
                  0000d536    00000018     (.cinit..data.load) [load image, compression = rle]
                  0000d54e    00000006     (__TI_handler_table)
                  0000d554    00000004     (.cinit..bss.load) [load image, compression = zero_init]
                  0000d558    00000008     (__TI_cinit_table)

.init_array 
*          0    0000c000    00000000     UNINITIALIZED

TRAPINT    0    0000ffe0    00000002     
                  0000ffe0    00000002     rts430_eabi.lib : int00.obj (.int00)

PORT1      0    0000ffe4    00000002     
                  0000ffe4    00000002     rts430_eabi.lib : int02.obj (.int02)

PORT2      0    0000ffe6    00000002     
                  0000ffe6    00000002     rts430_eabi.lib : int03.obj (.int03)

ADC10      0    0000ffea    00000002     
                  0000ffea    00000002     rts430_eabi.lib : int05.obj (.int05)

USCIAB0TX 
*          0    0000ffec    00000002     
                  0000ffec    00000002     rts430_eabi.lib : int06.obj (.int06)

USCIAB0RX 
*          0    0000ffee    00000002     
                  0000ffee    00000002     rts430_eabi.lib : int07.obj (.int07)

TIMER0_A1 
*          0    0000fff0    00000002     
                  0000fff0    00000002     main.obj (.int08)

TIMER0_A0 
*          0    0000fff2    00000002     
                  0000fff2    00000002     main.obj (.int09)

WDT        0    0000fff4    00000002     
                  0000fff4    00000002     rts430_eabi.lib : int10.obj (.int10)

COMPARATORA 
*          0    0000fff6    00000002     
                  0000fff6    00000002     rts430_eabi.lib : int11.obj (.int11)

TIMER1_A1 
*          0    0000fff8    00000002     
                  0000fff8    00000002     rts430_eabi.lib : int12.obj (.int12)

TIMER1_A0 
*          0    0000fffa    00000002     
                  0000fffa    00000002     rts430_eabi.lib : int13.obj (.int13)

NMI        0    0000fffc    00000002     
                  0000fffc    00000002     rts430_eabi.lib : int14.obj (.int14)

.reset     0    0000fffe    00000002     
                  0000fffe    00000002     rts430_eabi.lib : boot.obj (.reset)


LINKER GENERATED COPY TABLES

__TI_cinit_table @ 0000d558 records: 2, size/record: 4, table size: 8
	.data: load addr=0000d536, load size=00000018 bytes, run addr=0000029c, run size=0000001c bytes, compression=rle
	.bss: load addr=0000d554, load size=00000004 bytes, run addr=00000200, run size=0000009b bytes, compression=zero_init


LINKER GENERATED HANDLER TABLE

__TI_handler_table @ 0000d54e records: 3, size/record: 2, table size: 6
	index: 0, handler: __TI_zero_init
	index: 1, handler: __TI_decompress_rle24
	index: 2, handler: __TI_decompress_none


GLOBAL SYMBOLS: SORTED ALPHABETICALLY BY Name 

address   name                                 
-------   ----                                 
0000004a  ADC10AE0                             
000001b0  ADC10CTL0                            
000001b2  ADC10CTL1                            
00000048  ADC10DTC0                            
00000049  ADC10DTC1                            
000001b4  ADC10MEM                             
000001bc  ADC10SA                              
00000057  BCSCTL1                              
00000058  BCSCTL2                              
00000053  BCSCTL3                              
0000cbf0  BlinkLEDs                            
0000d512  C$$EXIT                              
00000059  CACTL1                               
0000005a  CACTL2                               
000010fb  CALBC1_12MHZ                         
000010f9  CALBC1_16MHZ                         
000010ff  CALBC1_1MHZ                          
000010fd  CALBC1_8MHZ                          
000010fa  CALDCO_12MHZ                         
000010f8  CALDCO_16MHZ                         
000010fe  CALDCO_1MHZ                          
000010fc  CALDCO_8MHZ                          
0000005b  CAPD                                 
0000d1d4  CalculateZeros                       
0000d36e  CheckDebounceTime                    
0000d200  ComputeAverage                       
0000d2d8  ConfigureADC                         
0000029a  CurrentLEDCodeValue                  
00000056  DCOCTL                               
0000ca1a  Debouncer                            
0000d0ce  DetermineBrightness                  
0000ce26  DetermineDirection                   
0000d22c  DetermineNextLowestLEDState          
0000d104  DetermineStateFromPhi                
00000128  FCTL1                                
0000012a  FCTL2                                
0000012c  FCTL3                                
0000ccec  Filter                               
0000d096  GetNextCalibrationState              
0000d3f2  GetSwitch                            
00000000  IE1                                  
00000001  IE2                                  
00000002  IFG1                                 
00000003  IFG2                                 
0000cb5e  IndicateLED                          
0000d474  InitLEDDisplay                       
0000d390  InitLEDState                         
0000d3d4  InitPorts                            
0000d2b0  InitTimerSystem                      
0000d34a  InitializeHardware                   
0000d2fe  InitializeVariables                  
00000200  LEDControl                           
0000d4f4  LightLED                             
0000c932  LightLEDsByDirection                 
00000022  P1DIR                                
00000025  P1IE                                 
00000024  P1IES                                
00000023  P1IFG                                
00000020  P1IN                                 
00000021  P1OUT                                
00000027  P1REN                                
00000026  P1SEL                                
00000041  P1SEL2                               
0000002a  P2DIR                                
0000002d  P2IE                                 
0000002c  P2IES                                
0000002b  P2IFG                                
00000028  P2IN                                 
00000029  P2OUT                                
0000002f  P2REN                                
0000002e  P2SEL                                
00000042  P2SEL2                               
0000001a  P3DIR                                
00000018  P3IN                                 
00000019  P3OUT                                
00000010  P3REN                                
0000001b  P3SEL                                
00000043  P3SEL2                               
0000d1a4  ReadADC                              
0000d170  Send8Bits                            
0000d3b2  SetAdjacentLEDWidthsAtLowerBrightness
0000d45c  SetAllLEDs                           
0000cf38  StartCalibration                     
0000cfd2  StoreValue                           
00000172  TA0CCR0                              
00000174  TA0CCR1                              
00000176  TA0CCR2                              
00000162  TA0CCTL0                             
00000164  TA0CCTL1                             
00000166  TA0CCTL2                             
00000160  TA0CTL                               
0000012e  TA0IV                                
00000170  TA0R                                 
00000192  TA1CCR0                              
00000194  TA1CCR1                              
00000196  TA1CCR2                              
00000182  TA1CCTL0                             
00000184  TA1CCTL1                             
00000186  TA1CCTL2                             
00000180  TA1CTL                               
0000011e  TA1IV                                
00000190  TA1R                                 
000010db  TLV_ADC10_1_LEN                      
000010da  TLV_ADC10_1_TAG                      
000010c0  TLV_CHECKSUM                         
000010f7  TLV_DCO_30_LEN                       
000010f6  TLV_DCO_30_TAG                       
0000026c  TimeStamp                            
0000d13a  TimerA0_routine                      
0000cd5a  TimerA1_routine                      
0000029c  TripleLightCodes                     
0000005d  UCA0ABCTL                            
00000062  UCA0BR0                              
00000063  UCA0BR1                              
00000060  UCA0CTL0                             
00000061  UCA0CTL1                             
0000005f  UCA0IRRCTL                           
0000005e  UCA0IRTCTL                           
00000064  UCA0MCTL                             
00000066  UCA0RXBUF                            
00000065  UCA0STAT                             
00000067  UCA0TXBUF                            
0000006a  UCB0BR0                              
0000006b  UCB0BR1                              
00000068  UCB0CTL0                             
00000069  UCB0CTL1                             
0000006c  UCB0I2CIE                            
00000118  UCB0I2COA                            
0000011a  UCB0I2CSA                            
0000006e  UCB0RXBUF                            
0000006d  UCB0STAT                             
0000006f  UCB0TXBUF                            
00000120  WDTCTL                               
0000d40e  WaitHighButton                       
0000d428  WaitLowButton                        
0000026e  X0                                   
00000270  XAvg                                 
0000022e  XBuffer                              
00000272  XMax                                 
00000274  XMin                                 
00000276  XSum                                 
000002b2  X_Axis                               
00000278  Y0                                   
0000027a  YAvg                                 
0000023e  YBuffer                              
0000027c  YMax                                 
0000027e  YMin                                 
00000280  YSum                                 
000002b4  Y_Axis                               
00000282  Z0                                   
00000284  ZAvg                                 
0000024e  ZBuffer                              
00000286  ZMax                                 
00000288  ZMin                                 
0000028a  ZSum                                 
000002b6  Z_Axis                               
00000400  __STACK_END                          
00000050  __STACK_SIZE                         
0000d558  __TI_CINIT_Base                      
0000d560  __TI_CINIT_Limit                     
0000d54e  __TI_Handler_Table_Base              
0000d554  __TI_Handler_Table_Limit             
UNDEFED   __TI_INITARRAY_Base                  
UNDEFED   __TI_INITARRAY_Limit                 
0000d502  __TI_ISR_TRAP                        
0000d49e  __TI_decompress_none                 
0000d508  __TI_decompress_rle24                
0000c000  __TI_frcmpyd                         
0000ffe0  __TI_int00                           
0000ffe4  __TI_int02                           
0000ffe6  __TI_int03                           
0000ffea  __TI_int05                           
0000ffec  __TI_int06                           
0000ffee  __TI_int07                           
0000fff0  __TI_int08                           
0000fff2  __TI_int09                           
0000fff4  __TI_int10                           
0000fff6  __TI_int11                           
0000fff8  __TI_int12                           
0000fffa  __TI_int13                           
0000fffc  __TI_int14                           
0000d48a  __TI_zero_init                       
ffffffff  __binit__                            
ffffffff  __c_args__                           
0000cc7a  __mspabi_fixdli                      
0000cabc  __mspabi_fltlid                      
0000d4f0  __mspabi_func_epilog_1               
0000d4ee  __mspabi_func_epilog_2               
0000d4ec  __mspabi_func_epilog_3               
0000d4ea  __mspabi_func_epilog_4               
0000d4e8  __mspabi_func_epilog_5               
0000d4e6  __mspabi_func_epilog_6               
0000d4e4  __mspabi_func_epilog_7               
0000c2f4  __mspabi_mpyd                        
0000d324  __mspabi_mpyl                        
0000d324  __mspabi_mpyl_sw                     
0000d284  __mspabi_slli                        
0000d2ac  __mspabi_slli_1                      
0000d29a  __mspabi_slli_10                     
0000d298  __mspabi_slli_11                     
0000d296  __mspabi_slli_12                     
0000d294  __mspabi_slli_13                     
0000d292  __mspabi_slli_14                     
0000d290  __mspabi_slli_15                     
0000d2aa  __mspabi_slli_2                      
0000d2a8  __mspabi_slli_3                      
0000d2a6  __mspabi_slli_4                      
0000d2a4  __mspabi_slli_5                      
0000d2a2  __mspabi_slli_6                      
0000d2a0  __mspabi_slli_7                      
0000d29e  __mspabi_slli_8                      
0000d29c  __mspabi_slli_9                      
0000d090  __mspabi_slll_1                      
0000d06c  __mspabi_slll_10                     
0000d068  __mspabi_slll_11                     
0000d064  __mspabi_slll_12                     
0000d060  __mspabi_slll_13                     
0000d05c  __mspabi_slll_14                     
0000d058  __mspabi_slll_15                     
0000d08c  __mspabi_slll_2                      
0000d088  __mspabi_slll_3                      
0000d084  __mspabi_slll_4                      
0000d080  __mspabi_slll_5                      
0000d07c  __mspabi_slll_6                      
0000d078  __mspabi_slll_7                      
0000d074  __mspabi_slll_8                      
0000d070  __mspabi_slll_9                      
0000d258  __mspabi_srai                        
0000d280  __mspabi_srai_1                      
0000d26e  __mspabi_srai_10                     
0000d26c  __mspabi_srai_11                     
0000d26a  __mspabi_srai_12                     
0000d268  __mspabi_srai_13                     
0000d266  __mspabi_srai_14                     
0000d264  __mspabi_srai_15                     
0000d27e  __mspabi_srai_2                      
0000d27c  __mspabi_srai_3                      
0000d27a  __mspabi_srai_4                      
0000d278  __mspabi_srai_5                      
0000d276  __mspabi_srai_6                      
0000d274  __mspabi_srai_7                      
0000d272  __mspabi_srai_8                      
0000d270  __mspabi_srai_9                      
0000d4d4  __mspabi_sral                        
0000d052  __mspabi_sral_1                      
0000d02e  __mspabi_sral_10                     
0000d02a  __mspabi_sral_11                     
0000d026  __mspabi_sral_12                     
0000d022  __mspabi_sral_13                     
0000d01e  __mspabi_sral_14                     
0000d01a  __mspabi_sral_15                     
0000d04e  __mspabi_sral_2                      
0000d04a  __mspabi_sral_3                      
0000d046  __mspabi_sral_4                      
0000d042  __mspabi_sral_5                      
0000d03e  __mspabi_sral_6                      
0000d03a  __mspabi_sral_7                      
0000d036  __mspabi_sral_8                      
0000d032  __mspabi_sral_9                      
0000cf86  __mspabi_srli                        
0000cfcc  __mspabi_srli_1                      
0000cfa8  __mspabi_srli_10                     
0000cfa4  __mspabi_srli_11                     
0000cfa0  __mspabi_srli_12                     
0000cf9c  __mspabi_srli_13                     
0000cf98  __mspabi_srli_14                     
0000cf94  __mspabi_srli_15                     
0000cfc8  __mspabi_srli_2                      
0000cfc4  __mspabi_srli_3                      
0000cfc0  __mspabi_srli_4                      
0000cfbc  __mspabi_srli_5                      
0000cfb8  __mspabi_srli_6                      
0000cfb4  __mspabi_srli_7                      
0000cfb0  __mspabi_srli_8                      
0000cfac  __mspabi_srli_9                      
0000d4b0  __mspabi_srll                        
0000ced8  __mspabi_srll_1                      
0000cea2  __mspabi_srll_10                     
0000ce9c  __mspabi_srll_11                     
0000ce96  __mspabi_srll_12                     
0000ce90  __mspabi_srll_13                     
0000ce8a  __mspabi_srll_14                     
0000ce84  __mspabi_srll_15                     
0000ced2  __mspabi_srll_2                      
0000cecc  __mspabi_srll_3                      
0000cec6  __mspabi_srll_4                      
0000cec0  __mspabi_srll_5                      
0000ceba  __mspabi_srll_6                      
0000ceb4  __mspabi_srll_7                      
0000ceae  __mspabi_srll_8                      
0000cea8  __mspabi_srll_9                      
0000cee0  _auto_init                           
0000d442  _c_int00_noargs_noexit               
0000fffe  _reset_vector                        
000003b0  _stack                               
0000d50e  _system_pre_init                     
0000d512  abort                                
000002ac  adc                                  
ffffffff  binit                                
0000021a  calc                                 
0000c562  calculateArcHypXY                    
0000c6c4  calculateArcHypZ                     
0000028c  g1mSTimer                            
0000028e  gButtonPresses                       
0000025e  gPushButton                          
00000290  i                                    
00000292  index                                
0000c818  main                                 
0000d4c2  memcpy                               
00000294  myCalibrationState                   
00000296  phi                                  
0000d516  table                                
00000298  theta                                


GLOBAL SYMBOLS: SORTED BY Symbol Address 

address   name                                 
-------   ----                                 
00000000  IE1                                  
00000001  IE2                                  
00000002  IFG1                                 
00000003  IFG2                                 
00000010  P3REN                                
00000018  P3IN                                 
00000019  P3OUT                                
0000001a  P3DIR                                
0000001b  P3SEL                                
00000020  P1IN                                 
00000021  P1OUT                                
00000022  P1DIR                                
00000023  P1IFG                                
00000024  P1IES                                
00000025  P1IE                                 
00000026  P1SEL                                
00000027  P1REN                                
00000028  P2IN                                 
00000029  P2OUT                                
0000002a  P2DIR                                
0000002b  P2IFG                                
0000002c  P2IES                                
0000002d  P2IE                                 
0000002e  P2SEL                                
0000002f  P2REN                                
00000041  P1SEL2                               
00000042  P2SEL2                               
00000043  P3SEL2                               
00000048  ADC10DTC0                            
00000049  ADC10DTC1                            
0000004a  ADC10AE0                             
00000050  __STACK_SIZE                         
00000053  BCSCTL3                              
00000056  DCOCTL                               
00000057  BCSCTL1                              
00000058  BCSCTL2                              
00000059  CACTL1                               
0000005a  CACTL2                               
0000005b  CAPD                                 
0000005d  UCA0ABCTL                            
0000005e  UCA0IRTCTL                           
0000005f  UCA0IRRCTL                           
00000060  UCA0CTL0                             
00000061  UCA0CTL1                             
00000062  UCA0BR0                              
00000063  UCA0BR1                              
00000064  UCA0MCTL                             
00000065  UCA0STAT                             
00000066  UCA0RXBUF                            
00000067  UCA0TXBUF                            
00000068  UCB0CTL0                             
00000069  UCB0CTL1                             
0000006a  UCB0BR0                              
0000006b  UCB0BR1                              
0000006c  UCB0I2CIE                            
0000006d  UCB0STAT                             
0000006e  UCB0RXBUF                            
0000006f  UCB0TXBUF                            
00000118  UCB0I2COA                            
0000011a  UCB0I2CSA                            
0000011e  TA1IV                                
00000120  WDTCTL                               
00000128  FCTL1                                
0000012a  FCTL2                                
0000012c  FCTL3                                
0000012e  TA0IV                                
00000160  TA0CTL                               
00000162  TA0CCTL0                             
00000164  TA0CCTL1                             
00000166  TA0CCTL2                             
00000170  TA0R                                 
00000172  TA0CCR0                              
00000174  TA0CCR1                              
00000176  TA0CCR2                              
00000180  TA1CTL                               
00000182  TA1CCTL0                             
00000184  TA1CCTL1                             
00000186  TA1CCTL2                             
00000190  TA1R                                 
00000192  TA1CCR0                              
00000194  TA1CCR1                              
00000196  TA1CCR2                              
000001b0  ADC10CTL0                            
000001b2  ADC10CTL1                            
000001b4  ADC10MEM                             
000001bc  ADC10SA                              
00000200  LEDControl                           
0000021a  calc                                 
0000022e  XBuffer                              
0000023e  YBuffer                              
0000024e  ZBuffer                              
0000025e  gPushButton                          
0000026c  TimeStamp                            
0000026e  X0                                   
00000270  XAvg                                 
00000272  XMax                                 
00000274  XMin                                 
00000276  XSum                                 
00000278  Y0                                   
0000027a  YAvg                                 
0000027c  YMax                                 
0000027e  YMin                                 
00000280  YSum                                 
00000282  Z0                                   
00000284  ZAvg                                 
00000286  ZMax                                 
00000288  ZMin                                 
0000028a  ZSum                                 
0000028c  g1mSTimer                            
0000028e  gButtonPresses                       
00000290  i                                    
00000292  index                                
00000294  myCalibrationState                   
00000296  phi                                  
00000298  theta                                
0000029a  CurrentLEDCodeValue                  
0000029c  TripleLightCodes                     
000002ac  adc                                  
000002b2  X_Axis                               
000002b4  Y_Axis                               
000002b6  Z_Axis                               
000003b0  _stack                               
00000400  __STACK_END                          
000010c0  TLV_CHECKSUM                         
000010da  TLV_ADC10_1_TAG                      
000010db  TLV_ADC10_1_LEN                      
000010f6  TLV_DCO_30_TAG                       
000010f7  TLV_DCO_30_LEN                       
000010f8  CALDCO_16MHZ                         
000010f9  CALBC1_16MHZ                         
000010fa  CALDCO_12MHZ                         
000010fb  CALBC1_12MHZ                         
000010fc  CALDCO_8MHZ                          
000010fd  CALBC1_8MHZ                          
000010fe  CALDCO_1MHZ                          
000010ff  CALBC1_1MHZ                          
0000c000  __TI_frcmpyd                         
0000c2f4  __mspabi_mpyd                        
0000c562  calculateArcHypXY                    
0000c6c4  calculateArcHypZ                     
0000c818  main                                 
0000c932  LightLEDsByDirection                 
0000ca1a  Debouncer                            
0000cabc  __mspabi_fltlid                      
0000cb5e  IndicateLED                          
0000cbf0  BlinkLEDs                            
0000cc7a  __mspabi_fixdli                      
0000ccec  Filter                               
0000cd5a  TimerA1_routine                      
0000ce26  DetermineDirection                   
0000ce84  __mspabi_srll_15                     
0000ce8a  __mspabi_srll_14                     
0000ce90  __mspabi_srll_13                     
0000ce96  __mspabi_srll_12                     
0000ce9c  __mspabi_srll_11                     
0000cea2  __mspabi_srll_10                     
0000cea8  __mspabi_srll_9                      
0000ceae  __mspabi_srll_8                      
0000ceb4  __mspabi_srll_7                      
0000ceba  __mspabi_srll_6                      
0000cec0  __mspabi_srll_5                      
0000cec6  __mspabi_srll_4                      
0000cecc  __mspabi_srll_3                      
0000ced2  __mspabi_srll_2                      
0000ced8  __mspabi_srll_1                      
0000cee0  _auto_init                           
0000cf38  StartCalibration                     
0000cf86  __mspabi_srli                        
0000cf94  __mspabi_srli_15                     
0000cf98  __mspabi_srli_14                     
0000cf9c  __mspabi_srli_13                     
0000cfa0  __mspabi_srli_12                     
0000cfa4  __mspabi_srli_11                     
0000cfa8  __mspabi_srli_10                     
0000cfac  __mspabi_srli_9                      
0000cfb0  __mspabi_srli_8                      
0000cfb4  __mspabi_srli_7                      
0000cfb8  __mspabi_srli_6                      
0000cfbc  __mspabi_srli_5                      
0000cfc0  __mspabi_srli_4                      
0000cfc4  __mspabi_srli_3                      
0000cfc8  __mspabi_srli_2                      
0000cfcc  __mspabi_srli_1                      
0000cfd2  StoreValue                           
0000d01a  __mspabi_sral_15                     
0000d01e  __mspabi_sral_14                     
0000d022  __mspabi_sral_13                     
0000d026  __mspabi_sral_12                     
0000d02a  __mspabi_sral_11                     
0000d02e  __mspabi_sral_10                     
0000d032  __mspabi_sral_9                      
0000d036  __mspabi_sral_8                      
0000d03a  __mspabi_sral_7                      
0000d03e  __mspabi_sral_6                      
0000d042  __mspabi_sral_5                      
0000d046  __mspabi_sral_4                      
0000d04a  __mspabi_sral_3                      
0000d04e  __mspabi_sral_2                      
0000d052  __mspabi_sral_1                      
0000d058  __mspabi_slll_15                     
0000d05c  __mspabi_slll_14                     
0000d060  __mspabi_slll_13                     
0000d064  __mspabi_slll_12                     
0000d068  __mspabi_slll_11                     
0000d06c  __mspabi_slll_10                     
0000d070  __mspabi_slll_9                      
0000d074  __mspabi_slll_8                      
0000d078  __mspabi_slll_7                      
0000d07c  __mspabi_slll_6                      
0000d080  __mspabi_slll_5                      
0000d084  __mspabi_slll_4                      
0000d088  __mspabi_slll_3                      
0000d08c  __mspabi_slll_2                      
0000d090  __mspabi_slll_1                      
0000d096  GetNextCalibrationState              
0000d0ce  DetermineBrightness                  
0000d104  DetermineStateFromPhi                
0000d13a  TimerA0_routine                      
0000d170  Send8Bits                            
0000d1a4  ReadADC                              
0000d1d4  CalculateZeros                       
0000d200  ComputeAverage                       
0000d22c  DetermineNextLowestLEDState          
0000d258  __mspabi_srai                        
0000d264  __mspabi_srai_15                     
0000d266  __mspabi_srai_14                     
0000d268  __mspabi_srai_13                     
0000d26a  __mspabi_srai_12                     
0000d26c  __mspabi_srai_11                     
0000d26e  __mspabi_srai_10                     
0000d270  __mspabi_srai_9                      
0000d272  __mspabi_srai_8                      
0000d274  __mspabi_srai_7                      
0000d276  __mspabi_srai_6                      
0000d278  __mspabi_srai_5                      
0000d27a  __mspabi_srai_4                      
0000d27c  __mspabi_srai_3                      
0000d27e  __mspabi_srai_2                      
0000d280  __mspabi_srai_1                      
0000d284  __mspabi_slli                        
0000d290  __mspabi_slli_15                     
0000d292  __mspabi_slli_14                     
0000d294  __mspabi_slli_13                     
0000d296  __mspabi_slli_12                     
0000d298  __mspabi_slli_11                     
0000d29a  __mspabi_slli_10                     
0000d29c  __mspabi_slli_9                      
0000d29e  __mspabi_slli_8                      
0000d2a0  __mspabi_slli_7                      
0000d2a2  __mspabi_slli_6                      
0000d2a4  __mspabi_slli_5                      
0000d2a6  __mspabi_slli_4                      
0000d2a8  __mspabi_slli_3                      
0000d2aa  __mspabi_slli_2                      
0000d2ac  __mspabi_slli_1                      
0000d2b0  InitTimerSystem                      
0000d2d8  ConfigureADC                         
0000d2fe  InitializeVariables                  
0000d324  __mspabi_mpyl                        
0000d324  __mspabi_mpyl_sw                     
0000d34a  InitializeHardware                   
0000d36e  CheckDebounceTime                    
0000d390  InitLEDState                         
0000d3b2  SetAdjacentLEDWidthsAtLowerBrightness
0000d3d4  InitPorts                            
0000d3f2  GetSwitch                            
0000d40e  WaitHighButton                       
0000d428  WaitLowButton                        
0000d442  _c_int00_noargs_noexit               
0000d45c  SetAllLEDs                           
0000d474  InitLEDDisplay                       
0000d48a  __TI_zero_init                       
0000d49e  __TI_decompress_none                 
0000d4b0  __mspabi_srll                        
0000d4c2  memcpy                               
0000d4d4  __mspabi_sral                        
0000d4e4  __mspabi_func_epilog_7               
0000d4e6  __mspabi_func_epilog_6               
0000d4e8  __mspabi_func_epilog_5               
0000d4ea  __mspabi_func_epilog_4               
0000d4ec  __mspabi_func_epilog_3               
0000d4ee  __mspabi_func_epilog_2               
0000d4f0  __mspabi_func_epilog_1               
0000d4f4  LightLED                             
0000d502  __TI_ISR_TRAP                        
0000d508  __TI_decompress_rle24                
0000d50e  _system_pre_init                     
0000d512  C$$EXIT                              
0000d512  abort                                
0000d516  table                                
0000d54e  __TI_Handler_Table_Base              
0000d554  __TI_Handler_Table_Limit             
0000d558  __TI_CINIT_Base                      
0000d560  __TI_CINIT_Limit                     
0000ffe0  __TI_int00                           
0000ffe4  __TI_int02                           
0000ffe6  __TI_int03                           
0000ffea  __TI_int05                           
0000ffec  __TI_int06                           
0000ffee  __TI_int07                           
0000fff0  __TI_int08                           
0000fff2  __TI_int09                           
0000fff4  __TI_int10                           
0000fff6  __TI_int11                           
0000fff8  __TI_int12                           
0000fffa  __TI_int13                           
0000fffc  __TI_int14                           
0000fffe  _reset_vector                        
ffffffff  __binit__                            
ffffffff  __c_args__                           
ffffffff  binit                                
UNDEFED   __TI_INITARRAY_Base                  
UNDEFED   __TI_INITARRAY_Limit                 

[313 symbols]
