******************************************************************************
                  MSP430 Linker PC v4.4.3                      
******************************************************************************
>> Linked Sat Nov 28 18:55:09 2015

OUTPUT FILE NAME:   <ECE3430-Final-Project.out>
ENTRY POINT SYMBOL: "_c_int00_noargs_noexit"  address: 0000d23c


MEMORY CONFIGURATION

         name            origin    length      used     unused   attr    fill
----------------------  --------  ---------  --------  --------  ----  --------
  SFR                   00000000   00000010  00000000  00000010  RWIX
  PERIPHERALS_8BIT      00000010   000000f0  00000000  000000f0  RWIX
  PERIPHERALS_16BIT     00000100   00000100  00000000  00000100  RWIX
  RAM                   00000200   00000200  00000132  000000ce  RWIX
  INFOD                 00001000   00000040  00000000  00000040  RWIX
  INFOC                 00001040   00000040  00000000  00000040  RWIX
  INFOB                 00001080   00000040  00000000  00000040  RWIX
  INFOA                 000010c0   00000040  00000000  00000040  RWIX
  FLASH                 0000c000   00003fe0  0000136c  00002c74  RWIX
  INT00                 0000ffe0   00000002  00000002  00000000  RWIX
  INT01                 0000ffe2   00000002  00000000  00000002  RWIX
  INT02                 0000ffe4   00000002  00000002  00000000  RWIX
  INT03                 0000ffe6   00000002  00000002  00000000  RWIX
  INT04                 0000ffe8   00000002  00000000  00000002  RWIX
  INT05                 0000ffea   00000002  00000002  00000000  RWIX
  INT06                 0000ffec   00000002  00000002  00000000  RWIX
  INT07                 0000ffee   00000002  00000002  00000000  RWIX
  INT08                 0000fff0   00000002  00000002  00000000  RWIX
  INT09                 0000fff2   00000002  00000002  00000000  RWIX
  INT10                 0000fff4   00000002  00000002  00000000  RWIX
  INT11                 0000fff6   00000002  00000002  00000000  RWIX
  INT12                 0000fff8   00000002  00000002  00000000  RWIX
  INT13                 0000fffa   00000002  00000002  00000000  RWIX
  INT14                 0000fffc   00000002  00000002  00000000  RWIX
  RESET                 0000fffe   00000002  00000002  00000000  RWIX


SECTION ALLOCATION MAP

 output                                  attributes/
section   page    origin      length       input sections
--------  ----  ----------  ----------   ----------------
.bss       0    00000200    000000c2     UNINITIALIZED
                  00000200    0000002c     (.common:GameObj)
                  0000022c    00000018     (.common:LEDControl)
                  00000244    00000014     (.common:calc)
                  00000258    00000010     (.common:XBuffer)
                  00000268    00000010     (.common:YBuffer)
                  00000278    00000010     (.common:ZBuffer)
                  00000288    0000000e     (.common:gPushButton)
                  00000296    00000002     (.common:TimeStamp)
                  00000298    00000002     (.common:X0)
                  0000029a    00000002     (.common:XAvg)
                  0000029c    00000002     (.common:XMax)
                  0000029e    00000002     (.common:XMin)
                  000002a0    00000002     (.common:XSum)
                  000002a2    00000002     (.common:Y0)
                  000002a4    00000002     (.common:YAvg)
                  000002a6    00000002     (.common:YMax)
                  000002a8    00000002     (.common:YMin)
                  000002aa    00000002     (.common:YSum)
                  000002ac    00000002     (.common:Z0)
                  000002ae    00000002     (.common:ZAvg)
                  000002b0    00000002     (.common:ZMax)
                  000002b2    00000002     (.common:ZMin)
                  000002b4    00000002     (.common:ZSum)
                  000002b6    00000002     (.common:g1mSTimer)
                  000002b8    00000002     (.common:gButtonPresses)
                  000002ba    00000002     (.common:index)
                  000002bc    00000002     (.common:myCalibrationState)
                  000002be    00000002     (.common:phi)
                  000002c0    00000002     (.common:theta)

.data      0    000002c2    00000020     UNINITIALIZED
                  000002c2    00000014     memory_game.obj (.data:testPattern)
                  000002d6    00000006     adc_accel.obj (.data:adc)
                  000002dc    00000006     adc_accel.obj (.data)

.TI.persistent 
*          0    000002c2    00000000     UNINITIALIZED

.stack     0    000003b0    00000050     UNINITIALIZED
                  000003b0    00000002     rts430_eabi.lib : boot.obj (.stack)
                  000003b2    0000004e     --HOLE--

.text      0    0000c000    0000131e     
                  0000c000    000002f4     rts430_eabi.lib : frcmpyd.obj (.text:__TI_frcmpyd)
                  0000c2f4    0000026e                     : mpyd.obj (.text:__mspabi_mpyd)
                  0000c562    00000162     cordic.obj (.text:calculateArcHypXY)
                  0000c6c4    00000154     cordic.obj (.text:calculateArcHypZ)
                  0000c818    00000102     main.obj (.text:main)
                  0000c91a    000000a2     debounce.obj (.text:Debouncer)
                  0000c9bc    000000a2     rts430_eabi.lib : fltlid.obj (.text:__mspabi_fltlid)
                  0000ca5e    0000008a     led_accel.obj (.text:BlinkLEDs)
                  0000cae8    00000072     rts430_eabi.lib : fixdli.obj (.text:__mspabi_fixdli)
                  0000cb5a    0000006e     adc_accel.obj (.text:Filter)
                  0000cbc8    00000064     rts430_eabi.lib : copy_decompress_rle.obj (.text:__TI_decompress_rle_core)
                  0000cc2c    0000005e     led_accel.obj (.text:DetermineDirection)
                  0000cc8a    0000005c     rts430_eabi.lib : lsr32.obj (.text:l_lsr_const)
                  0000cce6    00000058                     : autoinit.obj (.text:_auto_init)
                  0000cd3e    0000004e     led_accel.obj (.text:IndicateLED)
                  0000cd8c    0000004e     led_accel.obj (.text:StartCalibration)
                  0000cdda    0000004c     rts430_eabi.lib : lsr16.obj (.text)
                  0000ce26    00000048     led_accel.obj (.text:StoreValue)
                  0000ce6e    00000044     led_accel.obj (.text:LightLEDsByDirection)
                  0000ceb2    0000003e     rts430_eabi.lib : asr32.obj (.text:l_asr_const)
                  0000cef0    0000003e                     : lsl32.obj (.text:l_lsl_const)
                  0000cf2e    00000038     led_accel.obj (.text:GetNextCalibrationState)
                  0000cf66    00000034     led_accel.obj (.text:Send8Bits)
                  0000cf9a    00000030     adc_accel.obj (.text:ReadADC)
                  0000cfca    00000030     memory_game.obj (.text:startGame)
                  0000cffa    0000002c     led_accel.obj (.text:CalculateZeros)
                  0000d026    0000002c     adc_accel.obj (.text:ComputeAverage)
                  0000d052    0000002c     rts430_eabi.lib : asr16.obj (.text)
                  0000d07e    0000002c                     : lsl16.obj (.text)
                  0000d0aa    00000028     init.obj (.text:InitTimerSystem)
                  0000d0d2    00000026     adc_accel.obj (.text:ConfigureADC)
                  0000d0f8    00000026     init.obj (.text:InitializeVariables)
                  0000d11e    00000026     rts430_eabi.lib : mult32.obj (.text)
                  0000d144    00000024     init.obj (.text:InitializeHardware)
                  0000d168    00000022     debounce.obj (.text:CheckDebounceTime)
                  0000d18a    00000022     init.obj (.text:InitLEDState)
                  0000d1ac    00000022     main.obj (.text:TimerA0_routine)
                  0000d1ce    0000001e     init.obj (.text:InitPorts)
                  0000d1ec    0000001c     debounce.obj (.text:GetSwitch)
                  0000d208    0000001a     led_accel.obj (.text:WaitHighButton)
                  0000d222    0000001a     led_accel.obj (.text:WaitLowButton)
                  0000d23c    0000001a     rts430_eabi.lib : boot_special.obj (.text:_c_int00_noargs_noexit)
                  0000d256    00000018     led_accel.obj (.text:SetAllLEDs)
                  0000d26e    00000016     init.obj (.text:InitLEDDisplay)
                  0000d284    00000014     rts430_eabi.lib : copy_zero_init.obj (.text:decompress:ZI:__TI_zero_init)
                  0000d298    00000012                     : copy_decompress_none.obj (.text:decompress:none:__TI_decompress_none)
                  0000d2aa    00000012                     : lsr32.obj (.text:l_lsr)
                  0000d2bc    00000012                     : memcpy.obj (.text:memcpy)
                  0000d2ce    00000010                     : asr32.obj (.text:l_asr)
                  0000d2de    00000010                     : epilog.obj (.text)
                  0000d2ee    0000000e     led_accel.obj (.text:LightLED)
                  0000d2fc    0000000e     main.obj (.text:TimerA1_routine)
                  0000d30a    00000006     rts430_eabi.lib : isr_trap.obj (.text:_isr:__TI_ISR_TRAP)
                  0000d310    00000006                     : copy_decompress_rle.obj (.text:decompress:rle24:__TI_decompress_rle24)
                  0000d316    00000004                     : pre_init.obj (.text:_system_pre_init)
                  0000d31a    00000004                     : exit.obj (.text:abort)

.const     0    0000d31e    00000020     
                  0000d31e    00000020     cordic.obj (.const:table)

.cinit     0    0000d33e    0000002e     
                  0000d33e    0000001c     (.cinit..data.load) [load image, compression = rle]
                  0000d35a    00000006     (__TI_handler_table)
                  0000d360    00000004     (.cinit..bss.load) [load image, compression = zero_init]
                  0000d364    00000008     (__TI_cinit_table)

.init_array 
*          0    0000c000    00000000     UNINITIALIZED

TRAPINT    0    0000ffe0    00000002     
                  0000ffe0    00000002     rts430_eabi.lib : int00.obj (.int00)

PORT1      0    0000ffe4    00000002     
                  0000ffe4    00000002     rts430_eabi.lib : int02.obj (.int02)

PORT2      0    0000ffe6    00000002     
                  0000ffe6    00000002     rts430_eabi.lib : int03.obj (.int03)

ADC10      0    0000ffea    00000002     
                  0000ffea    00000002     rts430_eabi.lib : int05.obj (.int05)

USCIAB0TX 
*          0    0000ffec    00000002     
                  0000ffec    00000002     rts430_eabi.lib : int06.obj (.int06)

USCIAB0RX 
*          0    0000ffee    00000002     
                  0000ffee    00000002     rts430_eabi.lib : int07.obj (.int07)

TIMER0_A1 
*          0    0000fff0    00000002     
                  0000fff0    00000002     main.obj (.int08)

TIMER0_A0 
*          0    0000fff2    00000002     
                  0000fff2    00000002     main.obj (.int09)

WDT        0    0000fff4    00000002     
                  0000fff4    00000002     rts430_eabi.lib : int10.obj (.int10)

COMPARATORA 
*          0    0000fff6    00000002     
                  0000fff6    00000002     rts430_eabi.lib : int11.obj (.int11)

TIMER1_A1 
*          0    0000fff8    00000002     
                  0000fff8    00000002     rts430_eabi.lib : int12.obj (.int12)

TIMER1_A0 
*          0    0000fffa    00000002     
                  0000fffa    00000002     rts430_eabi.lib : int13.obj (.int13)

NMI        0    0000fffc    00000002     
                  0000fffc    00000002     rts430_eabi.lib : int14.obj (.int14)

.reset     0    0000fffe    00000002     
                  0000fffe    00000002     rts430_eabi.lib : boot.obj (.reset)


LINKER GENERATED COPY TABLES

__TI_cinit_table @ 0000d364 records: 2, size/record: 4, table size: 8
	.data: load addr=0000d33e, load size=0000001c bytes, run addr=000002c2, run size=00000020 bytes, compression=rle
	.bss: load addr=0000d360, load size=00000004 bytes, run addr=00000200, run size=000000c2 bytes, compression=zero_init


LINKER GENERATED HANDLER TABLE

__TI_handler_table @ 0000d35a records: 3, size/record: 2, table size: 6
	index: 0, handler: __TI_zero_init
	index: 1, handler: __TI_decompress_rle24
	index: 2, handler: __TI_decompress_none


GLOBAL SYMBOLS: SORTED ALPHABETICALLY BY Name 

address   name                    
-------   ----                    
0000004a  ADC10AE0                
000001b0  ADC10CTL0               
000001b2  ADC10CTL1               
00000048  ADC10DTC0               
00000049  ADC10DTC1               
000001b4  ADC10MEM                
000001bc  ADC10SA                 
00000057  BCSCTL1                 
00000058  BCSCTL2                 
00000053  BCSCTL3                 
0000ca5e  BlinkLEDs               
0000d31a  C$$EXIT                 
00000059  CACTL1                  
0000005a  CACTL2                  
000010fb  CALBC1_12MHZ            
000010f9  CALBC1_16MHZ            
000010ff  CALBC1_1MHZ             
000010fd  CALBC1_8MHZ             
000010fa  CALDCO_12MHZ            
000010f8  CALDCO_16MHZ            
000010fe  CALDCO_1MHZ             
000010fc  CALDCO_8MHZ             
0000005b  CAPD                    
0000cffa  CalculateZeros          
0000d168  CheckDebounceTime       
0000d026  ComputeAverage          
0000d0d2  ConfigureADC            
00000056  DCOCTL                  
0000c91a  Debouncer               
0000cc2c  DetermineDirection      
00000128  FCTL1                   
0000012a  FCTL2                   
0000012c  FCTL3                   
0000cb5a  Filter                  
00000200  GameObj                 
0000cf2e  GetNextCalibrationState 
0000d1ec  GetSwitch               
00000000  IE1                     
00000001  IE2                     
00000002  IFG1                    
00000003  IFG2                    
0000cd3e  IndicateLED             
0000d26e  InitLEDDisplay          
0000d18a  InitLEDState            
0000d1ce  InitPorts               
0000d0aa  InitTimerSystem         
0000d144  InitializeHardware      
0000d0f8  InitializeVariables     
0000022c  LEDControl              
0000d2ee  LightLED                
0000ce6e  LightLEDsByDirection    
00000022  P1DIR                   
00000025  P1IE                    
00000024  P1IES                   
00000023  P1IFG                   
00000020  P1IN                    
00000021  P1OUT                   
00000027  P1REN                   
00000026  P1SEL                   
00000041  P1SEL2                  
0000002a  P2DIR                   
0000002d  P2IE                    
0000002c  P2IES                   
0000002b  P2IFG                   
00000028  P2IN                    
00000029  P2OUT                   
0000002f  P2REN                   
0000002e  P2SEL                   
00000042  P2SEL2                  
0000001a  P3DIR                   
00000018  P3IN                    
00000019  P3OUT                   
00000010  P3REN                   
0000001b  P3SEL                   
00000043  P3SEL2                  
0000cf9a  ReadADC                 
0000cf66  Send8Bits               
0000d256  SetAllLEDs              
0000cd8c  StartCalibration        
0000ce26  StoreValue              
00000172  TA0CCR0                 
00000174  TA0CCR1                 
00000176  TA0CCR2                 
00000162  TA0CCTL0                
00000164  TA0CCTL1                
00000166  TA0CCTL2                
00000160  TA0CTL                  
0000012e  TA0IV                   
00000170  TA0R                    
00000192  TA1CCR0                 
00000194  TA1CCR1                 
00000196  TA1CCR2                 
00000182  TA1CCTL0                
00000184  TA1CCTL1                
00000186  TA1CCTL2                
00000180  TA1CTL                  
0000011e  TA1IV                   
00000190  TA1R                    
000010db  TLV_ADC10_1_LEN         
000010da  TLV_ADC10_1_TAG         
000010c0  TLV_CHECKSUM            
000010f7  TLV_DCO_30_LEN          
000010f6  TLV_DCO_30_TAG          
00000296  TimeStamp               
0000d1ac  TimerA0_routine         
0000d2fc  TimerA1_routine         
0000005d  UCA0ABCTL               
00000062  UCA0BR0                 
00000063  UCA0BR1                 
00000060  UCA0CTL0                
00000061  UCA0CTL1                
0000005f  UCA0IRRCTL              
0000005e  UCA0IRTCTL              
00000064  UCA0MCTL                
00000066  UCA0RXBUF               
00000065  UCA0STAT                
00000067  UCA0TXBUF               
0000006a  UCB0BR0                 
0000006b  UCB0BR1                 
00000068  UCB0CTL0                
00000069  UCB0CTL1                
0000006c  UCB0I2CIE               
00000118  UCB0I2COA               
0000011a  UCB0I2CSA               
0000006e  UCB0RXBUF               
0000006d  UCB0STAT                
0000006f  UCB0TXBUF               
00000120  WDTCTL                  
0000d208  WaitHighButton          
0000d222  WaitLowButton           
00000298  X0                      
0000029a  XAvg                    
00000258  XBuffer                 
0000029c  XMax                    
0000029e  XMin                    
000002a0  XSum                    
000002dc  X_Axis                  
000002a2  Y0                      
000002a4  YAvg                    
00000268  YBuffer                 
000002a6  YMax                    
000002a8  YMin                    
000002aa  YSum                    
000002de  Y_Axis                  
000002ac  Z0                      
000002ae  ZAvg                    
00000278  ZBuffer                 
000002b0  ZMax                    
000002b2  ZMin                    
000002b4  ZSum                    
000002e0  Z_Axis                  
00000400  __STACK_END             
00000050  __STACK_SIZE            
0000d364  __TI_CINIT_Base         
0000d36c  __TI_CINIT_Limit        
0000d35a  __TI_Handler_Table_Base 
0000d360  __TI_Handler_Table_Limit
UNDEFED   __TI_INITARRAY_Base     
UNDEFED   __TI_INITARRAY_Limit    
0000d30a  __TI_ISR_TRAP           
0000d298  __TI_decompress_none    
0000d310  __TI_decompress_rle24   
0000c000  __TI_frcmpyd            
0000ffe0  __TI_int00              
0000ffe4  __TI_int02              
0000ffe6  __TI_int03              
0000ffea  __TI_int05              
0000ffec  __TI_int06              
0000ffee  __TI_int07              
0000fff0  __TI_int08              
0000fff2  __TI_int09              
0000fff4  __TI_int10              
0000fff6  __TI_int11              
0000fff8  __TI_int12              
0000fffa  __TI_int13              
0000fffc  __TI_int14              
0000d284  __TI_zero_init          
ffffffff  __binit__               
ffffffff  __c_args__              
0000cae8  __mspabi_fixdli         
0000c9bc  __mspabi_fltlid         
0000d2ea  __mspabi_func_epilog_1  
0000d2e8  __mspabi_func_epilog_2  
0000d2e6  __mspabi_func_epilog_3  
0000d2e4  __mspabi_func_epilog_4  
0000d2e2  __mspabi_func_epilog_5  
0000d2e0  __mspabi_func_epilog_6  
0000d2de  __mspabi_func_epilog_7  
0000c2f4  __mspabi_mpyd           
0000d11e  __mspabi_mpyl           
0000d11e  __mspabi_mpyl_sw        
0000d07e  __mspabi_slli           
0000d0a6  __mspabi_slli_1         
0000d094  __mspabi_slli_10        
0000d092  __mspabi_slli_11        
0000d090  __mspabi_slli_12        
0000d08e  __mspabi_slli_13        
0000d08c  __mspabi_slli_14        
0000d08a  __mspabi_slli_15        
0000d0a4  __mspabi_slli_2         
0000d0a2  __mspabi_slli_3         
0000d0a0  __mspabi_slli_4         
0000d09e  __mspabi_slli_5         
0000d09c  __mspabi_slli_6         
0000d09a  __mspabi_slli_7         
0000d098  __mspabi_slli_8         
0000d096  __mspabi_slli_9         
0000cf28  __mspabi_slll_1         
0000cf04  __mspabi_slll_10        
0000cf00  __mspabi_slll_11        
0000cefc  __mspabi_slll_12        
0000cef8  __mspabi_slll_13        
0000cef4  __mspabi_slll_14        
0000cef0  __mspabi_slll_15        
0000cf24  __mspabi_slll_2         
0000cf20  __mspabi_slll_3         
0000cf1c  __mspabi_slll_4         
0000cf18  __mspabi_slll_5         
0000cf14  __mspabi_slll_6         
0000cf10  __mspabi_slll_7         
0000cf0c  __mspabi_slll_8         
0000cf08  __mspabi_slll_9         
0000d052  __mspabi_srai           
0000d07a  __mspabi_srai_1         
0000d068  __mspabi_srai_10        
0000d066  __mspabi_srai_11        
0000d064  __mspabi_srai_12        
0000d062  __mspabi_srai_13        
0000d060  __mspabi_srai_14        
0000d05e  __mspabi_srai_15        
0000d078  __mspabi_srai_2         
0000d076  __mspabi_srai_3         
0000d074  __mspabi_srai_4         
0000d072  __mspabi_srai_5         
0000d070  __mspabi_srai_6         
0000d06e  __mspabi_srai_7         
0000d06c  __mspabi_srai_8         
0000d06a  __mspabi_srai_9         
0000d2ce  __mspabi_sral           
0000ceea  __mspabi_sral_1         
0000cec6  __mspabi_sral_10        
0000cec2  __mspabi_sral_11        
0000cebe  __mspabi_sral_12        
0000ceba  __mspabi_sral_13        
0000ceb6  __mspabi_sral_14        
0000ceb2  __mspabi_sral_15        
0000cee6  __mspabi_sral_2         
0000cee2  __mspabi_sral_3         
0000cede  __mspabi_sral_4         
0000ceda  __mspabi_sral_5         
0000ced6  __mspabi_sral_6         
0000ced2  __mspabi_sral_7         
0000cece  __mspabi_sral_8         
0000ceca  __mspabi_sral_9         
0000cdda  __mspabi_srli           
0000ce20  __mspabi_srli_1         
0000cdfc  __mspabi_srli_10        
0000cdf8  __mspabi_srli_11        
0000cdf4  __mspabi_srli_12        
0000cdf0  __mspabi_srli_13        
0000cdec  __mspabi_srli_14        
0000cde8  __mspabi_srli_15        
0000ce1c  __mspabi_srli_2         
0000ce18  __mspabi_srli_3         
0000ce14  __mspabi_srli_4         
0000ce10  __mspabi_srli_5         
0000ce0c  __mspabi_srli_6         
0000ce08  __mspabi_srli_7         
0000ce04  __mspabi_srli_8         
0000ce00  __mspabi_srli_9         
0000d2aa  __mspabi_srll           
0000ccde  __mspabi_srll_1         
0000cca8  __mspabi_srll_10        
0000cca2  __mspabi_srll_11        
0000cc9c  __mspabi_srll_12        
0000cc96  __mspabi_srll_13        
0000cc90  __mspabi_srll_14        
0000cc8a  __mspabi_srll_15        
0000ccd8  __mspabi_srll_2         
0000ccd2  __mspabi_srll_3         
0000cccc  __mspabi_srll_4         
0000ccc6  __mspabi_srll_5         
0000ccc0  __mspabi_srll_6         
0000ccba  __mspabi_srll_7         
0000ccb4  __mspabi_srll_8         
0000ccae  __mspabi_srll_9         
0000cce6  _auto_init              
0000d23c  _c_int00_noargs_noexit  
0000fffe  _reset_vector           
000003b0  _stack                  
0000d316  _system_pre_init        
0000d31a  abort                   
000002d6  adc                     
ffffffff  binit                   
00000244  calc                    
0000c562  calculateArcHypXY       
0000c6c4  calculateArcHypZ        
000002b6  g1mSTimer               
000002b8  gButtonPresses          
00000288  gPushButton             
000002ba  index                   
0000c818  main                    
0000d2bc  memcpy                  
000002bc  myCalibrationState      
000002be  phi                     
0000cfca  startGame               
0000d31e  table                   
000002c2  testPattern             
000002c0  theta                   


GLOBAL SYMBOLS: SORTED BY Symbol Address 

address   name                    
-------   ----                    
00000000  IE1                     
00000001  IE2                     
00000002  IFG1                    
00000003  IFG2                    
00000010  P3REN                   
00000018  P3IN                    
00000019  P3OUT                   
0000001a  P3DIR                   
0000001b  P3SEL                   
00000020  P1IN                    
00000021  P1OUT                   
00000022  P1DIR                   
00000023  P1IFG                   
00000024  P1IES                   
00000025  P1IE                    
00000026  P1SEL                   
00000027  P1REN                   
00000028  P2IN                    
00000029  P2OUT                   
0000002a  P2DIR                   
0000002b  P2IFG                   
0000002c  P2IES                   
0000002d  P2IE                    
0000002e  P2SEL                   
0000002f  P2REN                   
00000041  P1SEL2                  
00000042  P2SEL2                  
00000043  P3SEL2                  
00000048  ADC10DTC0               
00000049  ADC10DTC1               
0000004a  ADC10AE0                
00000050  __STACK_SIZE            
00000053  BCSCTL3                 
00000056  DCOCTL                  
00000057  BCSCTL1                 
00000058  BCSCTL2                 
00000059  CACTL1                  
0000005a  CACTL2                  
0000005b  CAPD                    
0000005d  UCA0ABCTL               
0000005e  UCA0IRTCTL              
0000005f  UCA0IRRCTL              
00000060  UCA0CTL0                
00000061  UCA0CTL1                
00000062  UCA0BR0                 
00000063  UCA0BR1                 
00000064  UCA0MCTL                
00000065  UCA0STAT                
00000066  UCA0RXBUF               
00000067  UCA0TXBUF               
00000068  UCB0CTL0                
00000069  UCB0CTL1                
0000006a  UCB0BR0                 
0000006b  UCB0BR1                 
0000006c  UCB0I2CIE               
0000006d  UCB0STAT                
0000006e  UCB0RXBUF               
0000006f  UCB0TXBUF               
00000118  UCB0I2COA               
0000011a  UCB0I2CSA               
0000011e  TA1IV                   
00000120  WDTCTL                  
00000128  FCTL1                   
0000012a  FCTL2                   
0000012c  FCTL3                   
0000012e  TA0IV                   
00000160  TA0CTL                  
00000162  TA0CCTL0                
00000164  TA0CCTL1                
00000166  TA0CCTL2                
00000170  TA0R                    
00000172  TA0CCR0                 
00000174  TA0CCR1                 
00000176  TA0CCR2                 
00000180  TA1CTL                  
00000182  TA1CCTL0                
00000184  TA1CCTL1                
00000186  TA1CCTL2                
00000190  TA1R                    
00000192  TA1CCR0                 
00000194  TA1CCR1                 
00000196  TA1CCR2                 
000001b0  ADC10CTL0               
000001b2  ADC10CTL1               
000001b4  ADC10MEM                
000001bc  ADC10SA                 
00000200  GameObj                 
0000022c  LEDControl              
00000244  calc                    
00000258  XBuffer                 
00000268  YBuffer                 
00000278  ZBuffer                 
00000288  gPushButton             
00000296  TimeStamp               
00000298  X0                      
0000029a  XAvg                    
0000029c  XMax                    
0000029e  XMin                    
000002a0  XSum                    
000002a2  Y0                      
000002a4  YAvg                    
000002a6  YMax                    
000002a8  YMin                    
000002aa  YSum                    
000002ac  Z0                      
000002ae  ZAvg                    
000002b0  ZMax                    
000002b2  ZMin                    
000002b4  ZSum                    
000002b6  g1mSTimer               
000002b8  gButtonPresses          
000002ba  index                   
000002bc  myCalibrationState      
000002be  phi                     
000002c0  theta                   
000002c2  testPattern             
000002d6  adc                     
000002dc  X_Axis                  
000002de  Y_Axis                  
000002e0  Z_Axis                  
000003b0  _stack                  
00000400  __STACK_END             
000010c0  TLV_CHECKSUM            
000010da  TLV_ADC10_1_TAG         
000010db  TLV_ADC10_1_LEN         
000010f6  TLV_DCO_30_TAG          
000010f7  TLV_DCO_30_LEN          
000010f8  CALDCO_16MHZ            
000010f9  CALBC1_16MHZ            
000010fa  CALDCO_12MHZ            
000010fb  CALBC1_12MHZ            
000010fc  CALDCO_8MHZ             
000010fd  CALBC1_8MHZ             
000010fe  CALDCO_1MHZ             
000010ff  CALBC1_1MHZ             
0000c000  __TI_frcmpyd            
0000c2f4  __mspabi_mpyd           
0000c562  calculateArcHypXY       
0000c6c4  calculateArcHypZ        
0000c818  main                    
0000c91a  Debouncer               
0000c9bc  __mspabi_fltlid         
0000ca5e  BlinkLEDs               
0000cae8  __mspabi_fixdli         
0000cb5a  Filter                  
0000cc2c  DetermineDirection      
0000cc8a  __mspabi_srll_15        
0000cc90  __mspabi_srll_14        
0000cc96  __mspabi_srll_13        
0000cc9c  __mspabi_srll_12        
0000cca2  __mspabi_srll_11        
0000cca8  __mspabi_srll_10        
0000ccae  __mspabi_srll_9         
0000ccb4  __mspabi_srll_8         
0000ccba  __mspabi_srll_7         
0000ccc0  __mspabi_srll_6         
0000ccc6  __mspabi_srll_5         
0000cccc  __mspabi_srll_4         
0000ccd2  __mspabi_srll_3         
0000ccd8  __mspabi_srll_2         
0000ccde  __mspabi_srll_1         
0000cce6  _auto_init              
0000cd3e  IndicateLED             
0000cd8c  StartCalibration        
0000cdda  __mspabi_srli           
0000cde8  __mspabi_srli_15        
0000cdec  __mspabi_srli_14        
0000cdf0  __mspabi_srli_13        
0000cdf4  __mspabi_srli_12        
0000cdf8  __mspabi_srli_11        
0000cdfc  __mspabi_srli_10        
0000ce00  __mspabi_srli_9         
0000ce04  __mspabi_srli_8         
0000ce08  __mspabi_srli_7         
0000ce0c  __mspabi_srli_6         
0000ce10  __mspabi_srli_5         
0000ce14  __mspabi_srli_4         
0000ce18  __mspabi_srli_3         
0000ce1c  __mspabi_srli_2         
0000ce20  __mspabi_srli_1         
0000ce26  StoreValue              
0000ce6e  LightLEDsByDirection    
0000ceb2  __mspabi_sral_15        
0000ceb6  __mspabi_sral_14        
0000ceba  __mspabi_sral_13        
0000cebe  __mspabi_sral_12        
0000cec2  __mspabi_sral_11        
0000cec6  __mspabi_sral_10        
0000ceca  __mspabi_sral_9         
0000cece  __mspabi_sral_8         
0000ced2  __mspabi_sral_7         
0000ced6  __mspabi_sral_6         
0000ceda  __mspabi_sral_5         
0000cede  __mspabi_sral_4         
0000cee2  __mspabi_sral_3         
0000cee6  __mspabi_sral_2         
0000ceea  __mspabi_sral_1         
0000cef0  __mspabi_slll_15        
0000cef4  __mspabi_slll_14        
0000cef8  __mspabi_slll_13        
0000cefc  __mspabi_slll_12        
0000cf00  __mspabi_slll_11        
0000cf04  __mspabi_slll_10        
0000cf08  __mspabi_slll_9         
0000cf0c  __mspabi_slll_8         
0000cf10  __mspabi_slll_7         
0000cf14  __mspabi_slll_6         
0000cf18  __mspabi_slll_5         
0000cf1c  __mspabi_slll_4         
0000cf20  __mspabi_slll_3         
0000cf24  __mspabi_slll_2         
0000cf28  __mspabi_slll_1         
0000cf2e  GetNextCalibrationState 
0000cf66  Send8Bits               
0000cf9a  ReadADC                 
0000cfca  startGame               
0000cffa  CalculateZeros          
0000d026  ComputeAverage          
0000d052  __mspabi_srai           
0000d05e  __mspabi_srai_15        
0000d060  __mspabi_srai_14        
0000d062  __mspabi_srai_13        
0000d064  __mspabi_srai_12        
0000d066  __mspabi_srai_11        
0000d068  __mspabi_srai_10        
0000d06a  __mspabi_srai_9         
0000d06c  __mspabi_srai_8         
0000d06e  __mspabi_srai_7         
0000d070  __mspabi_srai_6         
0000d072  __mspabi_srai_5         
0000d074  __mspabi_srai_4         
0000d076  __mspabi_srai_3         
0000d078  __mspabi_srai_2         
0000d07a  __mspabi_srai_1         
0000d07e  __mspabi_slli           
0000d08a  __mspabi_slli_15        
0000d08c  __mspabi_slli_14        
0000d08e  __mspabi_slli_13        
0000d090  __mspabi_slli_12        
0000d092  __mspabi_slli_11        
0000d094  __mspabi_slli_10        
0000d096  __mspabi_slli_9         
0000d098  __mspabi_slli_8         
0000d09a  __mspabi_slli_7         
0000d09c  __mspabi_slli_6         
0000d09e  __mspabi_slli_5         
0000d0a0  __mspabi_slli_4         
0000d0a2  __mspabi_slli_3         
0000d0a4  __mspabi_slli_2         
0000d0a6  __mspabi_slli_1         
0000d0aa  InitTimerSystem         
0000d0d2  ConfigureADC            
0000d0f8  InitializeVariables     
0000d11e  __mspabi_mpyl           
0000d11e  __mspabi_mpyl_sw        
0000d144  InitializeHardware      
0000d168  CheckDebounceTime       
0000d18a  InitLEDState            
0000d1ac  TimerA0_routine         
0000d1ce  InitPorts               
0000d1ec  GetSwitch               
0000d208  WaitHighButton          
0000d222  WaitLowButton           
0000d23c  _c_int00_noargs_noexit  
0000d256  SetAllLEDs              
0000d26e  InitLEDDisplay          
0000d284  __TI_zero_init          
0000d298  __TI_decompress_none    
0000d2aa  __mspabi_srll           
0000d2bc  memcpy                  
0000d2ce  __mspabi_sral           
0000d2de  __mspabi_func_epilog_7  
0000d2e0  __mspabi_func_epilog_6  
0000d2e2  __mspabi_func_epilog_5  
0000d2e4  __mspabi_func_epilog_4  
0000d2e6  __mspabi_func_epilog_3  
0000d2e8  __mspabi_func_epilog_2  
0000d2ea  __mspabi_func_epilog_1  
0000d2ee  LightLED                
0000d2fc  TimerA1_routine         
0000d30a  __TI_ISR_TRAP           
0000d310  __TI_decompress_rle24   
0000d316  _system_pre_init        
0000d31a  C$$EXIT                 
0000d31a  abort                   
0000d31e  table                   
0000d35a  __TI_Handler_Table_Base 
0000d360  __TI_Handler_Table_Limit
0000d364  __TI_CINIT_Base         
0000d36c  __TI_CINIT_Limit        
0000ffe0  __TI_int00              
0000ffe4  __TI_int02              
0000ffe6  __TI_int03              
0000ffea  __TI_int05              
0000ffec  __TI_int06              
0000ffee  __TI_int07              
0000fff0  __TI_int08              
0000fff2  __TI_int09              
0000fff4  __TI_int10              
0000fff6  __TI_int11              
0000fff8  __TI_int12              
0000fffa  __TI_int13              
0000fffc  __TI_int14              
0000fffe  _reset_vector           
ffffffff  __binit__               
ffffffff  __c_args__              
ffffffff  binit                   
UNDEFED   __TI_INITARRAY_Base     
UNDEFED   __TI_INITARRAY_Limit    

[309 symbols]
